Archive member included to satisfy reference by file (symbol)

/Applications/ArmGNUToolchain/11.3.rel1/arm-none-eabi/bin/../lib/gcc/arm-none-eabi/11.3.1/thumb/v7e-m+fp/softfp/libgcc.a(_popcountsi2.o)
                              build_gd32/lib/networkdisplay.o (__popcountsi2)
../lib-c/lib_gd32/libc.a(printf.o)
                              build_gd32/firmware/main.o (vsnprintf)
/Applications/ArmGNUToolchain/11.3.rel1/arm-none-eabi/bin/../lib/gcc/arm-none-eabi/11.3.1/thumb/v7e-m+fp/softfp/libgcc.a(_aeabi_uldivmod.o)
                              ../lib-c/lib_gd32/libc.a(printf.o) (__aeabi_uldivmod)
/Applications/ArmGNUToolchain/11.3.rel1/arm-none-eabi/bin/../lib/gcc/arm-none-eabi/11.3.1/thumb/v7e-m+fp/softfp/libgcc.a(_udivmoddi4.o)
                              /Applications/ArmGNUToolchain/11.3.rel1/arm-none-eabi/bin/../lib/gcc/arm-none-eabi/11.3.1/thumb/v7e-m+fp/softfp/libgcc.a(_aeabi_uldivmod.o) (__udivmoddi4)
/Applications/ArmGNUToolchain/11.3.rel1/arm-none-eabi/bin/../lib/gcc/arm-none-eabi/11.3.1/thumb/v7e-m+fp/softfp/libgcc.a(_dvmd_tls.o)
                              /Applications/ArmGNUToolchain/11.3.rel1/arm-none-eabi/bin/../lib/gcc/arm-none-eabi/11.3.1/thumb/v7e-m+fp/softfp/libgcc.a(_aeabi_uldivmod.o) (__aeabi_ldiv0)
../lib-remoteconfig/lib_gd32/libremoteconfig.a(remoteconfig.o)
                              build_gd32/firmware/main.o (RemoteConfig::RemoteConfig(remoteconfig::Node, remoteconfig::Output, unsigned int))
../lib-remoteconfig/lib_gd32/libremoteconfig.a(remoteconfigfactory.o)
                              ../lib-remoteconfig/lib_gd32/libremoteconfig.a(remoteconfig.o) (RemoteConfig::HandleFactory())
../lib-remoteconfig/lib_gd32/libremoteconfig.a(remoteconfigparams.o)
                              build_gd32/firmware/main.o (RemoteConfigParams::RemoteConfigParams(RemoteConfigParamsStore*))
../lib-remoteconfig/lib_gd32/libremoteconfig.a(remoteconfigreboot.o)
                              ../lib-remoteconfig/lib_gd32/libremoteconfig.a(remoteconfig.o) (RemoteConfig::HandleReboot())
../lib-remoteconfig/lib_gd32/libremoteconfig.a(remoteconfigstatic.o)
                              ../lib-remoteconfig/lib_gd32/libremoteconfig.a(remoteconfig.o) (RemoteConfig::GetIndex(void const*, unsigned int&))
../lib-remoteconfig/lib_gd32/libremoteconfig.a(tftpfileserver.o)
                              ../lib-remoteconfig/lib_gd32/libremoteconfig.a(remoteconfig.o) (TFTPFileServer::TFTPFileServer(unsigned char*, unsigned int))
../lib-remoteconfig/lib_gd32/libremoteconfig.a(remoteconfigconst.o)
                              ../lib-remoteconfig/lib_gd32/libremoteconfig.a(remoteconfigparams.o) (RemoteConfigConst::PARAMS_DISPLAY_NAME)
../lib-remoteconfig/lib_gd32/libremoteconfig.a(tftpfileserver.o)
                              ../lib-remoteconfig/lib_gd32/libremoteconfig.a(tftpfileserver.o) (tftpfileserver::is_valid(void const*))
../lib-flashcodeinstall/lib_gd32/libflashcodeinstall.a(flashcodeinstall.o)
                              ../lib-remoteconfig/lib_gd32/libremoteconfig.a(remoteconfig.o) (FlashCodeInstall::WriteFirmware(unsigned char const*, unsigned int))
../lib-flashcodeinstall/lib_gd32/libflashcodeinstall.a(flashcodeinstall.o)
                              build_gd32/firmware/main.o (FlashCodeInstall::FlashCodeInstall())
../lib-configstore/lib_gd32/libconfigstore.a(configstore.o)
                              build_gd32/firmware/main.o (ConfigStore::ConfigStore())
../lib-configstore/lib_gd32/libconfigstore.a(storenetwork.o)
                              build_gd32/firmware/main.o (StoreNetwork::StoreNetwork())
../lib-configstore/lib_gd32/libconfigstore.a(storeremoteconfig.o)
                              build_gd32/firmware/main.o (StoreRemoteConfig::StoreRemoteConfig())
../lib-configstore/lib_gd32/libconfigstore.a(storedevice.o)
                              ../lib-configstore/lib_gd32/libconfigstore.a(configstore.o) (StoreDevice::StoreDevice())
../lib-display/lib_gd32/libdisplay.a(display.o)
                              build_gd32/firmware/main.o (Display::Display(unsigned int))
../lib-display/lib_gd32/libdisplay.a(ssd1306.o)
                              ../lib-display/lib_gd32/libdisplay.a(display.o) (Ssd1306::Ssd1306(TOledPanel))
../lib-display/lib_gd32/libdisplay.a(display_timeout.o)
                              ../lib-display/lib_gd32/libdisplay.a(display.o) (display::timeout::gpio_init())
../lib-flashcode/lib_gd32/libflashcode.a(flashcode.o)
                              ../lib-flashcodeinstall/lib_gd32/libflashcodeinstall.a(flashcodeinstall.o) (FlashCode::FlashCode())
../lib-flashcode/lib_gd32/libflashcode.a(flashcode.o)
                              ../lib-flashcodeinstall/lib_gd32/libflashcodeinstall.a(flashcodeinstall.o) (FlashCode::GetSize() const)
../lib-flashcode/lib_gd32/libflashcode.a(fmc_operation.o)
                              ../lib-flashcode/lib_gd32/libflashcode.a(flashcode.o) (fmc_sector_info_get(unsigned int))
../lib-network/lib_gd32/libnetwork.a(net.o)
[...]
Memory Configuration

Name             Origin             Length             Attributes
FLASH            0x0000000008000000 0x0000000000008000 xr
TCMSRAM          0x0000000010000000 0x0000000000010000 rw
RAM              0x0000000020000000 0x0000000000020000 xrw
RAMADD           0x0000000020030000 0x0000000000000000 xrw
BKPSRAM          0x0000000040024000 0x0000000000001000 rw
*default*        0x0000000000000000 0xffffffffffffffff

Linker script and memory map

LOAD build_gd32/startup_gd32f407.o
LOAD build_gd32/firmware/main.o
LOAD build_gd32/lib/networkdisplay.o
LOAD build_gd32/lib/ntpclientdisplay.o
                0x000000000001ac00                __heap_size = DEFINED (__heap_size)?__heap_size:0x1ac00
                0x0000000000000400                __stack_size = DEFINED (__stack_size)?__stack_size:0x400

.vectors        0x0000000008000000      0x188
                0x0000000008000000                . = ALIGN (0x4)
 *(.vectors)
 .vectors       0x0000000008000000      0x188 build_gd32/startup_gd32f407.o
                0x0000000008000000                __gVectors
                0x0000000008000188                . = ALIGN (0x4)
                0x0000000008000188                __Vectors_End = .
                0x0000000008000188                __Vectors_Size = (__Vectors_End - __gVectors)

.text           0x0000000008000188     0x6048
                0x0000000008000188                . = ALIGN (0x4)
 *(.text.unlikely*)
 .text.unlikely.net_init
                0x0000000008000188       0x98 ../lib-network/lib_gd32/libnetwork.a(net.o)
                0x0000000008000188                net_init
 .text.unlikely.net_shutdown
                0x0000000008000220       0x1c ../lib-network/lib_gd32/libnetwork.a(net.o)
                0x0000000008000220                net_shutdown
 .text.unlikely.rfc3927_init
                0x000000000800023c       0x18 ../lib-network/lib_gd32/libnetwork.a(rfc3927.o)
                0x000000000800023c                rfc3927_init
 .text.unlikely.tcp_init
                0x0000000008000254       0x44 ../lib-network/lib_gd32/libnetwork.a(tcp.o)
                0x0000000008000254                tcp_init
 .text.unlikely.udp_init
                0x0000000008000298       0x50 ../lib-network/lib_gd32/libnetwork.a(udp.o)
                0x0000000008000298                udp_init
 .text.unlikely.udp_shutdown
                0x00000000080002e8        0x2 ../lib-network/lib_gd32/libnetwork.a(udp.o)
                0x00000000080002e8                udp_shutdown
 *fill*         0x00000000080002ea        0x2 
 .text.unlikely.arp_init
                0x00000000080002ec       0xf8 ../lib-network/lib_gd32/libnetwork.a(arp.o)
                0x00000000080002ec                arp_init
 .text.unlikely.arp_cache_init
                0x00000000080003e4       0x30 ../lib-network/lib_gd32/libnetwork.a(arp_cache.o)
                0x00000000080003e4                arp_cache_init
 .text.unlikely.igmp_init
                0x0000000008000414       0xa8 ../lib-network/lib_gd32/libnetwork.a(igmp.o)
                0x0000000008000414                igmp_init
 .text.unlikely.igmp_shutdown
                0x00000000080004bc       0x1c ../lib-network/lib_gd32/libnetwork.a(igmp.o)
                0x00000000080004bc                igmp_shutdown
 .text.unlikely.ip_init
                0x00000000080004d8       0x16 ../lib-network/lib_gd32/libnetwork.a(ip.o)
                0x00000000080004d8                ip_init
 .text.unlikely.ip_shutdown
                0x00000000080004ee        0xe ../lib-network/lib_gd32/libnetwork.a(ip.o)
                0x00000000080004ee                ip_shutdown
 .text.unlikely.console_init
                0x00000000080004fc       0x20 ../lib-hal/lib_gd32/libhal.a(console_uart0.o)
                0x00000000080004fc                console_init
 *(.text.hot*)
 .text.hot.net_handle
                0x000000000800051c       0x38 ../lib-network/lib_gd32/libnetwork.a(net.o)
                0x000000000800051c                net_handle
 .text.hot.udp_handle
                0x0000000008000554       0xac ../lib-network/lib_gd32/libnetwork.a(udp.o)
                0x0000000008000554                udp_handle
 .text.hot.arp_handle
                0x0000000008000600       0x18 ../lib-network/lib_gd32/libnetwork.a(arp.o)
                0x0000000008000600                arp_handle
 .text.hot.igmp_handle
                0x0000000008000618       0x9c ../lib-network/lib_gd32/libnetwork.a(igmp.o)
                0x0000000008000618                igmp_handle
 .text.hot.ip_handle
                0x00000000080006b4       0x26 ../lib-network/lib_gd32/libnetwork.a(ip.o)
                0x00000000080006b4                ip_handle
 *fill*         0x00000000080006da        0x2 
 .text.hot.icmp_handle
                0x00000000080006dc       0x98 ../lib-network/lib_gd32/libnetwork.a(icmp.o)
                0x00000000080006dc                icmp_handle
 *(.text)
 .text          0x0000000008000774       0x58 build_gd32/startup_gd32f407.o
                0x0000000008000788                Reset_Handler
 .text          0x00000000080007cc       0x30 /Applications/ArmGNUToolchain/11.3.rel1/arm-none-eabi/bin/../lib/gcc/arm-none-eabi/11.3.1/thumb/v7e-m+fp/softfp/libgcc.a(_aeabi_uldivmod.o)
                0x00000000080007cc                __aeabi_uldivmod
 .text          0x00000000080007fc        0x4 /Applications/ArmGNUToolchain/11.3.rel1/arm-none-eabi/bin/../lib/gcc/arm-none-eabi/11.3.1/thumb/v7e-m+fp/softfp/libgcc.a(_dvmd_tls.o)
                0x00000000080007fc                __aeabi_ldiv0
                0x00000000080007fc                __aeabi_idiv0
 *(.text*)
 .text.Default_Handler
                0x0000000008000800        0x2 build_gd32/startup_gd32f407.o
                0x0000000008000800                USBHS_EP1_Out_IRQHandler
                0x0000000008000800                EXTI2_IRQHandler
                0x0000000008000800                TIMER2_IRQHandler
                0x0000000008000800                DebugMon_Handler
                0x0000000008000800                LVD_IRQHandler
                0x0000000008000800                CAN1_EWMC_IRQHandler
                0x0000000008000800                HardFault_Handler
                0x0000000008000800                TIMER7_UP_TIMER12_IRQHandler
                0x0000000008000800                SDIO_IRQHandler
                0x0000000008000800                PendSV_Handler
                0x0000000008000800                NMI_Handler
                0x0000000008000800                EXTI3_IRQHandler
                0x0000000008000800                DCI_IRQHandler
                0x0000000008000800                USBFS_WKUP_IRQHandler
                0x0000000008000800                USBHS_IRQHandler
                0x0000000008000800                TIMER5_DAC_IRQHandler
                0x0000000008000800                TIMER0_TRG_CMT_TIMER10_IRQHandler
                0x0000000008000800                USBFS_IRQHandler
                0x0000000008000800                TIMER3_IRQHandler
                0x0000000008000800                DMA0_Channel6_IRQHandler
                0x0000000008000800                I2C0_EV_IRQHandler
                0x0000000008000800                EXTI0_IRQHandler
                0x0000000008000800                I2C2_EV_IRQHandler
                0x0000000008000800                CAN1_RX0_IRQHandler
                0x0000000008000800                FPU_IRQHandler
                0x0000000008000800                TIMER7_TRG_CMT_TIMER13_IRQHandler
                0x0000000008000800                UsageFault_Handler
                0x0000000008000800                TIMER4_IRQHandler
                0x0000000008000800                SPI1_IRQHandler
                0x0000000008000800                DMA0_Channel0_IRQHandler
                0x0000000008000800                USART5_IRQHandler
                0x0000000008000800                TIMER0_BRK_TIMER8_IRQHandler
                0x0000000008000800                DMA1_Channel0_IRQHandler
                0x0000000008000800                TIMER7_BRK_TIMER11_IRQHandler
                0x0000000008000800                TIMER6_IRQHandler
                0x0000000008000800                DMA1_Channel4_IRQHandler
                0x0000000008000800                DMA0_Channel3_IRQHandler
                0x0000000008000800                I2C0_ER_IRQHandler
                0x0000000008000800                TIMER0_UP_TIMER9_IRQHandler
                0x0000000008000800                DMA1_Channel7_IRQHandler
                0x0000000008000800                CAN1_RX1_IRQHandler
                0x0000000008000800                DMA0_Channel2_IRQHandler
                0x0000000008000800                TIMER1_IRQHandler
                0x0000000008000800                I2C1_EV_IRQHandler
                0x0000000008000800                DMA1_Channel6_IRQHandler
                0x0000000008000800                UART4_IRQHandler
                0x0000000008000800                EXTI10_15_IRQHandler
                0x0000000008000800                DMA1_Channel1_IRQHandler
                0x0000000008000800                Default_Handler
                0x0000000008000800                TIMER7_Channel_IRQHandler
                0x0000000008000800                DMA0_Channel7_IRQHandler
                0x0000000008000800                ADC_IRQHandler
                0x0000000008000800                CAN0_TX_IRQHandler
                0x0000000008000800                WWDGT_IRQHandler
                0x0000000008000800                EXMC_IRQHandler
                0x0000000008000800                TAMPER_STAMP_IRQHandler
                0x0000000008000800                RTC_WKUP_IRQHandler
                0x0000000008000800                SPI2_IRQHandler
                0x0000000008000800                MemManage_Handler
                0x0000000008000800                CAN1_TX_IRQHandler
                0x0000000008000800                SVC_Handler
                0x0000000008000800                RCU_CTC_IRQHandler
                0x0000000008000800                DMA1_Channel5_IRQHandler
                0x0000000008000800                EXTI4_IRQHandler
                0x0000000008000800                CAN0_RX1_IRQHandler
                0x0000000008000800                DMA0_Channel5_IRQHandler
                0x0000000008000800                DMA1_Channel3_IRQHandler
                0x0000000008000800                EXTI5_9_IRQHandler
                0x0000000008000800                DMA0_Channel1_IRQHandler
                0x0000000008000800                TIMER0_Channel_IRQHandler
                0x0000000008000800                EXTI1_IRQHandler
                0x0000000008000800                ENET_WKUP_IRQHandler
                0x0000000008000800                USBHS_EP1_In_IRQHandler
                0x0000000008000800                SPI0_IRQHandler
                0x0000000008000800                USART2_IRQHandler
                0x0000000008000800                CAN0_EWMC_IRQHandler
                0x0000000008000800                CAN0_RX0_IRQHandler
                0x0000000008000800                I2C2_ER_IRQHandler
                0x0000000008000800                DMA1_Channel2_IRQHandler
                0x0000000008000800                BusFault_Handler
                0x0000000008000800                USART1_IRQHandler
                0x0000000008000800                UART3_IRQHandler
                0x0000000008000800                I2C1_ER_IRQHandler
                0x0000000008000800                FMC_IRQHandler
                0x0000000008000800                USBHS_WKUP_IRQHandler
                0x0000000008000800                DMA0_Channel4_IRQHandler
                0x0000000008000800                TRNG_IRQHandler
                0x0000000008000800                ENET_IRQHandler
                0x0000000008000800                RTC_Alarm_IRQHandler
 .text._ZN7Display6PrintfEhPKcz
                0x0000000008000802       0x38 build_gd32/firmware/main.o
                0x0000000008000802                Display::Printf(unsigned char, char const*, ...)
 .text._ZN8Hardware13RebootHandlerEv
                0x000000000800083a        0x2 build_gd32/firmware/main.o
                0x000000000800083a                Hardware::RebootHandler()
 .text.startup.main
                0x000000000800083c      0x1d8 build_gd32/firmware/main.o
                0x000000000800083c                main
 .text._ZN7Display9PutStringEPKc.isra.0
                0x0000000008000a14        0xa build_gd32/lib/networkdisplay.o
 .text._ZN7Display9ClearLineEh.isra.0
                0x0000000008000a1e        0xa build_gd32/lib/networkdisplay.o
 .text._ZN7Display6StatusE22Display7SegmentMessage
                0x0000000008000a28       0x34 build_gd32/lib/networkdisplay.o
                0x0000000008000a28                Display::Status(Display7SegmentMessage)
 .text._ZN14NetworkDisplay13ShowEmacStartEv
                0x0000000008000a5c       0x24 build_gd32/lib/networkdisplay.o
                0x0000000008000a5c                NetworkDisplay::ShowEmacStart()
 .text._ZN14NetworkDisplay6ShowIpEv
                0x0000000008000a80       0x68 build_gd32/lib/networkdisplay.o
                0x0000000008000a80                NetworkDisplay::ShowIp()
 .text._ZN14NetworkDisplay12ShowShutdownEv
                0x0000000008000ae8       0x24 build_gd32/lib/networkdisplay.o
                0x0000000008000ae8                NetworkDisplay::ShowShutdown()
 .text._ZN14NetworkDisplay14ShowDhcpStatusEN7network4dhcp12ClientStatusE
                0x0000000008000b0c       0x70 build_gd32/lib/networkdisplay.o
                0x0000000008000b0c                NetworkDisplay::ShowDhcpStatus(network::dhcp::ClientStatus)
 .text.__popcountsi2
                0x0000000008000b7c       0x28 /Applications/ArmGNUToolchain/11.3.rel1/arm-none-eabi/bin/../lib/gcc/arm-none-eabi/11.3.1/thumb/v7e-m+fp/softfp/libgcc.a(_popcountsi2.o)
                0x0000000008000b7c                __popcountsi2
 .text._xputch  0x0000000008000ba4       0x30 ../lib-c/lib_gd32/libc.a(printf.o)
 .text._format_int
                0x0000000008000bd4       0xd4 ../lib-c/lib_gd32/libc.a(printf.o)
 .text._format_hex
                0x0000000008000ca8       0xba ../lib-c/lib_gd32/libc.a(printf.o)
 *fill*         0x0000000008000d62        0x2 
 .text._vprintf
                0x0000000008000d64      0x234 ../lib-c/lib_gd32/libc.a(printf.o)
 .text.printf   0x0000000008000f98       0x1e ../lib-c/lib_gd32/libc.a(printf.o)
                0x0000000008000f98                printf
 *fill*         0x0000000008000fb6        0x2 
 .text.snprintf
                0x0000000008000fb8       0x30 ../lib-c/lib_gd32/libc.a(printf.o)
                0x0000000008000fb8                snprintf
 .text.vsnprintf
                0x0000000008000fe8       0x20 ../lib-c/lib_gd32/libc.a(printf.o)
                0x0000000008000fe8                vsnprintf
 .text.__udivmoddi4
                0x0000000008001008      0x2c8 /Applications/ArmGNUToolchain/11.3.rel1/arm-none-eabi/bin/../lib/gcc/arm-none-eabi/11.3.1/thumb/v7e-m+fp/softfp/libgcc.a(_udivmoddi4.o)
                0x0000000008001008                __udivmoddi4
 .text._ZN12RemoteConfig10HandleListEv
                0x00000000080012d0       0xd0 ../lib-remoteconfig/lib_gd32/libremoteconfig.a(remoteconfig.o)
                0x00000000080012d0                RemoteConfig::HandleList()
 .text._ZN12RemoteConfig13HandleTftpGetEv
                0x00000000080013a0       0x50 ../lib-remoteconfig/lib_gd32/libremoteconfig.a(remoteconfig.o)
                0x00000000080013a0                RemoteConfig::HandleTftpGet()
 .text._ZN12RemoteConfig13HandleVersionEv
                0x00000000080013f0       0x40 ../lib-remoteconfig/lib_gd32/libremoteconfig.a(remoteconfig.o)
                0x00000000080013f0                RemoteConfig::HandleVersion()
 .text._ZN12RemoteConfig12HandleUptimeEv
                0x0000000008001430       0x4c ../lib-remoteconfig/lib_gd32/libremoteconfig.a(remoteconfig.o)
                0x0000000008001430                RemoteConfig::HandleUptime()
 .text._ZN7Display10TextStatusEPKc
                0x000000000800147c       0x7a ../lib-remoteconfig/lib_gd32/libremoteconfig.a(remoteconfig.o)
                0x000000000800147c                Display::TextStatus(char const*)
 .text._ZN7Display10TextStatusEPKc22Display7SegmentMessagej
                0x00000000080014f6       0x50 ../lib-remoteconfig/lib_gd32/libremoteconfig.a(remoteconfig.o)
                0x00000000080014f6                Display::TextStatus(char const*, Display7SegmentMessage, unsigned int)
 *fill*         0x0000000008001546        0x2 
 .text._ZN12RemoteConfig13HandleTftpSetEv
                0x0000000008001548      0x118 ../lib-remoteconfig/lib_gd32/libremoteconfig.a(remoteconfig.o)
                0x0000000008001548                RemoteConfig::HandleTftpSet()
 .text._ZN12RemoteConfigC2EN12remoteconfig4NodeENS0_6OutputEj
                0x0000000008001660       0x6c ../lib-remoteconfig/lib_gd32/libremoteconfig.a(remoteconfig.o)
                0x0000000008001660                RemoteConfig::RemoteConfig(remoteconfig::Node, remoteconfig::Output, unsigned int)
                0x0000000008001660                RemoteConfig::RemoteConfig(remoteconfig::Node, remoteconfig::Output, unsigned int)
 .text._ZN12RemoteConfig10SetDisableEb
                0x00000000080016cc       0x40 ../lib-remoteconfig/lib_gd32/libremoteconfig.a(remoteconfig.o)
                0x00000000080016cc                RemoteConfig::SetDisable(bool)
 .text._ZN12RemoteConfig14SetDisplayNameEPKc
                0x000000000800170c       0x30 ../lib-remoteconfig/lib_gd32/libremoteconfig.a(remoteconfig.o)
                0x000000000800170c                RemoteConfig::SetDisplayName(char const*)
 .text._ZN12RemoteConfig3RunEv
                0x000000000800173c      0x118 ../lib-remoteconfig/lib_gd32/libremoteconfig.a(remoteconfig.o)
                0x000000000800173c                RemoteConfig::Run()
 .text._ZN12RemoteConfig8TftpExitEv
                0x0000000008001854       0x14 ../lib-remoteconfig/lib_gd32/libremoteconfig.a(remoteconfig.o)
                0x0000000008001854                RemoteConfig::TftpExit()
 .text._ZN12RemoteConfig13HandleFactoryEv
                0x0000000008001868       0x1c ../lib-remoteconfig/lib_gd32/libremoteconfig.a(remoteconfigfactory.o)
                0x0000000008001868                RemoteConfig::HandleFactory()
 .text._ZN18RemoteConfigParamsC2EP23RemoteConfigParamsStore
                0x0000000008001884       0x14 ../lib-remoteconfig/lib_gd32/libremoteconfig.a(remoteconfigparams.o)
                0x0000000008001884                RemoteConfigParams::RemoteConfigParams(RemoteConfigParamsStore*)
                0x0000000008001884                RemoteConfigParams::RemoteConfigParams(RemoteConfigParamsStore*)
 .text._ZN18RemoteConfigParams4LoadEv
                0x0000000008001898       0x18 ../lib-remoteconfig/lib_gd32/libremoteconfig.a(remoteconfigparams.o)
                0x0000000008001898                RemoteConfigParams::Load()
 .text._ZN18RemoteConfigParams3SetEP12RemoteConfig
                0x00000000080018b0       0x40 ../lib-remoteconfig/lib_gd32/libremoteconfig.a(remoteconfigparams.o)
                0x00000000080018b0                RemoteConfigParams::Set(RemoteConfig*)
 .text._ZN12RemoteConfig12HandleRebootEv
                0x00000000080018f0       0xa4 ../lib-remoteconfig/lib_gd32/libremoteconfig.a(remoteconfigreboot.o)
                0x00000000080018f0                RemoteConfig::HandleReboot()
 .text._ZN14TFTPFileServer8FileOpenEPKc8TFTPMode
                0x0000000008001994        0x4 ../lib-remoteconfig/lib_gd32/libremoteconfig.a(tftpfileserver.o)
                0x0000000008001994                TFTPFileServer::FileOpen(char const*, TFTPMode)
 .text._ZN14TFTPFileServer8FileReadEPvjj
                0x0000000008001998        0x4 ../lib-remoteconfig/lib_gd32/libremoteconfig.a(tftpfileserver.o)
                0x0000000008001998                TFTPFileServer::FileRead(void*, unsigned int, unsigned int)
 .text._ZN14TFTPFileServer4ExitEv
                0x000000000800199c        0xc ../lib-remoteconfig/lib_gd32/libremoteconfig.a(tftpfileserver.o)
                0x000000000800199c                TFTPFileServer::Exit()
 .text._ZN14TFTPFileServerD2Ev
                0x00000000080019a8       0x14 ../lib-remoteconfig/lib_gd32/libremoteconfig.a(tftpfileserver.o)
                0x00000000080019a8                TFTPFileServer::~TFTPFileServer()
                0x00000000080019a8                TFTPFileServer::~TFTPFileServer()
 .text._ZN14TFTPFileServerD0Ev
                0x00000000080019bc       0x12 ../lib-remoteconfig/lib_gd32/libremoteconfig.a(tftpfileserver.o)
                0x00000000080019bc                TFTPFileServer::~TFTPFileServer()
 .text._ZN14TFTPFileServer9FileWriteEPKvjj
                0x00000000080019ce       0x5a ../lib-remoteconfig/lib_gd32/libremoteconfig.a(tftpfileserver.o)
                0x00000000080019ce                TFTPFileServer::FileWrite(void const*, unsigned int, unsigned int)
 .text._ZN14TFTPFileServer9FileCloseEv
                0x0000000008001a28       0x38 ../lib-remoteconfig/lib_gd32/libremoteconfig.a(tftpfileserver.o)
                0x0000000008001a28                TFTPFileServer::FileClose()
 .text._ZN14TFTPFileServer10FileCreateEPKc8TFTPMode
                0x0000000008001a60       0x5c ../lib-remoteconfig/lib_gd32/libremoteconfig.a(tftpfileserver.o)
                0x0000000008001a60                TFTPFileServer::FileCreate(char const*, TFTPMode)
 .text._ZN14TFTPFileServerC2EPhj
                0x0000000008001abc       0x28 ../lib-remoteconfig/lib_gd32/libremoteconfig.a(tftpfileserver.o)
                0x0000000008001abc                TFTPFileServer::TFTPFileServer(unsigned char*, unsigned int)
                0x0000000008001abc                TFTPFileServer::TFTPFileServer(unsigned char*, unsigned int)
 .text._ZN14tftpfileserver8is_validEPKv
                0x0000000008001ae4        0x4 ../lib-remoteconfig/lib_gd32/libremoteconfig.a(tftpfileserver.o)
                0x0000000008001ae4                tftpfileserver::is_valid(void const*)
 .text._ZN16FlashCodeInstall13WriteFirmwareEPKhj
                0x0000000008001ae8      0x114 ../lib-flashcodeinstall/lib_gd32/libflashcodeinstall.a(flashcodeinstall.o)
                0x0000000008001ae8                FlashCodeInstall::WriteFirmware(unsigned char const*, unsigned int)
 .text._ZN16FlashCodeInstallC2Ev
                0x0000000008001bfc       0x8c ../lib-flashcodeinstall/lib_gd32/libflashcodeinstall.a(flashcodeinstall.o)
                0x0000000008001bfc                FlashCodeInstall::FlashCodeInstall()
                0x0000000008001bfc                FlashCodeInstall::FlashCodeInstall()
 .text._ZN11ConfigStore14GetStoreOffsetEN11configstore5StoreE
                0x0000000008001c88       0x1c ../lib-configstore/lib_gd32/libconfigstore.a(configstore.o)
                0x0000000008001c88                ConfigStore::GetStoreOffset(configstore::Store)
 .text._ZN11ConfigStore4InitEv
                0x0000000008001ca4      0x124 ../lib-configstore/lib_gd32/libconfigstore.a(configstore.o)
                0x0000000008001ca4                ConfigStore::Init()
 .text._ZN11ConfigStoreC2Ev
                0x0000000008001dc8       0x48 ../lib-configstore/lib_gd32/libconfigstore.a(configstore.o)
                0x0000000008001dc8                ConfigStore::ConfigStore()
                0x0000000008001dc8                ConfigStore::ConfigStore()
 .text._ZN11ConfigStore12ResetSetListEN11configstore5StoreE
                0x0000000008001e10       0x24 ../lib-configstore/lib_gd32/libconfigstore.a(configstore.o)
                0x0000000008001e10                ConfigStore::ResetSetList(configstore::Store)
 .text._ZN11ConfigStore6UpdateEN11configstore5StoreEjPKvjjj
                0x0000000008001e34       0x80 ../lib-configstore/lib_gd32/libconfigstore.a(configstore.o)
                0x0000000008001e34                ConfigStore::Update(configstore::Store, unsigned int, void const*, unsigned int, unsigned int, unsigned int)
 .text._ZN11ConfigStore4CopyEN11configstore5StoreEPvjjb
                0x0000000008001eb4       0x64 ../lib-configstore/lib_gd32/libconfigstore.a(configstore.o)
                0x0000000008001eb4                ConfigStore::Copy(configstore::Store, void*, unsigned int, unsigned int, bool)
 .text._ZN11ConfigStore5FlashEv
                0x0000000008001f18       0xac ../lib-configstore/lib_gd32/libconfigstore.a(configstore.o)
                0x0000000008001f18                ConfigStore::Flash()
 .text._ZN12StoreNetworkD2Ev
                0x0000000008001fc4        0x6 ../lib-configstore/lib_gd32/libconfigstore.a(storenetwork.o)
                0x0000000008001fc4                StoreNetwork::~StoreNetwork()
                0x0000000008001fc4                StoreNetwork::~StoreNetwork()
                0x0000000008001fc6                non-virtual thunk to StoreNetwork::~StoreNetwork()
 *fill*         0x0000000008001fca        0x2 
 .text._ZN12StoreNetwork6UpdateEPKN13networkparams6ParamsE
                0x0000000008001fcc       0x24 ../lib-configstore/lib_gd32/libconfigstore.a(storenetwork.o)
                0x0000000008001fcc                StoreNetwork::Update(networkparams::Params const*)
 .text._ZN12StoreNetwork8SaveDhcpEb
                0x0000000008001ff0       0x30 ../lib-configstore/lib_gd32/libconfigstore.a(storenetwork.o)
                0x0000000008001ff0                StoreNetwork::SaveDhcp(bool)
                0x0000000008002018                non-virtual thunk to StoreNetwork::SaveDhcp(bool)
 .text._ZN12StoreNetwork13SaveGatewayIpEj
                0x0000000008002020       0x30 ../lib-configstore/lib_gd32/libconfigstore.a(storenetwork.o)
                0x0000000008002020                StoreNetwork::SaveGatewayIp(unsigned int)
                0x0000000008002048                non-virtual thunk to StoreNetwork::SaveGatewayIp(unsigned int)
 .text._ZN12StoreNetwork11SaveNetMaskEj
                0x0000000008002050       0x2c ../lib-configstore/lib_gd32/libconfigstore.a(storenetwork.o)
                0x0000000008002050                StoreNetwork::SaveNetMask(unsigned int)
                0x0000000008002074                non-virtual thunk to StoreNetwork::SaveNetMask(unsigned int)
 .text._ZN12StoreNetwork6SaveIpEj
                0x000000000800207c       0x2c ../lib-configstore/lib_gd32/libconfigstore.a(storenetwork.o)
                0x000000000800207c                StoreNetwork::SaveIp(unsigned int)
                0x00000000080020a0                non-virtual thunk to StoreNetwork::SaveIp(unsigned int)
 .text._ZN12StoreNetwork12SaveHostNameEPKcj
                0x00000000080020a8       0x34 ../lib-configstore/lib_gd32/libconfigstore.a(storenetwork.o)
                0x00000000080020a8                StoreNetwork::SaveHostName(char const*, unsigned int)
                0x00000000080020d4                non-virtual thunk to StoreNetwork::SaveHostName(char const*, unsigned int)
 .text._ZN12StoreNetworkD0Ev
                0x00000000080020dc       0x12 ../lib-configstore/lib_gd32/libconfigstore.a(storenetwork.o)
                0x00000000080020dc                StoreNetwork::~StoreNetwork()
                0x00000000080020e8                non-virtual thunk to StoreNetwork::~StoreNetwork()
 *fill*         0x00000000080020ee        0x2 
 .text._ZN12StoreNetwork4CopyEPN13networkparams6ParamsE
                0x00000000080020f0       0x20 ../lib-configstore/lib_gd32/libconfigstore.a(storenetwork.o)
                0x00000000080020f0                StoreNetwork::Copy(networkparams::Params*)
 .text._ZN12StoreNetworkC2Ev
                0x0000000008002110       0x18 ../lib-configstore/lib_gd32/libconfigstore.a(storenetwork.o)
                0x0000000008002110                StoreNetwork::StoreNetwork()
                0x0000000008002110                StoreNetwork::StoreNetwork()
 .text._ZN17StoreRemoteConfigD2Ev
                0x0000000008002128        0x2 ../lib-configstore/lib_gd32/libconfigstore.a(storeremoteconfig.o)
                0x0000000008002128                StoreRemoteConfig::~StoreRemoteConfig()
                0x0000000008002128                StoreRemoteConfig::~StoreRemoteConfig()
 *fill*         0x000000000800212a        0x2 
 .text._ZN17StoreRemoteConfig4CopyEP19TRemoteConfigParams
                0x000000000800212c       0x24 ../lib-configstore/lib_gd32/libconfigstore.a(storeremoteconfig.o)
                0x000000000800212c                StoreRemoteConfig::Copy(TRemoteConfigParams*)
 .text._ZN17StoreRemoteConfig6UpdateEPK19TRemoteConfigParams
                0x0000000008002150       0x24 ../lib-configstore/lib_gd32/libconfigstore.a(storeremoteconfig.o)
                0x0000000008002150                StoreRemoteConfig::Update(TRemoteConfigParams const*)
 .text._ZN17StoreRemoteConfigD0Ev
                0x0000000008002174        0xc ../lib-configstore/lib_gd32/libconfigstore.a(storeremoteconfig.o)
                0x0000000008002174                StoreRemoteConfig::~StoreRemoteConfig()
 .text._ZN17StoreRemoteConfigC2Ev
                0x0000000008002180       0x14 ../lib-configstore/lib_gd32/libconfigstore.a(storeremoteconfig.o)
                0x0000000008002180                StoreRemoteConfig::StoreRemoteConfig()
                0x0000000008002180                StoreRemoteConfig::StoreRemoteConfig()
 .text._ZN11StoreDeviceC2Ev
                0x0000000008002194       0x24 ../lib-configstore/lib_gd32/libconfigstore.a(storedevice.o)
                0x0000000008002194                StoreDevice::StoreDevice()
                0x0000000008002194                StoreDevice::StoreDevice()
 .text._ZNK11StoreDevice7GetSizeEv
                0x00000000080021b8        0x6 ../lib-configstore/lib_gd32/libconfigstore.a(storedevice.o)
                0x00000000080021b8                StoreDevice::GetSize() const
 .text._ZNK11StoreDevice13GetSectorSizeEv
                0x00000000080021be        0x6 ../lib-configstore/lib_gd32/libconfigstore.a(storedevice.o)
                0x00000000080021be                StoreDevice::GetSectorSize() const
 .text._ZN11StoreDevice4ReadEjjPhRN11storedevice6resultE
                0x00000000080021c4        0xa ../lib-configstore/lib_gd32/libconfigstore.a(storedevice.o)
                0x00000000080021c4                StoreDevice::Read(unsigned int, unsigned int, unsigned char*, storedevice::result&)
 .text._ZN11StoreDevice5EraseEjjRN11storedevice6resultE
                0x00000000080021ce        0x8 ../lib-configstore/lib_gd32/libconfigstore.a(storedevice.o)
                0x00000000080021ce                StoreDevice::Erase(unsigned int, unsigned int, storedevice::result&)
 .text._ZN11StoreDevice5WriteEjjPKhRN11storedevice6resultE
                0x00000000080021d6        0xa ../lib-configstore/lib_gd32/libconfigstore.a(storedevice.o)
                0x00000000080021d6                StoreDevice::Write(unsigned int, unsigned int, unsigned char const*, storedevice::result&)
 .text._ZN7Display9PrintInfoEv.isra.0
                0x00000000080021e0       0x14 ../lib-display/lib_gd32/libdisplay.a(display.o)
 .text._ZN7HAL_I2C13WriteRegisterEht
                0x00000000080021f4       0x2a ../lib-display/lib_gd32/libdisplay.a(display.o)
                0x00000000080021f4                HAL_I2C::WriteRegister(unsigned char, unsigned short)
 .text._ZN7HAL_I2C12IsConnected_Ehj
                0x000000000800221e       0x3c ../lib-display/lib_gd32/libdisplay.a(display.o)
                0x000000000800221e                HAL_I2C::IsConnected_(unsigned char, unsigned int)
 .text._ZN7Display14Detect7SegmentEv
                0x000000000800225a       0x32 ../lib-display/lib_gd32/libdisplay.a(display.o)
                0x000000000800225a                Display::Detect7Segment()
 .text._ZN7Display6DetectEj
                0x000000000800228c       0x58 ../lib-display/lib_gd32/libdisplay.a(display.o)
                0x000000000800228c                Display::Detect(unsigned int)
 .text._ZN7DisplayC2Ej
                0x00000000080022e4       0x50 ../lib-display/lib_gd32/libdisplay.a(display.o)
                0x00000000080022e4                Display::Display(unsigned int)
                0x00000000080022e4                Display::Display(unsigned int)
 .text._ZN7Ssd1306D2Ev
                0x0000000008002334        0x2 ../lib-display/lib_gd32/libdisplay.a(ssd1306.o)
                0x0000000008002334                Ssd1306::~Ssd1306()
                0x0000000008002334                Ssd1306::~Ssd1306()
 .text._ZN7Ssd13069SetCursorEj
                0x0000000008002336        0x2 ../lib-display/lib_gd32/libdisplay.a(ssd1306.o)
                0x0000000008002336                Ssd1306::SetCursor(unsigned int)
 .text._ZN7Ssd13069PrintInfoEv
                0x0000000008002338       0x28 ../lib-display/lib_gd32/libdisplay.a(ssd1306.o)
                0x0000000008002338                Ssd1306::PrintInfo()
 .text._ZN7Ssd1306D0Ev
                0x0000000008002360        0xc ../lib-display/lib_gd32/libdisplay.a(ssd1306.o)
                0x0000000008002360                Ssd1306::~Ssd1306()
 .text._ZN7HAL_I2C5SetupEv
                0x000000000800236c       0x14 ../lib-display/lib_gd32/libdisplay.a(ssd1306.o)
                0x000000000800236c                HAL_I2C::Setup()
 .text._ZN7Ssd13067PutCharEi
                0x0000000008002380       0x2c ../lib-display/lib_gd32/libdisplay.a(ssd1306.o)
                0x0000000008002380                Ssd1306::PutChar(int)
 .text._ZN7Ssd13069PutStringEPKc
                0x00000000080023ac       0x16 ../lib-display/lib_gd32/libdisplay.a(ssd1306.o)
                0x00000000080023ac                Ssd1306::PutString(char const*)
 .text._ZN7Ssd13064TextEPKcj
                0x00000000080023c2       0x22 ../lib-display/lib_gd32/libdisplay.a(ssd1306.o)
                0x00000000080023c2                Ssd1306::Text(char const*, unsigned int)
 .text._ZN7Ssd130611InitMembersEv
                0x00000000080023e4       0x22 ../lib-display/lib_gd32/libdisplay.a(ssd1306.o)
                0x00000000080023e4                Ssd1306::InitMembers()
 *fill*         0x0000000008002406        0x2 
 .text._ZN7Ssd1306C2E10TOledPanel
                0x0000000008002408       0x30 ../lib-display/lib_gd32/libdisplay.a(ssd1306.o)
                0x0000000008002408                Ssd1306::Ssd1306(TOledPanel)
                0x0000000008002408                Ssd1306::Ssd1306(TOledPanel)
 .text._ZN7Ssd130611SendCommandEh
                0x0000000008002438       0x20 ../lib-display/lib_gd32/libdisplay.a(ssd1306.o)
                0x0000000008002438                Ssd1306::SendCommand(unsigned char)
 .text._ZN7Ssd130612SetCursorPosEhh
                0x0000000008002458       0x48 ../lib-display/lib_gd32/libdisplay.a(ssd1306.o)
                0x0000000008002458                Ssd1306::SetCursorPos(unsigned char, unsigned char)
 .text._ZN7Ssd13068TextLineEhPKcj
                0x00000000080024a0       0x28 ../lib-display/lib_gd32/libdisplay.a(ssd1306.o)
                0x00000000080024a0                Ssd1306::TextLine(unsigned char, char const*, unsigned int)
 .text._ZN7Ssd13069ClearLineEh
                0x00000000080024c8       0x40 ../lib-display/lib_gd32/libdisplay.a(ssd1306.o)
                0x00000000080024c8                Ssd1306::ClearLine(unsigned char)
 .text._ZN7Ssd13068SetSleepEb
                0x0000000008002508        0xc ../lib-display/lib_gd32/libdisplay.a(ssd1306.o)
                0x0000000008002508                Ssd1306::SetSleep(bool)
 .text._ZN7Ssd130611SetContrastEh
                0x0000000008002514       0x1a ../lib-display/lib_gd32/libdisplay.a(ssd1306.o)
                0x0000000008002514                Ssd1306::SetContrast(unsigned char)
 .text._ZN7Ssd130617SetFlipVerticallyEb
                0x000000000800252e       0x24 ../lib-display/lib_gd32/libdisplay.a(ssd1306.o)
                0x000000000800252e                Ssd1306::SetFlipVertically(bool)
 *fill*         0x0000000008002552        0x2 
 .text._ZN7Ssd130611CheckSH1106Ev
                0x0000000008002554       0xac ../lib-display/lib_gd32/libdisplay.a(ssd1306.o)
                0x0000000008002554                Ssd1306::CheckSH1106()
 .text._ZN7Ssd13063ClsEv
                0x0000000008002600       0x78 ../lib-display/lib_gd32/libdisplay.a(ssd1306.o)
                0x0000000008002600                Ssd1306::Cls()
 .text._ZN7Ssd13065StartEv
                0x0000000008002678       0xb4 ../lib-display/lib_gd32/libdisplay.a(ssd1306.o)
                0x0000000008002678                Ssd1306::Start()
 .text._ZN7display7timeout9gpio_initEv
                0x000000000800272c        0x2 ../lib-display/lib_gd32/libdisplay.a(display_timeout.o)
                0x000000000800272c                display::timeout::gpio_init()
 *fill*         0x000000000800272e        0x2 
 .text._ZN9FlashCodeC2Ev
                0x0000000008002730       0x38 ../lib-flashcode/lib_gd32/libflashcode.a(flashcode.o)
                0x0000000008002730                FlashCode::FlashCode()
                0x0000000008002730                FlashCode::FlashCode()
 .text._ZNK9FlashCode7GetNameEv
                0x0000000008002768        0x8 ../lib-flashcode/lib_gd32/libflashcode.a(flashcode.o)
                0x0000000008002768                FlashCode::GetName() const
 .text._ZNK9FlashCode7GetSizeEv
                0x0000000008002770        0xc ../lib-flashcode/lib_gd32/libflashcode.a(flashcode.o)
                0x0000000008002770                FlashCode::GetSize() const
 .text._ZNK9FlashCode13GetSectorSizeEv
                0x000000000800277c        0x6 ../lib-flashcode/lib_gd32/libflashcode.a(flashcode.o)
                0x000000000800277c                FlashCode::GetSectorSize() const
 .text._ZN9FlashCode5WriteEjjPKhRN9flashcode6resultE
                0x0000000008002782       0x52 ../lib-flashcode/lib_gd32/libflashcode.a(flashcode.o)
                0x0000000008002782                FlashCode::Write(unsigned int, unsigned int, unsigned char const*, flashcode::result&)
 .text._ZN9FlashCode5EraseEjjRN9flashcode6resultE
                0x00000000080027d4       0x4c ../lib-flashcode/lib_gd32/libflashcode.a(flashcode.o)
                0x00000000080027d4                FlashCode::Erase(unsigned int, unsigned int, flashcode::result&)
 .text._Z19fmc_sector_info_getj
                0x0000000008002820      0x104 ../lib-flashcode/lib_gd32/libflashcode.a(fmc_operation.o)
                0x0000000008002820                fmc_sector_info_get(unsigned int)
 .text.net_timers_run
                0x0000000008002924       0x20 ../lib-network/lib_gd32/libnetwork.a(net_timers.o)
                0x0000000008002924                net_timers_run
 .text.rfc3927  0x0000000008002944       0x80 ../lib-network/lib_gd32/libnetwork.a(rfc3927.o)
                0x0000000008002944                rfc3927
 .text.memcpy.isra.0
                0x00000000080029c4       0x14 ../lib-network/lib_gd32/libnetwork.a(tcp.o)
 .text.memcpy.isra.0
                0x00000000080029d8       0x14 ../lib-network/lib_gd32/libnetwork.a(udp.o)
 .text.net_memcpy
                0x00000000080029ec       0x3c ../lib-network/lib_gd32/libnetwork.a(udp.o)
                0x00000000080029ec                net_memcpy
 .text.udp_set_ip
                0x0000000008002a28       0x40 ../lib-network/lib_gd32/libnetwork.a(udp.o)
                0x0000000008002a28                udp_set_ip
 .text.udp_bind
                0x0000000008002a68       0x3c ../lib-network/lib_gd32/libnetwork.a(udp.o)
                0x0000000008002a68                udp_bind
 .text.udp_unbind
                0x0000000008002aa4       0x40 ../lib-network/lib_gd32/libnetwork.a(udp.o)
                0x0000000008002aa4                udp_unbind
 .text.udp_recv
                0x0000000008002ae4       0x6c ../lib-network/lib_gd32/libnetwork.a(udp.o)
                0x0000000008002ae4                udp_recv
 .text.udp_recv2
                0x0000000008002b50       0x4c ../lib-network/lib_gd32/libnetwork.a(udp.o)
                0x0000000008002b50                udp_recv2
 .text.udp_send
                0x0000000008002b9c      0x160 ../lib-network/lib_gd32/libnetwork.a(udp.o)
                0x0000000008002b9c                udp_send
 .text._ZN10TFTPDaemonC2Ev
                0x0000000008002cfc       0x5c ../lib-network/lib_gd32/libnetwork.a(tftpdaemon.o)
                0x0000000008002cfc                TFTPDaemon::TFTPDaemon()
                0x0000000008002cfc                TFTPDaemon::TFTPDaemon()
 .text._ZN10TFTPDaemonD2Ev
                0x0000000008002d58       0x28 ../lib-network/lib_gd32/libnetwork.a(tftpdaemon.o)
                0x0000000008002d58                TFTPDaemon::~TFTPDaemon()
                0x0000000008002d58                TFTPDaemon::~TFTPDaemon()
 .text._ZN10TFTPDaemon9SendErrorEtPKc
                0x0000000008002d80       0x4a ../lib-network/lib_gd32/libnetwork.a(tftpdaemon.o)
                0x0000000008002d80                TFTPDaemon::SendError(unsigned short, char const*)
 .text._ZN10TFTPDaemon6DoReadEv
                0x0000000008002dca       0x7e ../lib-network/lib_gd32/libnetwork.a(tftpdaemon.o)
                0x0000000008002dca                TFTPDaemon::DoRead()
 .text._ZN10TFTPDaemon13HandleRecvAckEv
                0x0000000008002e48       0x24 ../lib-network/lib_gd32/libnetwork.a(tftpdaemon.o)
                0x0000000008002e48                TFTPDaemon::HandleRecvAck()
 .text._ZN10TFTPDaemon10DoWriteAckEv
                0x0000000008002e6c       0x3a ../lib-network/lib_gd32/libnetwork.a(tftpdaemon.o)
                0x0000000008002e6c                TFTPDaemon::DoWriteAck()
 *fill*         0x0000000008002ea6        0x2 
 .text._ZN10TFTPDaemon13HandleRequestEv
                0x0000000008002ea8      0x10c ../lib-network/lib_gd32/libnetwork.a(tftpdaemon.o)
                0x0000000008002ea8                TFTPDaemon::HandleRequest()
 .text._ZN10TFTPDaemon14HandleRecvDataEv
                0x0000000008002fb4       0x68 ../lib-network/lib_gd32/libnetwork.a(tftpdaemon.o)
                0x0000000008002fb4                TFTPDaemon::HandleRecvData()
 .text._ZN10TFTPDaemon3RunEv
                0x000000000800301c       0xac ../lib-network/lib_gd32/libnetwork.a(tftpdaemon.o)
                0x000000000800301c                TFTPDaemon::Run()
 .text.strncpy.constprop.0.isra.0
                0x00000000080030c8       0x20 ../lib-network/lib_gd32/libnetwork.a(network.o)
 .text._ZN7NetworkC2Ev
                0x00000000080030e8       0x54 ../lib-network/lib_gd32/libnetwork.a(network.o)
                0x00000000080030e8                Network::Network()
                0x00000000080030e8                Network::Network()
 .text._ZN7Network8ShutdownEv
                0x000000000800313c       0x10 ../lib-network/lib_gd32/libnetwork.a(network.o)
                0x000000000800313c                Network::Shutdown()
 .text._ZN7Network5BeginEt
                0x000000000800314c        0x6 ../lib-network/lib_gd32/libnetwork.a(network.o)
                0x000000000800314c                Network::Begin(unsigned short)
 .text._ZN7Network3EndEt
                0x0000000008003152        0x6 ../lib-network/lib_gd32/libnetwork.a(network.o)
                0x0000000008003152                Network::End(unsigned short)
 .text._ZN7Network16MacAddressCopyToEPh
                0x0000000008003158       0x16 ../lib-network/lib_gd32/libnetwork.a(network.o)
                0x0000000008003158                Network::MacAddressCopyTo(unsigned char*)
 .text._ZN7Network12SetDefaultIpEv
                0x000000000800316e       0x22 ../lib-network/lib_gd32/libnetwork.a(network.o)
                0x000000000800316e                Network::SetDefaultIp()
 .text._ZN7Network4InitEP18NetworkParamsStore
                0x0000000008003190      0x298 ../lib-network/lib_gd32/libnetwork.a(network.o)
                0x0000000008003190                Network::Init(NetworkParamsStore*)
 .text._ZN7Network5PrintEv
                0x0000000008003428       0xf8 ../lib-network/lib_gd32/libnetwork.a(network.o)
                0x0000000008003428                Network::Print()
 .text._ZN13NetworkParamsC2EP18NetworkParamsStore
                0x0000000008003520       0x18 ../lib-network/lib_gd32/libnetwork.a(networkparams.o)
                0x0000000008003520                NetworkParams::NetworkParams(NetworkParamsStore*)
                0x0000000008003520                NetworkParams::NetworkParams(NetworkParamsStore*)
 .text._ZN13NetworkParams4LoadEv
                0x0000000008003538       0x18 ../lib-network/lib_gd32/libnetwork.a(networkparams.o)
                0x0000000008003538                NetworkParams::Load()
 .text._ZN13NetworkParams4DumpEv
                0x0000000008003550        0x2 ../lib-network/lib_gd32/libnetwork.a(networkparamsdump.o)
                0x0000000008003550                NetworkParams::Dump()
 .text.memcpy.isra.0
                0x0000000008003552       0x14 ../lib-network/lib_gd32/libnetwork.a(arp.o)
 *fill*         0x0000000008003566        0x2 
 .text.arp_announce
                0x0000000008003568       0x14 ../lib-network/lib_gd32/libnetwork.a(arp.o)
                0x0000000008003568                arp_announce
 .text.arp_handle_request
                0x000000000800357c       0x50 ../lib-network/lib_gd32/libnetwork.a(arp.o)
                0x000000000800357c                arp_handle_request
 .text.arp_handle_reply
                0x00000000080035cc        0x8 ../lib-network/lib_gd32/libnetwork.a(arp.o)
                0x00000000080035cc                arp_handle_reply
 .text.arp_send_request
                0x00000000080035d4       0x14 ../lib-network/lib_gd32/libnetwork.a(arp.o)
                0x00000000080035d4                arp_send_request
 .text.arp_cache_update
                0x00000000080035e8       0x50 ../lib-network/lib_gd32/libnetwork.a(arp_cache.o)
                0x00000000080035e8                arp_cache_update
 .text.arp_cache_lookup
                0x0000000008003638       0x9c ../lib-network/lib_gd32/libnetwork.a(arp_cache.o)
                0x0000000008003638                arp_cache_lookup
 .text._parse_response
                0x00000000080036d4      0x168 ../lib-network/lib_gd32/libnetwork.a(dhcp.o)
 .text.memcpy.isra.0
                0x000000000800383c       0x14 ../lib-network/lib_gd32/libnetwork.a(dhcp.o)
 .text.dhcp_client
                0x0000000008003850      0x210 ../lib-network/lib_gd32/libnetwork.a(dhcp.o)
                0x0000000008003850                dhcp_client
 .text.dhcp_client_release
                0x0000000008003a60       0x5c ../lib-network/lib_gd32/libnetwork.a(dhcp.o)
                0x0000000008003a60                dhcp_client_release
 .text.memcpy.isra.0
                0x0000000008003abc       0x14 ../lib-network/lib_gd32/libnetwork.a(igmp.o)
 .text._send_report
                0x0000000008003ad0       0x7c ../lib-network/lib_gd32/libnetwork.a(igmp.o)
 .text.igmp_set_ip
                0x0000000008003b4c       0x2c ../lib-network/lib_gd32/libnetwork.a(igmp.o)
                0x0000000008003b4c                igmp_set_ip
 .text.igmp_timer
                0x0000000008003b78       0x3c ../lib-network/lib_gd32/libnetwork.a(igmp.o)
                0x0000000008003b78                igmp_timer
 .text.igmp_leave
                0x0000000008003bb4       0x6c ../lib-network/lib_gd32/libnetwork.a(igmp.o)
                0x0000000008003bb4                igmp_leave
 .text.ip_set_ip
                0x0000000008003c20       0x12 ../lib-network/lib_gd32/libnetwork.a(ip.o)
                0x0000000008003c20                ip_set_ip
 .text.net_chksum
                0x0000000008003c32       0x34 ../lib-network/lib_gd32/libnetwork.a(net_chksum.o)
                0x0000000008003c32                net_chksum
 .text.memcpy.isra.0
                0x0000000008003c66       0x14 ../lib-network/lib_gd32/libnetwork.a(icmp.o)
 .text.console_putc
                0x0000000008003c7a        0x4 ../lib-hal/lib_gd32/libhal.a(console_uart0.o)
                0x0000000008003c7a                console_putc
 .text.console_puts
                0x0000000008003c7e        0x4 ../lib-hal/lib_gd32/libhal.a(console_uart0.o)
                0x0000000008003c7e                console_puts
 *fill*         0x0000000008003c82        0x2 
 .text.console_set_fg_color
                0x0000000008003c84       0x44 ../lib-hal/lib_gd32/libhal.a(console_uart0.o)
                0x0000000008003c84                console_set_fg_color
 .text.console_error
                0x0000000008003cc8       0x24 ../lib-hal/lib_gd32/libhal.a(console_uart0.o)
                0x0000000008003cc8                console_error
 .text.console_status
                0x0000000008003cec       0x30 ../lib-hal/lib_gd32/libhal.a(console_uart0.o)
                0x0000000008003cec                console_status
 .text._ZN15FirmwareVersionC2EPKcS1_S1_
                0x0000000008003d1c       0x70 ../lib-hal/lib_gd32/libhal.a(firmwareversion.o)
                0x0000000008003d1c                FirmwareVersion::FirmwareVersion(char const*, char const*, char const*)
                0x0000000008003d1c                FirmwareVersion::FirmwareVersion(char const*, char const*, char const*)
 .text._ZN15FirmwareVersion5PrintEPKc
                0x0000000008003d8c       0x1c ../lib-hal/lib_gd32/libhal.a(firmwareversion.o)
                0x0000000008003d8c                FirmwareVersion::Print(char const*)
 .text._ZN8LedBlinkC2Ev
                0x0000000008003da8       0x54 ../lib-hal/lib_gd32/libhal.a(ledblink.o)
                0x0000000008003da8                LedBlink::LedBlink()
                0x0000000008003da8                LedBlink::LedBlink()
 .text._ZN8LedBlink7SetModeEN8ledblink4ModeE
                0x0000000008003dfc       0x64 ../lib-hal/lib_gd32/libhal.a(ledblink.o)
                0x0000000008003dfc                LedBlink::SetMode(ledblink::Mode)
 .text._ZN8HardwareC2Ev
                0x0000000008003e60       0xe0 ../lib-hal/lib_gd32/libhal.a(hardware.o)
                0x0000000008003e60                Hardware::Hardware()
                0x0000000008003e60                Hardware::Hardware()
 .text._ZN8Hardware6RebootEv
                0x0000000008003f40       0x7c ../lib-hal/lib_gd32/libhal.a(hardware.o)
                0x0000000008003f40                Hardware::Reboot()
 .text._ZdlPv   0x0000000008003fbc        0x4 ../lib-c++/lib_gd32/libc++.a(delete.o)
                0x0000000008003fbc                operator delete(void*)
 .text._ZdaPv   0x0000000008003fc0        0x4 ../lib-c++/lib_gd32/libc++.a(delete.o)
                0x0000000008003fc0                operator delete[](void*)
 .text._Znwj    0x0000000008003fc4        0x4 ../lib-c++/lib_gd32/libc++.a(new.o)
                0x0000000008003fc4                operator new(unsigned int)
 .text._Znaj    0x0000000008003fc8        0x4 ../lib-c++/lib_gd32/libc++.a(new.o)
                0x0000000008003fc8                operator new[](unsigned int)
 .text.malloc   0x0000000008003fcc       0x5c ../lib-c/lib_gd32/libc.a(malloc.o)
                0x0000000008003fcc                malloc
 .text.free     0x0000000008004028       0x34 ../lib-c/lib_gd32/libc.a(malloc.o)
                0x0000000008004028                free
 .text.memmove  0x000000000800405c       0x2e ../lib-c/lib_gd32/libc.a(memmove.o)
                0x000000000800405c                memmove
 .text.memset   0x000000000800408a       0x42 ../lib-c/lib_gd32/libc.a(memset.o)
                0x000000000800408a                memset
 .text.puts     0x00000000080040cc       0x10 ../lib-c/lib_gd32/libc.a(puts.o)
                0x00000000080040cc                puts
 .text.isleapyear
                0x00000000080040dc       0x2c ../lib-c/lib_gd32/libc.a(time.o)
 .text.getdaysofmonth
                0x0000000008004108       0x20 ../lib-c/lib_gd32/libc.a(time.o)
 .text.mktime   0x0000000008004128       0x98 ../lib-c/lib_gd32/libc.a(time.o)
                0x0000000008004128                mktime
 .text.gettimeofday
                0x00000000080041c0       0x54 ../lib-c/lib_gd32/libc.a(time.o)
                0x00000000080041c0                gettimeofday
 .text.settimeofday
                0x0000000008004214       0x30 ../lib-c/lib_gd32/libc.a(time.o)
                0x0000000008004214                settimeofday
 .text.time     0x0000000008004244       0x16 ../lib-c/lib_gd32/libc.a(time.o)
                0x0000000008004244                time
 *fill*         0x000000000800425a        0x2 
 .text.uart0_init
                0x000000000800425c       0x20 ../lib-gd32/lib_gd32/libgd32.a(gd32_uart0.o)
                0x000000000800425c                uart0_init
 .text.uart0_putc
                0x000000000800427c       0x34 ../lib-gd32/lib_gd32/libgd32.a(gd32_uart0.o)
                0x000000000800427c                uart0_putc
 .text.uart0_puts
                0x00000000080042b0       0x1e ../lib-gd32/lib_gd32/libgd32.a(gd32_uart0.o)
                0x00000000080042b0                uart0_puts
 *fill*         0x00000000080042ce        0x2 
 .text.systick_config
                0x00000000080042d0       0x3c ../lib-gd32/lib_gd32/libgd32.a(systick.o)
                0x00000000080042d0                systick_config
 .text.SysTick_Handler
                0x000000000800430c       0x10 ../lib-gd32/lib_gd32/libgd32.a(systick.o)
                0x000000000800430c                SysTick_Handler
 .text.SystemInit
                0x000000000800431c      0x170 ../lib-gd32/lib_gd32/libgd32.a(system_gd32f4xx.o)
                0x000000000800431c                SystemInit
 .text.fmc_unlock
                0x000000000800448c       0x24 ../lib-gd32/lib_gd32/libgd32.a(gd32f4xx_fmc.o)
                0x000000000800448c                fmc_unlock
 .text.fmc_lock
                0x00000000080044b0       0x14 ../lib-gd32/lib_gd32/libgd32.a(gd32f4xx_fmc.o)
                0x00000000080044b0                fmc_lock
 .text.fmc_flag_clear
                0x00000000080044c4        0xc ../lib-gd32/lib_gd32/libgd32.a(gd32f4xx_fmc.o)
                0x00000000080044c4                fmc_flag_clear
 .text.fmc_state_get
                0x00000000080044d0       0x48 ../lib-gd32/lib_gd32/libgd32.a(gd32f4xx_fmc.o)
                0x00000000080044d0                fmc_state_get
 .text.fmc_ready_wait
                0x0000000008004518       0x18 ../lib-gd32/lib_gd32/libgd32.a(gd32f4xx_fmc.o)
                0x0000000008004518                fmc_ready_wait
 .text.fmc_sector_erase
                0x0000000008004530       0x5c ../lib-gd32/lib_gd32/libgd32.a(gd32f4xx_fmc.o)
                0x0000000008004530                fmc_sector_erase
 .text.fmc_word_program
                0x000000000800458c       0x54 ../lib-gd32/lib_gd32/libgd32.a(gd32f4xx_fmc.o)
                0x000000000800458c                fmc_word_program
 .text.fwdgt_enable
                0x00000000080045e0       0x10 ../lib-gd32/lib_gd32/libgd32.a(gd32f4xx_fwdgt.o)
                0x00000000080045e0                fwdgt_enable
 .text.fwdgt_counter_reload
                0x00000000080045f0       0x10 ../lib-gd32/lib_gd32/libgd32.a(gd32f4xx_fwdgt.o)
                0x00000000080045f0                fwdgt_counter_reload
 .text.fwdgt_config
                0x0000000008004600       0x54 ../lib-gd32/lib_gd32/libgd32.a(gd32f4xx_fwdgt.o)
                0x0000000008004600                fwdgt_config
 .text.gpio_mode_set
                0x0000000008004654       0x40 ../lib-gd32/lib_gd32/libgd32.a(gd32f4xx_gpio.o)
                0x0000000008004654                gpio_mode_set
 .text.gpio_output_options_set
                0x0000000008004694       0x36 ../lib-gd32/lib_gd32/libgd32.a(gd32f4xx_gpio.o)
                0x0000000008004694                gpio_output_options_set
 .text.gpio_input_bit_get
                0x00000000080046ca        0xc ../lib-gd32/lib_gd32/libgd32.a(gd32f4xx_gpio.o)
                0x00000000080046ca                gpio_input_bit_get
 .text.gpio_af_set
                0x00000000080046d6       0x58 ../lib-gd32/lib_gd32/libgd32.a(gd32f4xx_gpio.o)
                0x00000000080046d6                gpio_af_set
 *fill*         0x000000000800472e        0x2 
 .text.pmu_backup_ldo_config
                0x0000000008004730       0x18 ../lib-gd32/lib_gd32/libgd32.a(gd32f4xx_pmu.o)
                0x0000000008004730                pmu_backup_ldo_config
 .text.pmu_backup_write_enable
                0x0000000008004748       0x10 ../lib-gd32/lib_gd32/libgd32.a(gd32f4xx_pmu.o)
                0x0000000008004748                pmu_backup_write_enable
 .text.rcu_periph_clock_enable
                0x0000000008004758       0x1a ../lib-gd32/lib_gd32/libgd32.a(gd32f4xx_rcu.o)
                0x0000000008004758                rcu_periph_clock_enable
 .text.rcu_periph_clock_disable
                0x0000000008004772       0x1c ../lib-gd32/lib_gd32/libgd32.a(gd32f4xx_rcu.o)
                0x0000000008004772                rcu_periph_clock_disable
 .text.rcu_periph_reset_enable
                0x000000000800478e        0x4 ../lib-gd32/lib_gd32/libgd32.a(gd32f4xx_rcu.o)
                0x000000000800478e                rcu_periph_reset_enable
 .text.rcu_periph_reset_disable
                0x0000000008004792        0x4 ../lib-gd32/lib_gd32/libgd32.a(gd32f4xx_rcu.o)
                0x0000000008004792                rcu_periph_reset_disable
 *fill*         0x0000000008004796        0x2 
 .text.rcu_ckout0_config
                0x0000000008004798       0x18 ../lib-gd32/lib_gd32/libgd32.a(gd32f4xx_rcu.o)
                0x0000000008004798                rcu_ckout0_config
 .text.rcu_timer_clock_prescaler_config
                0x00000000080047b0       0x20 ../lib-gd32/lib_gd32/libgd32.a(gd32f4xx_rcu.o)
                0x00000000080047b0                rcu_timer_clock_prescaler_config
 .text.rcu_clock_freq_get
                0x00000000080047d0       0xe8 ../lib-gd32/lib_gd32/libgd32.a(gd32f4xx_rcu.o)
                0x00000000080047d0                rcu_clock_freq_get
 .text.timer_deinit
                0x00000000080048b8      0x14c ../lib-gd32/lib_gd32/libgd32.a(gd32f4xx_timer.o)
                0x00000000080048b8                timer_deinit
 .text.timer_init
                0x0000000008004a04       0x7c ../lib-gd32/lib_gd32/libgd32.a(gd32f4xx_timer.o)
                0x0000000008004a04                timer_init
 .text.timer_enable
                0x0000000008004a80        0xa ../lib-gd32/lib_gd32/libgd32.a(gd32f4xx_timer.o)
                0x0000000008004a80                timer_enable
 *fill*         0x0000000008004a8a        0x2 
 .text.usart_deinit
                0x0000000008004a8c       0xc4 ../lib-gd32/lib_gd32/libgd32.a(gd32f4xx_usart.o)
                0x0000000008004a8c                usart_deinit
 .text.usart_baudrate_set
                0x0000000008004b50       0x88 ../lib-gd32/lib_gd32/libgd32.a(gd32f4xx_usart.o)
                0x0000000008004b50                usart_baudrate_set
 .text.usart_parity_config
                0x0000000008004bd8       0x10 ../lib-gd32/lib_gd32/libgd32.a(gd32f4xx_usart.o)
                0x0000000008004bd8                usart_parity_config
 .text.usart_word_length_set
                0x0000000008004be8       0x10 ../lib-gd32/lib_gd32/libgd32.a(gd32f4xx_usart.o)
                0x0000000008004be8                usart_word_length_set
 .text.usart_stop_bit_set
                0x0000000008004bf8       0x10 ../lib-gd32/lib_gd32/libgd32.a(gd32f4xx_usart.o)
                0x0000000008004bf8                usart_stop_bit_set
 .text.usart_transmit_config
                0x0000000008004c08        0xc ../lib-gd32/lib_gd32/libgd32.a(gd32f4xx_usart.o)
                0x0000000008004c08                usart_transmit_config
 .text.usart_receive_config
                0x0000000008004c14        0xc ../lib-gd32/lib_gd32/libgd32.a(gd32f4xx_usart.o)
                0x0000000008004c14                usart_receive_config
 .text.usart_hardware_flow_rts_config
                0x0000000008004c20        0xc ../lib-gd32/lib_gd32/libgd32.a(gd32f4xx_usart.o)
                0x0000000008004c20                usart_hardware_flow_rts_config
 .text.usart_hardware_flow_cts_config
                0x0000000008004c2c        0xc ../lib-gd32/lib_gd32/libgd32.a(gd32f4xx_usart.o)
                0x0000000008004c2c                usart_hardware_flow_cts_config
 .text.usart_flag_get
                0x0000000008004c38       0x16 ../lib-gd32/lib_gd32/libgd32.a(gd32f4xx_usart.o)
                0x0000000008004c38                usart_flag_get
 *fill*         0x0000000008004c4e        0x2 
 .text.emac_eth_recv
                0x0000000008004c50       0x28 ../lib-gd32/lib_gd32/libgd32.a(net.o)
                0x0000000008004c50                emac_eth_recv
 .text.emac_free_pkt
                0x0000000008004c78        0x8 ../lib-gd32/lib_gd32/libgd32.a(net.o)
                0x0000000008004c78                emac_free_pkt
 .text.emac_eth_send
                0x0000000008004c80        0x4 ../lib-gd32/lib_gd32/libgd32.a(net.o)
                0x0000000008004c80                emac_eth_send
 .text._Z14bkp_data_write22bkp_data_register_enumt
                0x0000000008004c84       0x10 ../lib-gd32/lib_gd32/libgd32.a(bkp.o)
                0x0000000008004c84                bkp_data_write(bkp_data_register_enum, unsigned short)
 .text._Z13bkp_data_read22bkp_data_register_enum
                0x0000000008004c94       0x14 ../lib-gd32/lib_gd32/libgd32.a(bkp.o)
                0x0000000008004c94                bkp_data_read(bkp_data_register_enum)
 .text._Z13gd32_adc_initv
                0x0000000008004ca8       0x9c ../lib-gd32/lib_gd32/libgd32.a(gd32_adc.o)
                0x0000000008004ca8                gd32_adc_init()
 .text._ZL5_stopv.isra.0
                0x0000000008004d44       0x24 ../lib-gd32/lib_gd32/libgd32.a(gd32_i2c.o)
 .text.gd32_i2c_begin
                0x0000000008004d68       0x94 ../lib-gd32/lib_gd32/libgd32.a(gd32_i2c.o)
                0x0000000008004d68                gd32_i2c_begin
 .text.gd32_i2c_set_baudrate
                0x0000000008004dfc       0x10 ../lib-gd32/lib_gd32/libgd32.a(gd32_i2c.o)
                0x0000000008004dfc                gd32_i2c_set_baudrate
 .text.gd32_i2c_set_address
                0x0000000008004e0c        0xc ../lib-gd32/lib_gd32/libgd32.a(gd32_i2c.o)
                0x0000000008004e0c                gd32_i2c_set_address
 .text.gd32_i2c_write
                0x0000000008004e18       0xcc ../lib-gd32/lib_gd32/libgd32.a(gd32_i2c.o)
                0x0000000008004e18                gd32_i2c_write
 .text.gd32_i2c_read
                0x0000000008004ee4      0x148 ../lib-gd32/lib_gd32/libgd32.a(gd32_i2c.o)
                0x0000000008004ee4                gd32_i2c_read
 .text._Z10_gpio_initj
                0x000000000800502c      0x260 ../lib-gd32/lib_gd32/libgd32.a(gd32_uart.o)
                0x000000000800502c                _gpio_init(unsigned int)
 .text.gd32_uart_begin
                0x000000000800528c      0x120 ../lib-gd32/lib_gd32/libgd32.a(gd32_uart.o)
                0x000000000800528c                gd32_uart_begin
 .text._Z11micros_initv
                0x00000000080053ac       0x40 ../lib-gd32/lib_gd32/libgd32.a(micros.o)
                0x00000000080053ac                micros_init()
 .text._Z11udelay_initv
                0x00000000080053ec       0x28 ../lib-gd32/lib_gd32/libgd32.a(udelay.o)
                0x00000000080053ec                udelay_init()
 .text._Z6udelayjj
                0x0000000008005414       0x30 ../lib-gd32/lib_gd32/libgd32.a(udelay.o)
                0x0000000008005414                udelay(unsigned int, unsigned int)
 .text._Z10emac_startPh
                0x0000000008005444      0x220 ../lib-gd32/lib_gd32/libgd32.a(emac.o)
                0x0000000008005444                emac_start(unsigned char*)
 .text._ZN3net18link_register_readEv
                0x0000000008005664       0x22 ../lib-gd32/lib_gd32/libgd32.a(net_link_check.o)
                0x0000000008005664                net::link_register_read()
 *fill*         0x0000000008005686        0x2 
 .text.adc_clock_config
                0x0000000008005688       0x20 ../lib-gd32/lib_gd32/libgd32.a(gd32f4xx_adc.o)
                0x0000000008005688                adc_clock_config
 .text.adc_special_function_config
                0x00000000080056a8       0x50 ../lib-gd32/lib_gd32/libgd32.a(gd32f4xx_adc.o)
                0x00000000080056a8                adc_special_function_config
 .text.adc_data_alignment_config
                0x00000000080056f8       0x12 ../lib-gd32/lib_gd32/libgd32.a(gd32f4xx_adc.o)
                0x00000000080056f8                adc_data_alignment_config
 .text.adc_enable
                0x000000000800570a       0x10 ../lib-gd32/lib_gd32/libgd32.a(gd32f4xx_adc.o)
                0x000000000800570a                adc_enable
 .text.adc_calibration_enable
                0x000000000800571a       0x22 ../lib-gd32/lib_gd32/libgd32.a(gd32f4xx_adc.o)
                0x000000000800571a                adc_calibration_enable
 .text.adc_channel_16_to_18
                0x000000000800573c       0x50 ../lib-gd32/lib_gd32/libgd32.a(gd32f4xx_adc.o)
                0x000000000800573c                adc_channel_16_to_18
 .text.adc_channel_length_config
                0x000000000800578c       0x3a ../lib-gd32/lib_gd32/libgd32.a(gd32f4xx_adc.o)
                0x000000000800578c                adc_channel_length_config
 .text.adc_inserted_channel_config
                0x00000000080057c6       0x5e ../lib-gd32/lib_gd32/libgd32.a(gd32f4xx_adc.o)
                0x00000000080057c6                adc_inserted_channel_config
 .text.adc_external_trigger_config
                0x0000000008005824       0x2c ../lib-gd32/lib_gd32/libgd32.a(gd32f4xx_adc.o)
                0x0000000008005824                adc_external_trigger_config
 .text.adc_software_trigger_enable
                0x0000000008005850       0x1c ../lib-gd32/lib_gd32/libgd32.a(gd32f4xx_adc.o)
                0x0000000008005850                adc_software_trigger_enable
 .text.enet_delay
                0x000000000800586c       0x18 ../lib-gd32/lib_gd32/libgd32.a(gd32f4xx_enet.o)
 .text.enet_software_reset
                0x0000000008005884       0x28 ../lib-gd32/lib_gd32/libgd32.a(gd32f4xx_enet.o)
                0x0000000008005884                enet_software_reset
 .text.enet_descriptors_chain_init
                0x00000000080058ac       0x88 ../lib-gd32/lib_gd32/libgd32.a(gd32f4xx_enet.o)
                0x00000000080058ac                enet_descriptors_chain_init
 .text.enet_frame_receive
                0x0000000008005934       0x98 ../lib-gd32/lib_gd32/libgd32.a(gd32f4xx_enet.o)
                0x0000000008005934                enet_frame_receive
 .text.enet_frame_transmit
                0x00000000080059cc       0x84 ../lib-gd32/lib_gd32/libgd32.a(gd32f4xx_enet.o)
                0x00000000080059cc                enet_frame_transmit
 .text.enet_transmit_checksum_config
                0x0000000008005a50        0xc ../lib-gd32/lib_gd32/libgd32.a(gd32f4xx_enet.o)
                0x0000000008005a50                enet_transmit_checksum_config
 .text.enet_mac_address_set
                0x0000000008005a5c       0x14 ../lib-gd32/lib_gd32/libgd32.a(gd32f4xx_enet.o)
                0x0000000008005a5c                enet_mac_address_set
 .text.enet_rx_enable
                0x0000000008005a70       0x1c ../lib-gd32/lib_gd32/libgd32.a(gd32f4xx_enet.o)
                0x0000000008005a70                enet_rx_enable
 .text.enet_phy_write_read
                0x0000000008005a8c       0x54 ../lib-gd32/lib_gd32/libgd32.a(gd32f4xx_enet.o)
                0x0000000008005a8c                enet_phy_write_read
 .text.enet_phy_config
                0x0000000008005ae0       0xcc ../lib-gd32/lib_gd32/libgd32.a(gd32f4xx_enet.o)
                0x0000000008005ae0                enet_phy_config
 .text.enet_init
                0x0000000008005bac      0x2f8 ../lib-gd32/lib_gd32/libgd32.a(gd32f4xx_enet.o)
                0x0000000008005bac                enet_init
 .text.enet_txfifo_flush
                0x0000000008005ea4       0x24 ../lib-gd32/lib_gd32/libgd32.a(gd32f4xx_enet.o)
                0x0000000008005ea4                enet_txfifo_flush
 .text.enet_tx_enable
                0x0000000008005ec8       0x24 ../lib-gd32/lib_gd32/libgd32.a(gd32f4xx_enet.o)
                0x0000000008005ec8                enet_tx_enable
 .text.enet_enable
                0x0000000008005eec        0xe ../lib-gd32/lib_gd32/libgd32.a(gd32f4xx_enet.o)
                0x0000000008005eec                enet_enable
 *fill*         0x0000000008005efa        0x2 
 .text.enet_desc_information_get
                0x0000000008005efc       0x54 ../lib-gd32/lib_gd32/libgd32.a(gd32f4xx_enet.o)
                0x0000000008005efc                enet_desc_information_get
 .text.enet_rxframe_drop
                0x0000000008005f50       0x64 ../lib-gd32/lib_gd32/libgd32.a(gd32f4xx_enet.o)
                0x0000000008005f50                enet_rxframe_drop
 .text.enet_rxframe_size_get
                0x0000000008005fb4       0x4c ../lib-gd32/lib_gd32/libgd32.a(gd32f4xx_enet.o)
                0x0000000008005fb4                enet_rxframe_size_get
 .text.enet_initpara_reset
                0x0000000008006000       0x28 ../lib-gd32/lib_gd32/libgd32.a(gd32f4xx_enet.o)
                0x0000000008006000                enet_initpara_reset
 .text.enet_deinit
                0x0000000008006028       0x1a ../lib-gd32/lib_gd32/libgd32.a(gd32f4xx_enet.o)
                0x0000000008006028                enet_deinit
 *fill*         0x0000000008006042        0x2 
 .text.i2c_clock_config
                0x0000000008006044       0xb8 ../lib-gd32/lib_gd32/libgd32.a(gd32f4xx_i2c.o)
                0x0000000008006044                i2c_clock_config
 .text.i2c_ack_config
                0x00000000080060fc       0x12 ../lib-gd32/lib_gd32/libgd32.a(gd32f4xx_i2c.o)
                0x00000000080060fc                i2c_ack_config
 .text.i2c_ackpos_config
                0x000000000800610e       0x12 ../lib-gd32/lib_gd32/libgd32.a(gd32f4xx_i2c.o)
                0x000000000800610e                i2c_ackpos_config
 .text.i2c_master_addressing
                0x0000000008006120       0x10 ../lib-gd32/lib_gd32/libgd32.a(gd32f4xx_i2c.o)
                0x0000000008006120                i2c_master_addressing
 .text.i2c_enable
                0x0000000008006130        0xa ../lib-gd32/lib_gd32/libgd32.a(gd32f4xx_i2c.o)
                0x0000000008006130                i2c_enable
 .text.i2c_start_on_bus
                0x000000000800613a        0xa ../lib-gd32/lib_gd32/libgd32.a(gd32f4xx_i2c.o)
                0x000000000800613a                i2c_start_on_bus
 .text.i2c_stop_on_bus
                0x0000000008006144        0xa ../lib-gd32/lib_gd32/libgd32.a(gd32f4xx_i2c.o)
                0x0000000008006144                i2c_stop_on_bus
 .text.i2c_data_transmit
                0x000000000800614e        0x4 ../lib-gd32/lib_gd32/libgd32.a(gd32f4xx_i2c.o)
                0x000000000800614e                i2c_data_transmit
 .text.i2c_data_receive
                0x0000000008006152        0x6 ../lib-gd32/lib_gd32/libgd32.a(gd32f4xx_i2c.o)
                0x0000000008006152                i2c_data_receive
 .text.i2c_flag_get
                0x0000000008006158       0x16 ../lib-gd32/lib_gd32/libgd32.a(gd32f4xx_i2c.o)
                0x0000000008006158                i2c_flag_get
 .text.i2c_flag_clear
                0x000000000800616e       0x24 ../lib-gd32/lib_gd32/libgd32.a(gd32f4xx_i2c.o)
                0x000000000800616e                i2c_flag_clear
 *fill*         0x0000000008006192        0x2 
 .text.syscfg_enet_phy_interface_config
                0x0000000008006194       0x18 ../lib-gd32/lib_gd32/libgd32.a(gd32f4xx_syscfg.o)
                0x0000000008006194                syscfg_enet_phy_interface_config
 .text._Z15mac_address_getPh
                0x00000000080061ac       0x24 ../lib-gd32/lib_gd32/libgd32.a(mac_address.o)
                0x00000000080061ac                mac_address_get(unsigned char*)
 *(.glue_7)
 .glue_7        0x00000000080061d0        0x0 linker stubs
 *(.glue_7t)
 .glue_7t       0x00000000080061d0        0x0 linker stubs
 *(.eh_frame)
 *(.init)
 *(.fini)
                0x00000000080061d0                . = ALIGN (0x4)
                0x00000000080061d0                _etext = .

.vfp11_veneer   0x00000000080061d0        0x0
 .vfp11_veneer  0x00000000080061d0        0x0 linker stubs

.v4_bx          0x00000000080061d0        0x0
 .v4_bx         0x00000000080061d0        0x0 linker stubs

.iplt           0x00000000080061d0        0x0
 .iplt          0x00000000080061d0        0x0 build_gd32/startup_gd32f407.o

.rodata         0x00000000080061d0      0xb1c
                0x00000000080061d0                . = ALIGN (0x4)
 *(.rodata)
 .rodata        0x00000000080061d0       0x18 ../lib-gd32/lib_gd32/libgd32.a(gd32f4xx_rcu.o)
 *(.rodata*)
 .rodata.main.str1.1
                0x00000000080061e8       0x41 build_gd32/firmware/main.o
 .rodata._ZL16SOFTWARE_VERSION
                0x0000000008006229        0x4 build_gd32/firmware/main.o
 .rodata._ZN14NetworkDisplay13ShowEmacStartEv.str1.1
                0x000000000800622d        0xf build_gd32/lib/networkdisplay.o
 .rodata._ZN14NetworkDisplay6ShowIpEv.str1.1
                0x000000000800623c       0x12 build_gd32/lib/networkdisplay.o
 .rodata._ZN14NetworkDisplay12ShowShutdownEv.str1.1
                0x000000000800624e       0x12 build_gd32/lib/networkdisplay.o
 .rodata._ZN14NetworkDisplay14ShowDhcpStatusEN7network4dhcp12ClientStatusE.str1.1
                0x0000000008006260       0x2e build_gd32/lib/networkdisplay.o
 .rodata._ZN12RemoteConfig10HandleListEv.str1.1
                0x000000000800628e       0x2f ../lib-remoteconfig/lib_gd32/libremoteconfig.a(remoteconfig.o)
 .rodata._ZN12RemoteConfig13HandleTftpGetEv.str1.1
                0x00000000080062bd        0x9 ../lib-remoteconfig/lib_gd32/libremoteconfig.a(remoteconfig.o)
                                         0x10 (size before relaxing)
 .rodata._ZN12RemoteConfig13HandleVersionEv.str1.1
                0x00000000080062c6        0xb ../lib-remoteconfig/lib_gd32/libremoteconfig.a(remoteconfig.o)
 .rodata._ZN12RemoteConfig12HandleUptimeEv.str1.1
                0x00000000080062d1        0xd ../lib-remoteconfig/lib_gd32/libremoteconfig.a(remoteconfig.o)
 .rodata._ZN12RemoteConfig13HandleTftpSetEv.str1.1
                0x00000000080062de       0x43 ../lib-remoteconfig/lib_gd32/libremoteconfig.a(remoteconfig.o)
 .rodata._ZN12RemoteConfig3RunEv.str1.1
                0x0000000008006321       0x18 ../lib-remoteconfig/lib_gd32/libremoteconfig.a(remoteconfig.o)
 .rodata.str1.1
                0x0000000008006339       0x31 ../lib-remoteconfig/lib_gd32/libremoteconfig.a(remoteconfig.o)
 .rodata._ZL6s_Node
                0x000000000800636a       0xb4 ../lib-remoteconfig/lib_gd32/libremoteconfig.a(remoteconfig.o)
 .rodata._ZL8s_Output
                0x000000000800641e       0x90 ../lib-remoteconfig/lib_gd32/libremoteconfig.a(remoteconfig.o)
 *fill*         0x00000000080064ae        0x2 
 .rodata._ZN12RemoteConfig5s_GETE
                0x00000000080064b0       0x70 ../lib-remoteconfig/lib_gd32/libremoteconfig.a(remoteconfig.o)
                0x00000000080064b0                RemoteConfig::s_GET
 .rodata._ZN12RemoteConfig12HandleRebootEv.str1.1
                0x0000000008006520       0x1d ../lib-remoteconfig/lib_gd32/libremoteconfig.a(remoteconfigreboot.o)
 .rodata._ZN14TFTPFileServer9FileCloseEv.str1.1
                0x000000000800653d       0x17 ../lib-remoteconfig/lib_gd32/libremoteconfig.a(tftpfileserver.o)
 .rodata._ZN14TFTPFileServer10FileCreateEPKc8TFTPMode.str1.1
                0x0000000008006554       0x1b ../lib-remoteconfig/lib_gd32/libremoteconfig.a(tftpfileserver.o)
 .rodata._ZN14tftpfileserverL9FILE_NAMEE
                0x000000000800656f        0xd ../lib-remoteconfig/lib_gd32/libremoteconfig.a(tftpfileserver.o)
 .rodata._ZTV14TFTPFileServer
                0x000000000800657c       0x28 ../lib-remoteconfig/lib_gd32/libremoteconfig.a(tftpfileserver.o)
                0x000000000800657c                vtable for TFTPFileServer
 .rodata._ZN16FlashCodeInstall13WriteFirmwareEPKhj.str1.1
                0x00000000080065a4       0x63 ../lib-flashcodeinstall/lib_gd32/libflashcodeinstall.a(flashcodeinstall.o)
 .rodata._ZN16FlashCodeInstallC2Ev.str1.1
                0x0000000008006607       0x26 ../lib-flashcodeinstall/lib_gd32/libflashcodeinstall.a(flashcodeinstall.o)
 *fill*         0x000000000800662d        0x3 
 .rodata._ZL11s_aStorSize
                0x0000000008006630       0x70 ../lib-configstore/lib_gd32/libconfigstore.a(configstore.o)
 .rodata._ZTV12StoreNetwork
                0x00000000080066a0       0x50 ../lib-configstore/lib_gd32/libconfigstore.a(storenetwork.o)
                0x00000000080066a0                vtable for StoreNetwork
 .rodata._ZTV17StoreRemoteConfig
                0x00000000080066f0       0x18 ../lib-configstore/lib_gd32/libconfigstore.a(storeremoteconfig.o)
                0x00000000080066f0                vtable for StoreRemoteConfig
 .rodata._ZN11StoreDeviceC2Ev.str1.1
                0x0000000008006708       0x3b ../lib-configstore/lib_gd32/libconfigstore.a(storedevice.o)
 .rodata._ZN7Display9PrintInfoEv.isra.0.str1.1
                0x0000000008006743       0x11 ../lib-display/lib_gd32/libdisplay.a(display.o)
 .rodata._ZN7Display6DetectEj.str1.1
                0x0000000008006754        0x8 ../lib-display/lib_gd32/libdisplay.a(display.o)
 .rodata._ZN7Ssd13069PrintInfoEv.str1.1
                0x000000000800675c       0x13 ../lib-display/lib_gd32/libdisplay.a(ssd1306.o)
                                         0x1b (size before relaxing)
 .rodata._ZN7Ssd130611CheckSH1106Ev.str1.1
                0x000000000800676f        0x6 ../lib-display/lib_gd32/libdisplay.a(ssd1306.o)
 *fill*         0x0000000008006775        0x3 
 .rodata._ZL12_OledFont8x6
                0x0000000008006778      0x2a0 ../lib-display/lib_gd32/libdisplay.a(ssd1306.o)
 .rodata._ZL16oled_128x32_init
                0x0000000008006a18       0x18 ../lib-display/lib_gd32/libdisplay.a(ssd1306.o)
 .rodata._ZL16oled_128x64_init
                0x0000000008006a30       0x18 ../lib-display/lib_gd32/libdisplay.a(ssd1306.o)
 .rodata._ZTV7Ssd1306
                0x0000000008006a48       0x40 ../lib-display/lib_gd32/libdisplay.a(ssd1306.o)
                0x0000000008006a48                vtable for Ssd1306
 .rodata._ZN9FlashCodeC2Ev.str1.1
                0x0000000008006a88       0x2e ../lib-flashcode/lib_gd32/libflashcode.a(flashcode.o)
                                         0x39 (size before relaxing)
 .rodata.udp_bind.str1.1
                0x0000000008006ab6        0x5 ../lib-network/lib_gd32/libnetwork.a(udp.o)
 .rodata.udp_unbind.str1.1
                0x0000000008006abb        0x8 ../lib-network/lib_gd32/libnetwork.a(udp.o)
 .rodata.udp_send.str1.1
                0x0000000008006ac3       0x39 ../lib-network/lib_gd32/libnetwork.a(udp.o)
 .rodata._ZN10TFTPDaemon13HandleRequestEv.str1.1
                0x0000000008006afc       0x53 ../lib-network/lib_gd32/libnetwork.a(tftpdaemon.o)
 .rodata._ZN10TFTPDaemon14HandleRecvDataEv.str1.1
                0x0000000008006b4f        0xd ../lib-network/lib_gd32/libnetwork.a(tftpdaemon.o)
 .rodata._ZTV10TFTPDaemon
                0x0000000008006b5c       0x28 ../lib-network/lib_gd32/libnetwork.a(tftpdaemon.o)
                0x0000000008006b5c                vtable for TFTPDaemon
 .rodata._ZN7NetworkC2Ev.str1.1
                0x0000000008006b84        0x5 ../lib-network/lib_gd32/libnetwork.a(network.o)
 .rodata._ZN7Network4InitEP18NetworkParamsStore.str1.1
                0x0000000008006b89        0xc ../lib-network/lib_gd32/libnetwork.a(network.o)
 .rodata._ZN7Network5PrintEv.str1.1
                0x0000000008006b95       0xd7 ../lib-network/lib_gd32/libnetwork.a(network.o)
 .rodata.console_init.str1.1
                0x0000000008006c6c        0xc ../lib-hal/lib_gd32/libhal.a(console_uart0.o)
 .rodata.console_set_fg_color.str1.1
                0x0000000008006c78       0x1e ../lib-hal/lib_gd32/libhal.a(console_uart0.o)
 .rodata._ZN15FirmwareVersionC2EPKcS1_S1_.str1.1
                0x0000000008006c96       0x24 ../lib-hal/lib_gd32/libhal.a(firmwareversion.o)
                                         0x2f (size before relaxing)
 *fill*         0x0000000008006cba        0x2 
 .rodata.days_of_month
                0x0000000008006cbc       0x30 ../lib-c/lib_gd32/libc.a(time.o)
                0x0000000008006cec                . = ALIGN (0x4)

.ARM.extab
 *(.ARM.extab* .gnu.linkonce.armextab.*)

.ARM            0x0000000008006cec        0x8
                0x0000000008006cec                __exidx_start = .
 *(.ARM.exidx*)
 .ARM.exidx.text.__udivmoddi4
                0x0000000008006cec        0x8 /Applications/ArmGNUToolchain/11.3.rel1/arm-none-eabi/bin/../lib/gcc/arm-none-eabi/11.3.1/thumb/v7e-m+fp/softfp/libgcc.a(_udivmoddi4.o)
                0x0000000008006cf4                __exidx_end = .

.rel.dyn        0x0000000008006cf4        0x0
 .rel.iplt      0x0000000008006cf4        0x0 build_gd32/startup_gd32f407.o

.ARM.attributes
                0x0000000008006cf4       0x33
 *(.ARM.attributes)
 .ARM.attributes
                0x0000000008006cf4       0x21 build_gd32/startup_gd32f407.o
 .ARM.attributes
                0x0000000008006d15       0x32 build_gd32/firmware/main.o
 .ARM.attributes
                0x0000000008006d47       0x32 build_gd32/lib/networkdisplay.o
 .ARM.attributes
                0x0000000008006d79       0x32 /Applications/ArmGNUToolchain/11.3.rel1/arm-none-eabi/bin/../lib/gcc/arm-none-eabi/11.3.1/thumb/v7e-m+fp/softfp/libgcc.a(_popcountsi2.o)
 .ARM.attributes
                0x0000000008006dab       0x32 ../lib-c/lib_gd32/libc.a(printf.o)
 .ARM.attributes
                0x0000000008006ddd       0x1e /Applications/ArmGNUToolchain/11.3.rel1/arm-none-eabi/bin/../lib/gcc/arm-none-eabi/11.3.1/thumb/v7e-m+fp/softfp/libgcc.a(_aeabi_uldivmod.o)
 .ARM.attributes
                0x0000000008006dfb       0x32 /Applications/ArmGNUToolchain/11.3.rel1/arm-none-eabi/bin/../lib/gcc/arm-none-eabi/11.3.1/thumb/v7e-m+fp/softfp/libgcc.a(_udivmoddi4.o)
 .ARM.attributes
                0x0000000008006e2d       0x1e /Applications/ArmGNUToolchain/11.3.rel1/arm-none-eabi/bin/../lib/gcc/arm-none-eabi/11.3.1/thumb/v7e-m+fp/softfp/libgcc.a(_dvmd_tls.o)
 .ARM.attributes
                0x0000000008006e4b       0x32 ../lib-remoteconfig/lib_gd32/libremoteconfig.a(remoteconfig.o)
 .ARM.attributes
                0x0000000008006e7d       0x32 ../lib-remoteconfig/lib_gd32/libremoteconfig.a(remoteconfigfactory.o)
 .ARM.attributes
                0x0000000008006eaf       0x32 ../lib-remoteconfig/lib_gd32/libremoteconfig.a(remoteconfigparams.o)
 .ARM.attributes
                0x0000000008006ee1       0x32 ../lib-remoteconfig/lib_gd32/libremoteconfig.a(remoteconfigreboot.o)
 .ARM.attributes
                0x0000000008006f13       0x32 ../lib-remoteconfig/lib_gd32/libremoteconfig.a(tftpfileserver.o)
 .ARM.attributes
                0x0000000008006f45       0x32 ../lib-remoteconfig/lib_gd32/libremoteconfig.a(tftpfileserver.o)
 .ARM.attributes
                0x0000000008006f77       0x32 ../lib-flashcodeinstall/lib_gd32/libflashcodeinstall.a(flashcodeinstall.o)
 .ARM.attributes
                0x0000000008006fa9       0x32 ../lib-flashcodeinstall/lib_gd32/libflashcodeinstall.a(flashcodeinstall.o)
 .ARM.attributes
                0x0000000008006fdb       0x32 ../lib-configstore/lib_gd32/libconfigstore.a(configstore.o)
 .ARM.attributes
                0x000000000800700d       0x32 ../lib-configstore/lib_gd32/libconfigstore.a(storenetwork.o)
 .ARM.attributes
                0x000000000800703f       0x32 ../lib-configstore/lib_gd32/libconfigstore.a(storeremoteconfig.o)
 .ARM.attributes
                0x0000000008007071       0x32 ../lib-configstore/lib_gd32/libconfigstore.a(storedevice.o)
 .ARM.attributes
                0x00000000080070a3       0x32 ../lib-display/lib_gd32/libdisplay.a(display.o)
 .ARM.attributes
                0x00000000080070d5       0x32 ../lib-display/lib_gd32/libdisplay.a(ssd1306.o)
 .ARM.attributes
                0x0000000008007107       0x32 ../lib-display/lib_gd32/libdisplay.a(display_timeout.o)
 .ARM.attributes
                0x0000000008007139       0x32 ../lib-flashcode/lib_gd32/libflashcode.a(flashcode.o)
 .ARM.attributes
                0x000000000800716b       0x32 ../lib-flashcode/lib_gd32/libflashcode.a(flashcode.o)
 .ARM.attributes
                0x000000000800719d       0x32 ../lib-flashcode/lib_gd32/libflashcode.a(fmc_operation.o)
 .ARM.attributes
                0x00000000080071cf       0x32 ../lib-network/lib_gd32/libnetwork.a(net.o)
 .ARM.attributes
                0x0000000008007201       0x32 ../lib-network/lib_gd32/libnetwork.a(net_timers.o)
 .ARM.attributes
                0x0000000008007233       0x32 ../lib-network/lib_gd32/libnetwork.a(rfc3927.o)
 .ARM.attributes
                0x0000000008007265       0x32 ../lib-network/lib_gd32/libnetwork.a(tcp.o)
 .ARM.attributes
                0x0000000008007297       0x32 ../lib-network/lib_gd32/libnetwork.a(udp.o)
 .ARM.attributes
                0x00000000080072c9       0x32 ../lib-network/lib_gd32/libnetwork.a(tftpdaemon.o)
 .ARM.attributes
                0x00000000080072fb       0x32 ../lib-network/lib_gd32/libnetwork.a(network.o)
 .ARM.attributes
                0x000000000800732d       0x32 ../lib-network/lib_gd32/libnetwork.a(networkparams.o)
 .ARM.attributes
                0x000000000800735f       0x32 ../lib-network/lib_gd32/libnetwork.a(networkparamsdump.o)
 .ARM.attributes
                0x0000000008007391       0x32 ../lib-network/lib_gd32/libnetwork.a(arp.o)
 .ARM.attributes
                0x00000000080073c3       0x32 ../lib-network/lib_gd32/libnetwork.a(arp_cache.o)
 .ARM.attributes
                0x00000000080073f5       0x32 ../lib-network/lib_gd32/libnetwork.a(dhcp.o)
 .ARM.attributes
                0x0000000008007427       0x32 ../lib-network/lib_gd32/libnetwork.a(igmp.o)
 .ARM.attributes
                0x0000000008007459       0x32 ../lib-network/lib_gd32/libnetwork.a(ip.o)
 .ARM.attributes
                0x000000000800748b       0x32 ../lib-network/lib_gd32/libnetwork.a(net_chksum.o)
 .ARM.attributes
                0x00000000080074bd       0x32 ../lib-network/lib_gd32/libnetwork.a(icmp.o)
 .ARM.attributes
                0x00000000080074ef       0x32 ../lib-hal/lib_gd32/libhal.a(console_uart0.o)
 .ARM.attributes
                0x0000000008007521       0x32 ../lib-hal/lib_gd32/libhal.a(firmwareversion.o)
 .ARM.attributes
                0x0000000008007553       0x32 ../lib-hal/lib_gd32/libhal.a(ledblink.o)
 .ARM.attributes
                0x0000000008007585       0x32 ../lib-hal/lib_gd32/libhal.a(hardware.o)
 .ARM.attributes
                0x00000000080075b7       0x32 ../lib-c++/lib_gd32/libc++.a(delete.o)
 .ARM.attributes
                0x00000000080075e9       0x32 ../lib-c++/lib_gd32/libc++.a(new.o)
 .ARM.attributes
                0x000000000800761b       0x32 ../lib-c/lib_gd32/libc.a(malloc.o)
 .ARM.attributes
                0x000000000800764d       0x32 ../lib-c/lib_gd32/libc.a(memmove.o)
 .ARM.attributes
                0x000000000800767f       0x32 ../lib-c/lib_gd32/libc.a(memset.o)
 .ARM.attributes
                0x00000000080076b1       0x32 ../lib-c/lib_gd32/libc.a(puts.o)
 .ARM.attributes
                0x00000000080076e3       0x32 ../lib-c/lib_gd32/libc.a(time.o)
 .ARM.attributes
                0x0000000008007715       0x32 ../lib-c/lib_gd32/libc.a(time.o)
 .ARM.attributes
                0x0000000008007747       0x32 ../lib-gd32/lib_gd32/libgd32.a(gd32_uart0.o)
 .ARM.attributes
                0x0000000008007779       0x32 ../lib-gd32/lib_gd32/libgd32.a(systick.o)
 .ARM.attributes
                0x00000000080077ab       0x32 ../lib-gd32/lib_gd32/libgd32.a(system_gd32f4xx.o)
 .ARM.attributes
                0x00000000080077dd       0x32 ../lib-gd32/lib_gd32/libgd32.a(gd32f4xx_fmc.o)
 .ARM.attributes
                0x000000000800780f       0x32 ../lib-gd32/lib_gd32/libgd32.a(gd32f4xx_fwdgt.o)
 .ARM.attributes
                0x0000000008007841       0x32 ../lib-gd32/lib_gd32/libgd32.a(gd32f4xx_gpio.o)
 .ARM.attributes
                0x0000000008007873       0x32 ../lib-gd32/lib_gd32/libgd32.a(gd32f4xx_pmu.o)
 .ARM.attributes
                0x00000000080078a5       0x32 ../lib-gd32/lib_gd32/libgd32.a(gd32f4xx_rcu.o)
 .ARM.attributes
                0x00000000080078d7       0x32 ../lib-gd32/lib_gd32/libgd32.a(gd32f4xx_timer.o)
 .ARM.attributes
                0x0000000008007909       0x32 ../lib-gd32/lib_gd32/libgd32.a(gd32f4xx_usart.o)
 .ARM.attributes
                0x000000000800793b       0x32 ../lib-gd32/lib_gd32/libgd32.a(net.o)
 .ARM.attributes
                0x000000000800796d       0x32 ../lib-gd32/lib_gd32/libgd32.a(bkp.o)
 .ARM.attributes
                0x000000000800799f       0x32 ../lib-gd32/lib_gd32/libgd32.a(gd32_adc.o)
 .ARM.attributes
                0x00000000080079d1       0x32 ../lib-gd32/lib_gd32/libgd32.a(gd32_i2c.o)
 .ARM.attributes
                0x0000000008007a03       0x32 ../lib-gd32/lib_gd32/libgd32.a(gd32_uart.o)
 .ARM.attributes
                0x0000000008007a35       0x32 ../lib-gd32/lib_gd32/libgd32.a(micros.o)
 .ARM.attributes
                0x0000000008007a67       0x32 ../lib-gd32/lib_gd32/libgd32.a(udelay.o)
 .ARM.attributes
                0x0000000008007a99       0x32 ../lib-gd32/lib_gd32/libgd32.a(emac.o)
 .ARM.attributes
                0x0000000008007acb       0x32 ../lib-gd32/lib_gd32/libgd32.a(net_link_check.o)
 .ARM.attributes
                0x0000000008007afd       0x32 ../lib-gd32/lib_gd32/libgd32.a(gd32f4xx_adc.o)
 .ARM.attributes
                0x0000000008007b2f       0x32 ../lib-gd32/lib_gd32/libgd32.a(gd32f4xx_enet.o)
 .ARM.attributes
                0x0000000008007b61       0x32 ../lib-gd32/lib_gd32/libgd32.a(gd32f4xx_i2c.o)
 .ARM.attributes
                0x0000000008007b93       0x32 ../lib-gd32/lib_gd32/libgd32.a(gd32f4xx_syscfg.o)
 .ARM.attributes
                0x0000000008007bc5       0x32 ../lib-gd32/lib_gd32/libgd32.a(mac_address.o)

.preinit_array  0x0000000008006cf4        0x0
                [!provide]                        PROVIDE (__preinit_array_start = .)
 *(.preinit_array*)
                [!provide]                        PROVIDE (__preinit_array_end = .)

.init_array     0x0000000008006cf4        0x0
                [!provide]                        PROVIDE (__init_array_start = .)
 *(SORT_BY_NAME(.init_array.*))
 *(.init_array*)
                [!provide]                        PROVIDE (__init_array_end = .)

.fini_array     0x0000000008006cf4        0x0
                [!provide]                        PROVIDE (__fini_array_start = .)
 *(.fini_array*)
 *(SORT_BY_NAME(.fini_array.*))
                [!provide]                        PROVIDE (__fini_array_end = .)
                0x0000000008006cf4                _sidata = LOADADDR (.data)

.data           0x0000000020000000       0x70 load address 0x0000000008006cf4
                0x0000000020000000                . = ALIGN (0x4)
                0x0000000020000000                _sdata = .
 *(.data)
 *(.data*)
 .data.s_multicast_mac
                0x0000000020000000        0x6 ../lib-network/lib_gd32/libnetwork.a(udp.o)
 *fill*         0x0000000020000006        0x2 
 .data.next_block
                0x0000000020000008        0x4 ../lib-c/lib_gd32/libc.a(malloc.o)
 .data.s_block_bucket
                0x000000002000000c       0x60 ../lib-c/lib_gd32/libc.a(malloc.o)
 .data.SystemCoreClock
                0x000000002000006c        0x4 ../lib-gd32/lib_gd32/libgd32.a(system_gd32f4xx.o)
                0x000000002000006c                SystemCoreClock
                0x0000000020000070                . = ALIGN (0x4)
                0x0000000020000070                _edata = .

.igot.plt       0x0000000020000070        0x0 load address 0x0000000008006d64
 .igot.plt      0x0000000020000070        0x0 build_gd32/startup_gd32f407.o
                0x0000000020000070                . = ALIGN (0x4)

.bss            0x0000000020000070     0x33d4 load address 0x0000000008006d64
                0x0000000020000070                _sbss = .
                0x0000000020000070                __bss_start__ = _sbss
 *(.bss)
 *(.bss*)
 .bss.outptr    0x0000000020000070        0x4 ../lib-c/lib_gd32/libc.a(printf.o)
 .bss._ZN12RemoteConfig12s_pUdpBufferE
                0x0000000020000074        0x4 ../lib-remoteconfig/lib_gd32/libremoteconfig.a(remoteconfig.o)
                0x0000000020000074                RemoteConfig::s_pUdpBuffer
 .bss._ZN12RemoteConfig21s_RemoteConfigListBinE
                0x0000000020000078       0x21 ../lib-remoteconfig/lib_gd32/libremoteconfig.a(remoteconfig.o)
                0x0000000020000078                RemoteConfig::s_RemoteConfigListBin
 *fill*         0x0000000020000099        0x3 
 .bss._ZN12RemoteConfig7s_pThisE
                0x000000002000009c        0x4 ../lib-remoteconfig/lib_gd32/libremoteconfig.a(remoteconfig.o)
                0x000000002000009c                RemoteConfig::s_pThis
 .bss._ZN16FlashCodeInstall7s_pThisE
                0x00000000200000a0        0x4 ../lib-flashcodeinstall/lib_gd32/libflashcodeinstall.a(flashcodeinstall.o)
                0x00000000200000a0                FlashCodeInstall::s_pThis
 .bss._ZN11ConfigStore13s_nWaitMillisE
                0x00000000200000a4        0x4 ../lib-configstore/lib_gd32/libconfigstore.a(configstore.o)
                0x00000000200000a4                ConfigStore::s_nWaitMillis
 .bss._ZN11ConfigStore15s_nStartAddressE
                0x00000000200000a8        0x4 ../lib-configstore/lib_gd32/libconfigstore.a(configstore.o)
                0x00000000200000a8                ConfigStore::s_nStartAddress
 .bss._ZN11ConfigStore16s_bHaveFlashChipE
                0x00000000200000ac        0x1 ../lib-configstore/lib_gd32/libconfigstore.a(configstore.o)
                0x00000000200000ac                ConfigStore::s_bHaveFlashChip
 *fill*         0x00000000200000ad        0x3 
 .bss._ZN11ConfigStore20s_nSpiFlashStoreSizeE
                0x00000000200000b0        0x4 ../lib-configstore/lib_gd32/libconfigstore.a(configstore.o)
                0x00000000200000b0                ConfigStore::s_nSpiFlashStoreSize