Archive member included to satisfy reference by file (symbol)

/Applications/ArmGNUToolchain/11.3.rel1/arm-none-eabi/bin/../lib/gcc/arm-none-eabi/11.3.1/thumb/v7e-m+fp/softfp/libgcc.a(_popcountsi2.o)
                              build_gd32/lib/networkdisplay.o (__popcountsi2)
../lib-c/lib_gd32/libc.a(printf.o)
                              build_gd32/firmware/main.o (vsnprintf)
/Applications/ArmGNUToolchain/11.3.rel1/arm-none-eabi/bin/../lib/gcc/arm-none-eabi/11.3.1/thumb/v7e-m+fp/softfp/libgcc.a(_aeabi_uldivmod.o)
                              ../lib-c/lib_gd32/libc.a(printf.o) (__aeabi_uldivmod)
/Applications/ArmGNUToolchain/11.3.rel1/arm-none-eabi/bin/../lib/gcc/arm-none-eabi/11.3.1/thumb/v7e-m+fp/softfp/libgcc.a(_udivmoddi4.o)
                              /Applications/ArmGNUToolchain/11.3.rel1/arm-none-eabi/bin/../lib/gcc/arm-none-eabi/11.3.1/thumb/v7e-m+fp/softfp/libgcc.a(_aeabi_uldivmod.o) (__udivmoddi4)
/Applications/ArmGNUToolchain/11.3.rel1/arm-none-eabi/bin/../lib/gcc/arm-none-eabi/11.3.1/thumb/v7e-m+fp/softfp/libgcc.a(_dvmd_tls.o)
                              /Applications/ArmGNUToolchain/11.3.rel1/arm-none-eabi/bin/../lib/gcc/arm-none-eabi/11.3.1/thumb/v7e-m+fp/softfp/libgcc.a(_aeabi_uldivmod.o) (__aeabi_ldiv0)
../lib-display/lib_gd32/libdisplay.a(display.o)
                              build_gd32/firmware/main.o (Display::Display(unsigned int))
../lib-display/lib_gd32/libdisplay.a(ssd1306.o)
                              ../lib-display/lib_gd32/libdisplay.a(display.o) (Ssd1306::Ssd1306(TOledPanel))
../lib-display/lib_gd32/libdisplay.a(display_timeout.o)
                              ../lib-display/lib_gd32/libdisplay.a(display.o) (display::timeout::gpio_init())
../lib-spiflashstore/lib_gd32/libspiflashstore.a(spiflashstore.o)
                              build_gd32/firmware/main.o (SpiFlashStore::SpiFlashStore())
../lib-spiflashstore/lib_gd32/libspiflashstore.a(storenetwork.o)
                              build_gd32/firmware/main.o (StoreNetwork::StoreNetwork())
../lib-spiflashstore/lib_gd32/libspiflashstore.a(storeremoteconfig.o)
                              build_gd32/firmware/main.o (StoreRemoteConfig::StoreRemoteConfig())
../lib-remoteconfig/lib_gd32/libremoteconfig.a(remoteconfig.o)
                              build_gd32/firmware/main.o (RemoteConfig::RemoteConfig(remoteconfig::Node, remoteconfig::Output, unsigned int))
../lib-remoteconfig/lib_gd32/libremoteconfig.a(remoteconfigfactory.o)
                              ../lib-remoteconfig/lib_gd32/libremoteconfig.a(remoteconfig.o) (RemoteConfig::HandleFactory())
../lib-remoteconfig/lib_gd32/libremoteconfig.a(remoteconfigparams.o)
                              build_gd32/firmware/main.o (RemoteConfigParams::RemoteConfigParams(RemoteConfigParamsStore*))
../lib-remoteconfig/lib_gd32/libremoteconfig.a(remoteconfigreboot.o)
                              ../lib-remoteconfig/lib_gd32/libremoteconfig.a(remoteconfig.o) (RemoteConfig::HandleReboot())
../lib-remoteconfig/lib_gd32/libremoteconfig.a(remoteconfigstatic.o)
                              ../lib-remoteconfig/lib_gd32/libremoteconfig.a(remoteconfig.o) (RemoteConfig::GetIndex(void const*, unsigned int&))
../lib-remoteconfig/lib_gd32/libremoteconfig.a(tftpfileserver.o)
                              ../lib-remoteconfig/lib_gd32/libremoteconfig.a(remoteconfig.o) (TFTPFileServer::TFTPFileServer(unsigned char*, unsigned int))
../lib-remoteconfig/lib_gd32/libremoteconfig.a(remoteconfigconst.o)
                              ../lib-remoteconfig/lib_gd32/libremoteconfig.a(remoteconfigparams.o) (RemoteConfigConst::PARAMS_DISPLAY_NAME)
../lib-remoteconfig/lib_gd32/libremoteconfig.a(tftpfileserver.o)
                              ../lib-remoteconfig/lib_gd32/libremoteconfig.a(tftpfileserver.o) (tftpfileserver::is_valid(void const*))
../lib-spiflashinstall/lib_gd32/libspiflashinstall.a(spiflashinstall.o)
                              build_gd32/firmware/main.o (SpiFlashInstall::SpiFlashInstall())
../lib-spiflashinstall/lib_gd32/libspiflashinstall.a(spiflashinstall.o)
                              ../lib-remoteconfig/lib_gd32/libremoteconfig.a(remoteconfig.o) (SpiFlashInstall::WriteFirmware(unsigned char const*, unsigned int))
../lib-spiflash/lib_gd32/libspiflash.a(spi_flash.o)
                              ../lib-spiflashstore/lib_gd32/libspiflashstore.a(spiflashstore.o) (spi_flash_get_name)
../lib-spiflash/lib_gd32/libspiflash.a(fmc_operation.o)
                              ../lib-spiflash/lib_gd32/libspiflash.a(spi_flash.o) (fmc_sector_info_get)
../lib-network/lib_gd32/libnetwork.a(net.o)
                              build_gd32/firmware/main.o (net_handle)
../lib-network/lib_gd32/libnetwork.a(net_timers.o)
                              ../lib-network/lib_gd32/libnetwork.a(net.o) (net_timers_run)
../lib-network/lib_gd32/libnetwork.a(rfc3927.o)
                              ../lib-network/lib_gd32/libnetwork.a(net.o) (rfc3927_init)
../lib-network/lib_gd32/libnetwork.a(tcp.o)
[...]
Memory Configuration

Name             Origin             Length             Attributes
FLASH            0x0000000008000000 0x0000000000008000 xr
TCMSRAM          0x0000000010000000 0x0000000000010000 rw
RAM              0x0000000020000000 0x0000000000020000 xrw
RAMADD           0x0000000020030000 0x0000000000000000 xrw
BKPSRAM          0x0000000040024000 0x0000000000001000 rw
*default*        0x0000000000000000 0xffffffffffffffff

Linker script and memory map

LOAD build_gd32/startup_gd32f407.o
LOAD build_gd32/firmware/main.o
LOAD build_gd32/lib/networkdisplay.o
LOAD build_gd32/lib/ntpclientdisplay.o
                0x000000000001ac00                __heap_size = DEFINED (__heap_size)?__heap_size:0x1ac00
                0x0000000000000400                __stack_size = DEFINED (__stack_size)?__stack_size:0x400

.vectors        0x0000000008000000      0x188
                0x0000000008000000                . = ALIGN (0x4)
 *(.vectors)
 .vectors       0x0000000008000000      0x188 build_gd32/startup_gd32f407.o
                0x0000000008000000                __gVectors
                0x0000000008000188                . = ALIGN (0x4)
                0x0000000008000188                __Vectors_End = .
                0x0000000008000188                __Vectors_Size = (__Vectors_End - __gVectors)

.text           0x0000000008000188     0x5f60
                0x0000000008000188                . = ALIGN (0x4)
 *(.text.unlikely*)
 .text.unlikely.net_init
                0x0000000008000188       0x98 ../lib-network/lib_gd32/libnetwork.a(net.o)
                0x0000000008000188                net_init
 .text.unlikely.net_shutdown
                0x0000000008000220       0x1c ../lib-network/lib_gd32/libnetwork.a(net.o)
                0x0000000008000220                net_shutdown
 .text.unlikely.rfc3927_init
                0x000000000800023c       0x18 ../lib-network/lib_gd32/libnetwork.a(rfc3927.o)
                0x000000000800023c                rfc3927_init
 .text.unlikely.tcp_init
                0x0000000008000254       0x44 ../lib-network/lib_gd32/libnetwork.a(tcp.o)
                0x0000000008000254                tcp_init
 .text.unlikely.udp_init
                0x0000000008000298       0x50 ../lib-network/lib_gd32/libnetwork.a(udp.o)
                0x0000000008000298                udp_init
 .text.unlikely.udp_shutdown
                0x00000000080002e8        0x2 ../lib-network/lib_gd32/libnetwork.a(udp.o)
                0x00000000080002e8                udp_shutdown
 *fill*         0x00000000080002ea        0x2 
 .text.unlikely.arp_init
                0x00000000080002ec       0xf8 ../lib-network/lib_gd32/libnetwork.a(arp.o)
                0x00000000080002ec                arp_init
 .text.unlikely.arp_cache_init
                0x00000000080003e4       0x30 ../lib-network/lib_gd32/libnetwork.a(arp_cache.o)
                0x00000000080003e4                arp_cache_init
 .text.unlikely.igmp_init
                0x0000000008000414       0xa8 ../lib-network/lib_gd32/libnetwork.a(igmp.o)
                0x0000000008000414                igmp_init
 .text.unlikely.igmp_shutdown
                0x00000000080004bc       0x1c ../lib-network/lib_gd32/libnetwork.a(igmp.o)
                0x00000000080004bc                igmp_shutdown
 .text.unlikely.ip_init
                0x00000000080004d8       0x16 ../lib-network/lib_gd32/libnetwork.a(ip.o)
                0x00000000080004d8                ip_init
 .text.unlikely.ip_shutdown
                0x00000000080004ee        0xe ../lib-network/lib_gd32/libnetwork.a(ip.o)
                0x00000000080004ee                ip_shutdown
 .text.unlikely.console_init
                0x00000000080004fc       0x20 ../lib-hal/lib_gd32/libhal.a(console_uart0.o)
                0x00000000080004fc                console_init
 *(.text.hot*)
 .text.hot.net_handle
                0x000000000800051c       0x38 ../lib-network/lib_gd32/libnetwork.a(net.o)
                0x000000000800051c                net_handle
 .text.hot.udp_handle
                0x0000000008000554       0xac ../lib-network/lib_gd32/libnetwork.a(udp.o)
                0x0000000008000554                udp_handle
 .text.hot.arp_handle
                0x0000000008000600       0x18 ../lib-network/lib_gd32/libnetwork.a(arp.o)
                0x0000000008000600                arp_handle
 .text.hot.igmp_handle
                0x0000000008000618       0x9c ../lib-network/lib_gd32/libnetwork.a(igmp.o)
                0x0000000008000618                igmp_handle
 .text.hot.ip_handle
                0x00000000080006b4       0x26 ../lib-network/lib_gd32/libnetwork.a(ip.o)
                0x00000000080006b4                ip_handle
 *fill*         0x00000000080006da        0x2 
 .text.hot.icmp_handle
                0x00000000080006dc       0x98 ../lib-network/lib_gd32/libnetwork.a(icmp.o)
                0x00000000080006dc                icmp_handle
 *(.text)
 .text          0x0000000008000774       0x58 build_gd32/startup_gd32f407.o
                0x0000000008000788                Reset_Handler
 .text          0x00000000080007cc       0x30 /Applications/ArmGNUToolchain/11.3.rel1/arm-none-eabi/bin/../lib/gcc/arm-none-eabi/11.3.1/thumb/v7e-m+fp/softfp/libgcc.a(_aeabi_uldivmod.o)
                0x00000000080007cc                __aeabi_uldivmod
 .text          0x00000000080007fc        0x4 /Applications/ArmGNUToolchain/11.3.rel1/arm-none-eabi/bin/../lib/gcc/arm-none-eabi/11.3.1/thumb/v7e-m+fp/softfp/libgcc.a(_dvmd_tls.o)
                0x00000000080007fc                __aeabi_ldiv0
                0x00000000080007fc                __aeabi_idiv0
 *(.text*)
 .text.Default_Handler
                0x0000000008000800        0x2 build_gd32/startup_gd32f407.o
                0x0000000008000800                USBHS_EP1_Out_IRQHandler
                0x0000000008000800                EXTI2_IRQHandler
                0x0000000008000800                TIMER2_IRQHandler
                0x0000000008000800                DebugMon_Handler
                0x0000000008000800                LVD_IRQHandler
                0x0000000008000800                CAN1_EWMC_IRQHandler
                0x0000000008000800                HardFault_Handler
                0x0000000008000800                TIMER7_UP_TIMER12_IRQHandler
                0x0000000008000800                SDIO_IRQHandler
                0x0000000008000800                PendSV_Handler
                0x0000000008000800                NMI_Handler
                0x0000000008000800                EXTI3_IRQHandler
                0x0000000008000800                DCI_IRQHandler
                0x0000000008000800                USBFS_WKUP_IRQHandler
                0x0000000008000800                USBHS_IRQHandler
                0x0000000008000800                TIMER5_DAC_IRQHandler
                0x0000000008000800                TIMER0_TRG_CMT_TIMER10_IRQHandler
                0x0000000008000800                USBFS_IRQHandler
                0x0000000008000800                TIMER3_IRQHandler
                0x0000000008000800                DMA0_Channel6_IRQHandler
                0x0000000008000800                I2C0_EV_IRQHandler
                0x0000000008000800                EXTI0_IRQHandler
                0x0000000008000800                I2C2_EV_IRQHandler
                0x0000000008000800                CAN1_RX0_IRQHandler
                0x0000000008000800                FPU_IRQHandler
                0x0000000008000800                TIMER7_TRG_CMT_TIMER13_IRQHandler
                0x0000000008000800                UsageFault_Handler
                0x0000000008000800                TIMER4_IRQHandler
                0x0000000008000800                SPI1_IRQHandler
                0x0000000008000800                DMA0_Channel0_IRQHandler
                0x0000000008000800                USART5_IRQHandler
                0x0000000008000800                TIMER0_BRK_TIMER8_IRQHandler
                0x0000000008000800                DMA1_Channel0_IRQHandler
                0x0000000008000800                TIMER7_BRK_TIMER11_IRQHandler
                0x0000000008000800                TIMER6_IRQHandler
                0x0000000008000800                DMA1_Channel4_IRQHandler
                0x0000000008000800                DMA0_Channel3_IRQHandler
                0x0000000008000800                I2C0_ER_IRQHandler
                0x0000000008000800                TIMER0_UP_TIMER9_IRQHandler
                0x0000000008000800                DMA1_Channel7_IRQHandler
                0x0000000008000800                CAN1_RX1_IRQHandler
                0x0000000008000800                DMA0_Channel2_IRQHandler
                0x0000000008000800                TIMER1_IRQHandler
                0x0000000008000800                I2C1_EV_IRQHandler
                0x0000000008000800                DMA1_Channel6_IRQHandler
                0x0000000008000800                UART4_IRQHandler
                0x0000000008000800                EXTI10_15_IRQHandler
                0x0000000008000800                DMA1_Channel1_IRQHandler
                0x0000000008000800                Default_Handler
                0x0000000008000800                TIMER7_Channel_IRQHandler
                0x0000000008000800                DMA0_Channel7_IRQHandler
                0x0000000008000800                ADC_IRQHandler
                0x0000000008000800                CAN0_TX_IRQHandler
                0x0000000008000800                WWDGT_IRQHandler
                0x0000000008000800                EXMC_IRQHandler
                0x0000000008000800                TAMPER_STAMP_IRQHandler
                0x0000000008000800                RTC_WKUP_IRQHandler
                0x0000000008000800                SPI2_IRQHandler
                0x0000000008000800                MemManage_Handler
                0x0000000008000800                CAN1_TX_IRQHandler
                0x0000000008000800                SVC_Handler
                0x0000000008000800                RCU_CTC_IRQHandler
                0x0000000008000800                DMA1_Channel5_IRQHandler
                0x0000000008000800                EXTI4_IRQHandler
                0x0000000008000800                CAN0_RX1_IRQHandler
                0x0000000008000800                DMA0_Channel5_IRQHandler
                0x0000000008000800                DMA1_Channel3_IRQHandler
                0x0000000008000800                EXTI5_9_IRQHandler
                0x0000000008000800                DMA0_Channel1_IRQHandler
                0x0000000008000800                TIMER0_Channel_IRQHandler
                0x0000000008000800                EXTI1_IRQHandler
                0x0000000008000800                ENET_WKUP_IRQHandler
                0x0000000008000800                USBHS_EP1_In_IRQHandler
                0x0000000008000800                SPI0_IRQHandler
                0x0000000008000800                USART2_IRQHandler
                0x0000000008000800                CAN0_EWMC_IRQHandler
                0x0000000008000800                CAN0_RX0_IRQHandler
                0x0000000008000800                I2C2_ER_IRQHandler
                0x0000000008000800                DMA1_Channel2_IRQHandler
                0x0000000008000800                BusFault_Handler
                0x0000000008000800                USART1_IRQHandler
                0x0000000008000800                UART3_IRQHandler
                0x0000000008000800                I2C1_ER_IRQHandler
                0x0000000008000800                FMC_IRQHandler
                0x0000000008000800                USBHS_WKUP_IRQHandler
                0x0000000008000800                DMA0_Channel4_IRQHandler
                0x0000000008000800                TRNG_IRQHandler
                0x0000000008000800                ENET_IRQHandler
                0x0000000008000800                RTC_Alarm_IRQHandler
 .text._ZN7Display6PrintfEhPKcz
                0x0000000008000802       0x38 build_gd32/firmware/main.o
                0x0000000008000802                Display::Printf(unsigned char, char const*, ...)
 .text._ZN8Hardware13RebootHandlerEv
                0x000000000800083a        0x2 build_gd32/firmware/main.o
                0x000000000800083a                Hardware::RebootHandler()
 .text.startup.main
                0x000000000800083c      0x1d8 build_gd32/firmware/main.o
                0x000000000800083c                main
 .text._ZN7Display9PutStringEPKc.isra.0
                0x0000000008000a14        0xa build_gd32/lib/networkdisplay.o
 .text._ZN7Display9ClearLineEh.isra.0
                0x0000000008000a1e        0xa build_gd32/lib/networkdisplay.o
 .text._ZN7Display6StatusE22Display7SegmentMessage
                0x0000000008000a28       0x34 build_gd32/lib/networkdisplay.o
                0x0000000008000a28                Display::Status(Display7SegmentMessage)
 .text._ZN14NetworkDisplay13ShowEmacStartEv
                0x0000000008000a5c       0x24 build_gd32/lib/networkdisplay.o
                0x0000000008000a5c                NetworkDisplay::ShowEmacStart()
 .text._ZN14NetworkDisplay6ShowIpEv
                0x0000000008000a80       0x68 build_gd32/lib/networkdisplay.o
                0x0000000008000a80                NetworkDisplay::ShowIp()
 .text._ZN14NetworkDisplay12ShowShutdownEv
                0x0000000008000ae8       0x24 build_gd32/lib/networkdisplay.o
                0x0000000008000ae8                NetworkDisplay::ShowShutdown()
 .text._ZN14NetworkDisplay14ShowDhcpStatusEN7network4dhcp12ClientStatusE
                0x0000000008000b0c       0x70 build_gd32/lib/networkdisplay.o
                0x0000000008000b0c                NetworkDisplay::ShowDhcpStatus(network::dhcp::ClientStatus)
 .text.__popcountsi2
                0x0000000008000b7c       0x28 /Applications/ArmGNUToolchain/11.3.rel1/arm-none-eabi/bin/../lib/gcc/arm-none-eabi/11.3.1/thumb/v7e-m+fp/softfp/libgcc.a(_popcountsi2.o)
                0x0000000008000b7c                __popcountsi2
 .text._xputch  0x0000000008000ba4       0x30 ../lib-c/lib_gd32/libc.a(printf.o)
 .text._format_int
                0x0000000008000bd4       0xd4 ../lib-c/lib_gd32/libc.a(printf.o)
 .text._format_hex
                0x0000000008000ca8       0xba ../lib-c/lib_gd32/libc.a(printf.o)
 *fill*         0x0000000008000d62        0x2 
 .text._vprintf
                0x0000000008000d64      0x234 ../lib-c/lib_gd32/libc.a(printf.o)
 .text.printf   0x0000000008000f98       0x1e ../lib-c/lib_gd32/libc.a(printf.o)
                0x0000000008000f98                printf
 *fill*         0x0000000008000fb6        0x2 
 .text.snprintf
                0x0000000008000fb8       0x30 ../lib-c/lib_gd32/libc.a(printf.o)
                0x0000000008000fb8                snprintf
 .text.vsnprintf
                0x0000000008000fe8       0x20 ../lib-c/lib_gd32/libc.a(printf.o)
                0x0000000008000fe8                vsnprintf
 .text.__udivmoddi4
                0x0000000008001008      0x2c8 /Applications/ArmGNUToolchain/11.3.rel1/arm-none-eabi/bin/../lib/gcc/arm-none-eabi/11.3.1/thumb/v7e-m+fp/softfp/libgcc.a(_udivmoddi4.o)
                0x0000000008001008                __udivmoddi4
 .text._ZN7Display9PrintInfoEv.isra.0
                0x00000000080012d0       0x14 ../lib-display/lib_gd32/libdisplay.a(display.o)
 .text._ZN7HAL_I2C13WriteRegisterEht
                0x00000000080012e4       0x2a ../lib-display/lib_gd32/libdisplay.a(display.o)
                0x00000000080012e4                HAL_I2C::WriteRegister(unsigned char, unsigned short)
 .text._ZN7HAL_I2C12IsConnected_Ehj
                0x000000000800130e       0x3c ../lib-display/lib_gd32/libdisplay.a(display.o)
                0x000000000800130e                HAL_I2C::IsConnected_(unsigned char, unsigned int)
 .text._ZN7Display14Detect7SegmentEv
                0x000000000800134a       0x32 ../lib-display/lib_gd32/libdisplay.a(display.o)
                0x000000000800134a                Display::Detect7Segment()
 .text._ZN7Display6DetectEj
                0x000000000800137c       0x58 ../lib-display/lib_gd32/libdisplay.a(display.o)
                0x000000000800137c                Display::Detect(unsigned int)
 .text._ZN7DisplayC2Ej
                0x00000000080013d4       0x50 ../lib-display/lib_gd32/libdisplay.a(display.o)
                0x00000000080013d4                Display::Display(unsigned int)
                0x00000000080013d4                Display::Display(unsigned int)
 .text._ZN7Ssd1306D2Ev
                0x0000000008001424        0x2 ../lib-display/lib_gd32/libdisplay.a(ssd1306.o)
                0x0000000008001424                Ssd1306::~Ssd1306()
                0x0000000008001424                Ssd1306::~Ssd1306()
 .text._ZN7Ssd13069SetCursorEj
                0x0000000008001426        0x2 ../lib-display/lib_gd32/libdisplay.a(ssd1306.o)
                0x0000000008001426                Ssd1306::SetCursor(unsigned int)
 .text._ZN7Ssd13069PrintInfoEv
                0x0000000008001428       0x28 ../lib-display/lib_gd32/libdisplay.a(ssd1306.o)
                0x0000000008001428                Ssd1306::PrintInfo()
 .text._ZN7Ssd1306D0Ev
                0x0000000008001450        0xc ../lib-display/lib_gd32/libdisplay.a(ssd1306.o)
                0x0000000008001450                Ssd1306::~Ssd1306()
 .text._ZN7HAL_I2C5SetupEv
                0x000000000800145c       0x14 ../lib-display/lib_gd32/libdisplay.a(ssd1306.o)
                0x000000000800145c                HAL_I2C::Setup()
 .text._ZN7Ssd13067PutCharEi
                0x0000000008001470       0x2c ../lib-display/lib_gd32/libdisplay.a(ssd1306.o)
                0x0000000008001470                Ssd1306::PutChar(int)
 .text._ZN7Ssd13069PutStringEPKc
                0x000000000800149c       0x16 ../lib-display/lib_gd32/libdisplay.a(ssd1306.o)
                0x000000000800149c                Ssd1306::PutString(char const*)
 .text._ZN7Ssd13064TextEPKcj
                0x00000000080014b2       0x22 ../lib-display/lib_gd32/libdisplay.a(ssd1306.o)
                0x00000000080014b2                Ssd1306::Text(char const*, unsigned int)
 .text._ZN7Ssd130611InitMembersEv
                0x00000000080014d4       0x22 ../lib-display/lib_gd32/libdisplay.a(ssd1306.o)
                0x00000000080014d4                Ssd1306::InitMembers()
 *fill*         0x00000000080014f6        0x2 
 .text._ZN7Ssd1306C2E10TOledPanel
                0x00000000080014f8       0x30 ../lib-display/lib_gd32/libdisplay.a(ssd1306.o)
                0x00000000080014f8                Ssd1306::Ssd1306(TOledPanel)
                0x00000000080014f8                Ssd1306::Ssd1306(TOledPanel)
 .text._ZN7Ssd130611SendCommandEh
                0x0000000008001528       0x20 ../lib-display/lib_gd32/libdisplay.a(ssd1306.o)
                0x0000000008001528                Ssd1306::SendCommand(unsigned char)
 .text._ZN7Ssd130612SetCursorPosEhh
                0x0000000008001548       0x48 ../lib-display/lib_gd32/libdisplay.a(ssd1306.o)
                0x0000000008001548                Ssd1306::SetCursorPos(unsigned char, unsigned char)
 .text._ZN7Ssd13068TextLineEhPKcj
                0x0000000008001590       0x28 ../lib-display/lib_gd32/libdisplay.a(ssd1306.o)
                0x0000000008001590                Ssd1306::TextLine(unsigned char, char const*, unsigned int)
 .text._ZN7Ssd13069ClearLineEh
                0x00000000080015b8       0x40 ../lib-display/lib_gd32/libdisplay.a(ssd1306.o)
                0x00000000080015b8                Ssd1306::ClearLine(unsigned char)
 .text._ZN7Ssd13068SetSleepEb
                0x00000000080015f8        0xc ../lib-display/lib_gd32/libdisplay.a(ssd1306.o)
                0x00000000080015f8                Ssd1306::SetSleep(bool)
 .text._ZN7Ssd130611SetContrastEh
                0x0000000008001604       0x1a ../lib-display/lib_gd32/libdisplay.a(ssd1306.o)
                0x0000000008001604                Ssd1306::SetContrast(unsigned char)
 .text._ZN7Ssd130617SetFlipVerticallyEb
                0x000000000800161e       0x24 ../lib-display/lib_gd32/libdisplay.a(ssd1306.o)
                0x000000000800161e                Ssd1306::SetFlipVertically(bool)
 *fill*         0x0000000008001642        0x2 
 .text._ZN7Ssd130611CheckSH1106Ev
                0x0000000008001644       0xac ../lib-display/lib_gd32/libdisplay.a(ssd1306.o)
                0x0000000008001644                Ssd1306::CheckSH1106()
 .text._ZN7Ssd13063ClsEv
                0x00000000080016f0       0x78 ../lib-display/lib_gd32/libdisplay.a(ssd1306.o)
                0x00000000080016f0                Ssd1306::Cls()
 .text._ZN7Ssd13065StartEv
                0x0000000008001768       0xb4 ../lib-display/lib_gd32/libdisplay.a(ssd1306.o)
                0x0000000008001768                Ssd1306::Start()
 .text._ZN7display7timeout9gpio_initEv
                0x000000000800181c        0x2 ../lib-display/lib_gd32/libdisplay.a(display_timeout.o)
                0x000000000800181c                display::timeout::gpio_init()
 *fill*         0x000000000800181e        0x2 
 .text._ZN13SpiFlashStore14GetStoreOffsetEN13spiflashstore5StoreE
                0x0000000008001820       0x1c ../lib-spiflashstore/lib_gd32/libspiflashstore.a(spiflashstore.o)
                0x0000000008001820                SpiFlashStore::GetStoreOffset(spiflashstore::Store)
 .text._ZN13SpiFlashStore4InitEv
                0x000000000800183c      0x11c ../lib-spiflashstore/lib_gd32/libspiflashstore.a(spiflashstore.o)
                0x000000000800183c                SpiFlashStore::Init()
 .text._ZN13SpiFlashStoreC2Ev
                0x0000000008001958       0x70 ../lib-spiflashstore/lib_gd32/libspiflashstore.a(spiflashstore.o)
                0x0000000008001958                SpiFlashStore::SpiFlashStore()
                0x0000000008001958                SpiFlashStore::SpiFlashStore()
 .text._ZN13SpiFlashStore12ResetSetListEN13spiflashstore5StoreE
                0x00000000080019c8       0x24 ../lib-spiflashstore/lib_gd32/libspiflashstore.a(spiflashstore.o)
                0x00000000080019c8                SpiFlashStore::ResetSetList(spiflashstore::Store)
 .text._ZN13SpiFlashStore6UpdateEN13spiflashstore5StoreEjPKvjjj
                0x00000000080019ec       0x70 ../lib-spiflashstore/lib_gd32/libspiflashstore.a(spiflashstore.o)
                0x00000000080019ec                SpiFlashStore::Update(spiflashstore::Store, unsigned int, void const*, unsigned int, unsigned int, unsigned int)
 .text._ZN13SpiFlashStore4CopyEN13spiflashstore5StoreEPvjj
                0x0000000008001a5c       0x68 ../lib-spiflashstore/lib_gd32/libspiflashstore.a(spiflashstore.o)
                0x0000000008001a5c                SpiFlashStore::Copy(spiflashstore::Store, void*, unsigned int, unsigned int)
 .text._ZN13SpiFlashStore5FlashEv
                0x0000000008001ac4       0x58 ../lib-spiflashstore/lib_gd32/libspiflashstore.a(spiflashstore.o)
                0x0000000008001ac4                SpiFlashStore::Flash()
 .text._ZN12StoreNetworkD2Ev
                0x0000000008001b1c        0x6 ../lib-spiflashstore/lib_gd32/libspiflashstore.a(storenetwork.o)
                0x0000000008001b1c                StoreNetwork::~StoreNetwork()
                0x0000000008001b1c                StoreNetwork::~StoreNetwork()
                0x0000000008001b1e                non-virtual thunk to StoreNetwork::~StoreNetwork()
 *fill*         0x0000000008001b22        0x2 
 .text._ZN12StoreNetwork6UpdateEPKN13networkparams6ParamsE
                0x0000000008001b24       0x24 ../lib-spiflashstore/lib_gd32/libspiflashstore.a(storenetwork.o)
                0x0000000008001b24                StoreNetwork::Update(networkparams::Params const*)
 .text._ZN12StoreNetwork8SaveDhcpEb
                0x0000000008001b48       0x30 ../lib-spiflashstore/lib_gd32/libspiflashstore.a(storenetwork.o)
                0x0000000008001b48                StoreNetwork::SaveDhcp(bool)
                0x0000000008001b70                non-virtual thunk to StoreNetwork::SaveDhcp(bool)
 .text._ZN12StoreNetwork13SaveGatewayIpEj
                0x0000000008001b78       0x30 ../lib-spiflashstore/lib_gd32/libspiflashstore.a(storenetwork.o)
                0x0000000008001b78                StoreNetwork::SaveGatewayIp(unsigned int)
                0x0000000008001ba0                non-virtual thunk to StoreNetwork::SaveGatewayIp(unsigned int)
 .text._ZN12StoreNetwork11SaveNetMaskEj
                0x0000000008001ba8       0x2c ../lib-spiflashstore/lib_gd32/libspiflashstore.a(storenetwork.o)
                0x0000000008001ba8                StoreNetwork::SaveNetMask(unsigned int)
                0x0000000008001bcc                non-virtual thunk to StoreNetwork::SaveNetMask(unsigned int)
 .text._ZN12StoreNetwork6SaveIpEj
                0x0000000008001bd4       0x2c ../lib-spiflashstore/lib_gd32/libspiflashstore.a(storenetwork.o)
                0x0000000008001bd4                StoreNetwork::SaveIp(unsigned int)
                0x0000000008001bf8                non-virtual thunk to StoreNetwork::SaveIp(unsigned int)
 .text._ZN12StoreNetwork12SaveHostNameEPKcj
                0x0000000008001c00       0x34 ../lib-spiflashstore/lib_gd32/libspiflashstore.a(storenetwork.o)
                0x0000000008001c00                StoreNetwork::SaveHostName(char const*, unsigned int)
                0x0000000008001c2c                non-virtual thunk to StoreNetwork::SaveHostName(char const*, unsigned int)
 .text._ZN12StoreNetworkD0Ev
                0x0000000008001c34       0x12 ../lib-spiflashstore/lib_gd32/libspiflashstore.a(storenetwork.o)
                0x0000000008001c34                StoreNetwork::~StoreNetwork()
                0x0000000008001c40                non-virtual thunk to StoreNetwork::~StoreNetwork()
 *fill*         0x0000000008001c46        0x2 
 .text._ZN12StoreNetwork4CopyEPN13networkparams6ParamsE
                0x0000000008001c48       0x1c ../lib-spiflashstore/lib_gd32/libspiflashstore.a(storenetwork.o)
                0x0000000008001c48                StoreNetwork::Copy(networkparams::Params*)
 .text._ZN12StoreNetworkC2Ev
                0x0000000008001c64       0x18 ../lib-spiflashstore/lib_gd32/libspiflashstore.a(storenetwork.o)
                0x0000000008001c64                StoreNetwork::StoreNetwork()
                0x0000000008001c64                StoreNetwork::StoreNetwork()
 .text._ZN17StoreRemoteConfigD2Ev
                0x0000000008001c7c        0x2 ../lib-spiflashstore/lib_gd32/libspiflashstore.a(storeremoteconfig.o)
                0x0000000008001c7c                StoreRemoteConfig::~StoreRemoteConfig()
                0x0000000008001c7c                StoreRemoteConfig::~StoreRemoteConfig()
 *fill*         0x0000000008001c7e        0x2 
 .text._ZN17StoreRemoteConfig4CopyEP19TRemoteConfigParams
                0x0000000008001c80       0x20 ../lib-spiflashstore/lib_gd32/libspiflashstore.a(storeremoteconfig.o)
                0x0000000008001c80                StoreRemoteConfig::Copy(TRemoteConfigParams*)
 .text._ZN17StoreRemoteConfig6UpdateEPK19TRemoteConfigParams
                0x0000000008001ca0       0x24 ../lib-spiflashstore/lib_gd32/libspiflashstore.a(storeremoteconfig.o)
                0x0000000008001ca0                StoreRemoteConfig::Update(TRemoteConfigParams const*)
 .text._ZN17StoreRemoteConfigD0Ev
                0x0000000008001cc4        0xc ../lib-spiflashstore/lib_gd32/libspiflashstore.a(storeremoteconfig.o)
                0x0000000008001cc4                StoreRemoteConfig::~StoreRemoteConfig()
 .text._ZN17StoreRemoteConfigC2Ev
                0x0000000008001cd0       0x14 ../lib-spiflashstore/lib_gd32/libspiflashstore.a(storeremoteconfig.o)
                0x0000000008001cd0                StoreRemoteConfig::StoreRemoteConfig()
                0x0000000008001cd0                StoreRemoteConfig::StoreRemoteConfig()
 .text._ZN12RemoteConfig10HandleListEv
                0x0000000008001ce4       0xd0 ../lib-remoteconfig/lib_gd32/libremoteconfig.a(remoteconfig.o)
                0x0000000008001ce4                RemoteConfig::HandleList()
 .text._ZN12RemoteConfig13HandleTftpGetEv
                0x0000000008001db4       0x50 ../lib-remoteconfig/lib_gd32/libremoteconfig.a(remoteconfig.o)
                0x0000000008001db4                RemoteConfig::HandleTftpGet()
 .text._ZN12RemoteConfig13HandleVersionEv
                0x0000000008001e04       0x40 ../lib-remoteconfig/lib_gd32/libremoteconfig.a(remoteconfig.o)
                0x0000000008001e04                RemoteConfig::HandleVersion()
 .text._ZN12RemoteConfig12HandleUptimeEv
                0x0000000008001e44       0x4c ../lib-remoteconfig/lib_gd32/libremoteconfig.a(remoteconfig.o)
                0x0000000008001e44                RemoteConfig::HandleUptime()
 .text._ZN7Display10TextStatusEPKc
                0x0000000008001e90       0x7a ../lib-remoteconfig/lib_gd32/libremoteconfig.a(remoteconfig.o)
                0x0000000008001e90                Display::TextStatus(char const*)
 .text._ZN7Display10TextStatusEPKc22Display7SegmentMessagej
                0x0000000008001f0a       0x50 ../lib-remoteconfig/lib_gd32/libremoteconfig.a(remoteconfig.o)
                0x0000000008001f0a                Display::TextStatus(char const*, Display7SegmentMessage, unsigned int)
 *fill*         0x0000000008001f5a        0x2 
 .text._ZN12RemoteConfig13HandleTftpSetEv
                0x0000000008001f5c      0x118 ../lib-remoteconfig/lib_gd32/libremoteconfig.a(remoteconfig.o)
                0x0000000008001f5c                RemoteConfig::HandleTftpSet()
 .text._ZN12RemoteConfigC2EN12remoteconfig4NodeENS0_6OutputEj
                0x0000000008002074       0x6c ../lib-remoteconfig/lib_gd32/libremoteconfig.a(remoteconfig.o)
                0x0000000008002074                RemoteConfig::RemoteConfig(remoteconfig::Node, remoteconfig::Output, unsigned int)
                0x0000000008002074                RemoteConfig::RemoteConfig(remoteconfig::Node, remoteconfig::Output, unsigned int)
 .text._ZN12RemoteConfig10SetDisableEb
                0x00000000080020e0       0x40 ../lib-remoteconfig/lib_gd32/libremoteconfig.a(remoteconfig.o)
                0x00000000080020e0                RemoteConfig::SetDisable(bool)
 .text._ZN12RemoteConfig14SetDisplayNameEPKc
                0x0000000008002120       0x30 ../lib-remoteconfig/lib_gd32/libremoteconfig.a(remoteconfig.o)
                0x0000000008002120                RemoteConfig::SetDisplayName(char const*)
 .text._ZN12RemoteConfig3RunEv
                0x0000000008002150      0x118 ../lib-remoteconfig/lib_gd32/libremoteconfig.a(remoteconfig.o)
                0x0000000008002150                RemoteConfig::Run()
 .text._ZN12RemoteConfig8TftpExitEv
                0x0000000008002268       0x14 ../lib-remoteconfig/lib_gd32/libremoteconfig.a(remoteconfig.o)
                0x0000000008002268                RemoteConfig::TftpExit()
 .text._ZN12RemoteConfig13HandleFactoryEv
                0x000000000800227c       0x1c ../lib-remoteconfig/lib_gd32/libremoteconfig.a(remoteconfigfactory.o)
                0x000000000800227c                RemoteConfig::HandleFactory()
 .text._ZN18RemoteConfigParamsC2EP23RemoteConfigParamsStore
                0x0000000008002298       0x14 ../lib-remoteconfig/lib_gd32/libremoteconfig.a(remoteconfigparams.o)
                0x0000000008002298                RemoteConfigParams::RemoteConfigParams(RemoteConfigParamsStore*)
                0x0000000008002298                RemoteConfigParams::RemoteConfigParams(RemoteConfigParamsStore*)
 .text._ZN18RemoteConfigParams4LoadEv
                0x00000000080022ac       0x18 ../lib-remoteconfig/lib_gd32/libremoteconfig.a(remoteconfigparams.o)
                0x00000000080022ac                RemoteConfigParams::Load()
 .text._ZN18RemoteConfigParams3SetEP12RemoteConfig
                0x00000000080022c4       0x40 ../lib-remoteconfig/lib_gd32/libremoteconfig.a(remoteconfigparams.o)
                0x00000000080022c4                RemoteConfigParams::Set(RemoteConfig*)
 .text._ZN12RemoteConfig12HandleRebootEv
                0x0000000008002304       0xa8 ../lib-remoteconfig/lib_gd32/libremoteconfig.a(remoteconfigreboot.o)
                0x0000000008002304                RemoteConfig::HandleReboot()
 .text._ZN14TFTPFileServer8FileOpenEPKc8TFTPMode
                0x00000000080023ac        0x4 ../lib-remoteconfig/lib_gd32/libremoteconfig.a(tftpfileserver.o)
                0x00000000080023ac                TFTPFileServer::FileOpen(char const*, TFTPMode)
 .text._ZN14TFTPFileServer8FileReadEPvjj
                0x00000000080023b0        0x4 ../lib-remoteconfig/lib_gd32/libremoteconfig.a(tftpfileserver.o)
                0x00000000080023b0                TFTPFileServer::FileRead(void*, unsigned int, unsigned int)
 .text._ZN14TFTPFileServer4ExitEv
                0x00000000080023b4        0xc ../lib-remoteconfig/lib_gd32/libremoteconfig.a(tftpfileserver.o)
                0x00000000080023b4                TFTPFileServer::Exit()
 .text._ZN14TFTPFileServerD2Ev
                0x00000000080023c0       0x14 ../lib-remoteconfig/lib_gd32/libremoteconfig.a(tftpfileserver.o)
                0x00000000080023c0                TFTPFileServer::~TFTPFileServer()
                0x00000000080023c0                TFTPFileServer::~TFTPFileServer()
 .text._ZN14TFTPFileServerD0Ev
                0x00000000080023d4       0x12 ../lib-remoteconfig/lib_gd32/libremoteconfig.a(tftpfileserver.o)
                0x00000000080023d4                TFTPFileServer::~TFTPFileServer()
 .text._ZN14TFTPFileServer9FileWriteEPKvjj
                0x00000000080023e6       0x5a ../lib-remoteconfig/lib_gd32/libremoteconfig.a(tftpfileserver.o)
                0x00000000080023e6                TFTPFileServer::FileWrite(void const*, unsigned int, unsigned int)
 .text._ZN14TFTPFileServer9FileCloseEv
                0x0000000008002440       0x38 ../lib-remoteconfig/lib_gd32/libremoteconfig.a(tftpfileserver.o)
                0x0000000008002440                TFTPFileServer::FileClose()
 .text._ZN14TFTPFileServer10FileCreateEPKc8TFTPMode
                0x0000000008002478       0x5c ../lib-remoteconfig/lib_gd32/libremoteconfig.a(tftpfileserver.o)
                0x0000000008002478                TFTPFileServer::FileCreate(char const*, TFTPMode)
 .text._ZN14TFTPFileServerC2EPhj
                0x00000000080024d4       0x28 ../lib-remoteconfig/lib_gd32/libremoteconfig.a(tftpfileserver.o)
                0x00000000080024d4                TFTPFileServer::TFTPFileServer(unsigned char*, unsigned int)
                0x00000000080024d4                TFTPFileServer::TFTPFileServer(unsigned char*, unsigned int)
 .text._ZN14tftpfileserver8is_validEPKv
                0x00000000080024fc        0x4 ../lib-remoteconfig/lib_gd32/libremoteconfig.a(tftpfileserver.o)
                0x00000000080024fc                tftpfileserver::is_valid(void const*)
 .text._ZN15SpiFlashInstallC2Ev
                0x0000000008002500       0x80 ../lib-spiflashinstall/lib_gd32/libspiflashinstall.a(spiflashinstall.o)
                0x0000000008002500                SpiFlashInstall::SpiFlashInstall()
                0x0000000008002500                SpiFlashInstall::SpiFlashInstall()
 .text._ZN15SpiFlashInstall13WriteFirmwareEPKhj
                0x0000000008002580       0xf4 ../lib-spiflashinstall/lib_gd32/libspiflashinstall.a(spiflashinstall.o)
                0x0000000008002580                SpiFlashInstall::WriteFirmware(unsigned char const*, unsigned int)
 .text.spi_flash_get_name
                0x0000000008002674        0x8 ../lib-spiflash/lib_gd32/libspiflash.a(spi_flash.o)
                0x0000000008002674                spi_flash_get_name
 .text.spi_flash_get_size
                0x000000000800267c        0xc ../lib-spiflash/lib_gd32/libspiflash.a(spi_flash.o)
                0x000000000800267c                spi_flash_get_size
 .text.spi_flash_get_sector_size
                0x0000000008002688        0x6 ../lib-spiflash/lib_gd32/libspiflash.a(spi_flash.o)
                0x0000000008002688                spi_flash_get_sector_size
 .text.spi_flash_probe
                0x000000000800268e        0x4 ../lib-spiflash/lib_gd32/libspiflash.a(spi_flash.o)
                0x000000000800268e                spi_flash_probe
 .text.spi_flash_cmd_read_fast
                0x0000000008002692       0x18 ../lib-spiflash/lib_gd32/libspiflash.a(spi_flash.o)
                0x0000000008002692                spi_flash_cmd_read_fast
 .text.spi_flash_cmd_write_multi
                0x00000000080026aa       0x46 ../lib-spiflash/lib_gd32/libspiflash.a(spi_flash.o)
                0x00000000080026aa                spi_flash_cmd_write_multi
 .text.spi_flash_cmd_erase
                0x00000000080026f0       0x48 ../lib-spiflash/lib_gd32/libspiflash.a(spi_flash.o)
                0x00000000080026f0                spi_flash_cmd_erase
 .text.fmc_sector_info_get
                0x0000000008002738      0x104 ../lib-spiflash/lib_gd32/libspiflash.a(fmc_operation.o)
                0x0000000008002738                fmc_sector_info_get
 .text.net_timers_run
                0x000000000800283c       0x20 ../lib-network/lib_gd32/libnetwork.a(net_timers.o)
                0x000000000800283c                net_timers_run
 .text.rfc3927  0x000000000800285c       0x80 ../lib-network/lib_gd32/libnetwork.a(rfc3927.o)
                0x000000000800285c                rfc3927
 .text.memcpy.isra.0
                0x00000000080028dc       0x14 ../lib-network/lib_gd32/libnetwork.a(tcp.o)
 .text.memcpy.isra.0
                0x00000000080028f0       0x14 ../lib-network/lib_gd32/libnetwork.a(udp.o)
 .text.net_memcpy
                0x0000000008002904       0x3c ../lib-network/lib_gd32/libnetwork.a(udp.o)
                0x0000000008002904                net_memcpy
 .text.udp_set_ip
                0x0000000008002940       0x40 ../lib-network/lib_gd32/libnetwork.a(udp.o)
                0x0000000008002940                udp_set_ip
 .text.udp_bind
                0x0000000008002980       0x3c ../lib-network/lib_gd32/libnetwork.a(udp.o)
                0x0000000008002980                udp_bind
 .text.udp_unbind
                0x00000000080029bc       0x40 ../lib-network/lib_gd32/libnetwork.a(udp.o)
                0x00000000080029bc                udp_unbind
 .text.udp_recv
                0x00000000080029fc       0x6c ../lib-network/lib_gd32/libnetwork.a(udp.o)
                0x00000000080029fc                udp_recv
 .text.udp_recv2
                0x0000000008002a68       0x4c ../lib-network/lib_gd32/libnetwork.a(udp.o)
                0x0000000008002a68                udp_recv2
 .text.udp_send
                0x0000000008002ab4      0x160 ../lib-network/lib_gd32/libnetwork.a(udp.o)
                0x0000000008002ab4                udp_send
 .text._ZN10TFTPDaemonC2Ev
                0x0000000008002c14       0x5c ../lib-network/lib_gd32/libnetwork.a(tftpdaemon.o)
                0x0000000008002c14                TFTPDaemon::TFTPDaemon()
                0x0000000008002c14                TFTPDaemon::TFTPDaemon()
 .text._ZN10TFTPDaemonD2Ev
                0x0000000008002c70       0x28 ../lib-network/lib_gd32/libnetwork.a(tftpdaemon.o)
                0x0000000008002c70                TFTPDaemon::~TFTPDaemon()
                0x0000000008002c70                TFTPDaemon::~TFTPDaemon()
 .text._ZN10TFTPDaemon9SendErrorEtPKc
                0x0000000008002c98       0x4a ../lib-network/lib_gd32/libnetwork.a(tftpdaemon.o)
                0x0000000008002c98                TFTPDaemon::SendError(unsigned short, char const*)
 .text._ZN10TFTPDaemon6DoReadEv
                0x0000000008002ce2       0x7e ../lib-network/lib_gd32/libnetwork.a(tftpdaemon.o)
                0x0000000008002ce2                TFTPDaemon::DoRead()
 .text._ZN10TFTPDaemon13HandleRecvAckEv
                0x0000000008002d60       0x24 ../lib-network/lib_gd32/libnetwork.a(tftpdaemon.o)
                0x0000000008002d60                TFTPDaemon::HandleRecvAck()
 .text._ZN10TFTPDaemon10DoWriteAckEv
                0x0000000008002d84       0x3a ../lib-network/lib_gd32/libnetwork.a(tftpdaemon.o)
                0x0000000008002d84                TFTPDaemon::DoWriteAck()
 *fill*         0x0000000008002dbe        0x2 
 .text._ZN10TFTPDaemon13HandleRequestEv
                0x0000000008002dc0      0x10c ../lib-network/lib_gd32/libnetwork.a(tftpdaemon.o)
                0x0000000008002dc0                TFTPDaemon::HandleRequest()
 .text._ZN10TFTPDaemon14HandleRecvDataEv
                0x0000000008002ecc       0x68 ../lib-network/lib_gd32/libnetwork.a(tftpdaemon.o)
                0x0000000008002ecc                TFTPDaemon::HandleRecvData()
 .text._ZN10TFTPDaemon3RunEv
                0x0000000008002f34       0xac ../lib-network/lib_gd32/libnetwork.a(tftpdaemon.o)
                0x0000000008002f34                TFTPDaemon::Run()
 .text.strncpy.constprop.0.isra.0
                0x0000000008002fe0       0x20 ../lib-network/lib_gd32/libnetwork.a(network.o)
 .text._ZN7NetworkC2Ev
                0x0000000008003000       0x54 ../lib-network/lib_gd32/libnetwork.a(network.o)
                0x0000000008003000                Network::Network()
                0x0000000008003000                Network::Network()
 .text._ZN7Network8ShutdownEv
                0x0000000008003054       0x10 ../lib-network/lib_gd32/libnetwork.a(network.o)
                0x0000000008003054                Network::Shutdown()
 .text._ZN7Network5BeginEt
                0x0000000008003064        0x6 ../lib-network/lib_gd32/libnetwork.a(network.o)
                0x0000000008003064                Network::Begin(unsigned short)
 .text._ZN7Network3EndEt
                0x000000000800306a        0x6 ../lib-network/lib_gd32/libnetwork.a(network.o)
                0x000000000800306a                Network::End(unsigned short)
 .text._ZN7Network16MacAddressCopyToEPh
                0x0000000008003070       0x16 ../lib-network/lib_gd32/libnetwork.a(network.o)
                0x0000000008003070                Network::MacAddressCopyTo(unsigned char*)
 .text._ZN7Network12SetDefaultIpEv
                0x0000000008003086       0x22 ../lib-network/lib_gd32/libnetwork.a(network.o)
                0x0000000008003086                Network::SetDefaultIp()
 .text._ZN7Network4InitEP18NetworkParamsStore
                0x00000000080030a8      0x298 ../lib-network/lib_gd32/libnetwork.a(network.o)
                0x00000000080030a8                Network::Init(NetworkParamsStore*)
 .text._ZN7Network5PrintEv
                0x0000000008003340       0xf8 ../lib-network/lib_gd32/libnetwork.a(network.o)
                0x0000000008003340                Network::Print()
 .text._ZN13NetworkParamsC2EP18NetworkParamsStore
                0x0000000008003438       0x18 ../lib-network/lib_gd32/libnetwork.a(networkparams.o)
                0x0000000008003438                NetworkParams::NetworkParams(NetworkParamsStore*)
                0x0000000008003438                NetworkParams::NetworkParams(NetworkParamsStore*)
 .text._ZN13NetworkParams4LoadEv
                0x0000000008003450       0x18 ../lib-network/lib_gd32/libnetwork.a(networkparams.o)
                0x0000000008003450                NetworkParams::Load()
 .text._ZN13NetworkParams4DumpEv
                0x0000000008003468        0x2 ../lib-network/lib_gd32/libnetwork.a(networkparamsdump.o)
                0x0000000008003468                NetworkParams::Dump()
 .text.memcpy.isra.0
                0x000000000800346a       0x14 ../lib-network/lib_gd32/libnetwork.a(arp.o)
 *fill*         0x000000000800347e        0x2 
 .text.arp_announce
                0x0000000008003480       0x14 ../lib-network/lib_gd32/libnetwork.a(arp.o)
                0x0000000008003480                arp_announce
 .text.arp_handle_request
                0x0000000008003494       0x50 ../lib-network/lib_gd32/libnetwork.a(arp.o)
                0x0000000008003494                arp_handle_request
 .text.arp_handle_reply
                0x00000000080034e4        0x8 ../lib-network/lib_gd32/libnetwork.a(arp.o)
                0x00000000080034e4                arp_handle_reply
 .text.arp_send_request
                0x00000000080034ec       0x14 ../lib-network/lib_gd32/libnetwork.a(arp.o)
                0x00000000080034ec                arp_send_request
 .text.arp_cache_update
                0x0000000008003500       0x50 ../lib-network/lib_gd32/libnetwork.a(arp_cache.o)
                0x0000000008003500                arp_cache_update
 .text.arp_cache_lookup
                0x0000000008003550       0x9c ../lib-network/lib_gd32/libnetwork.a(arp_cache.o)
                0x0000000008003550                arp_cache_lookup
 .text._parse_response
                0x00000000080035ec      0x168 ../lib-network/lib_gd32/libnetwork.a(dhcp.o)
 .text.memcpy.isra.0
                0x0000000008003754       0x14 ../lib-network/lib_gd32/libnetwork.a(dhcp.o)
 .text.dhcp_client
                0x0000000008003768      0x210 ../lib-network/lib_gd32/libnetwork.a(dhcp.o)
                0x0000000008003768                dhcp_client
 .text.dhcp_client_release
                0x0000000008003978       0x5c ../lib-network/lib_gd32/libnetwork.a(dhcp.o)
                0x0000000008003978                dhcp_client_release
 .text.memcpy.isra.0
                0x00000000080039d4       0x14 ../lib-network/lib_gd32/libnetwork.a(igmp.o)
 .text._send_report
                0x00000000080039e8       0x7c ../lib-network/lib_gd32/libnetwork.a(igmp.o)
 .text.igmp_set_ip
                0x0000000008003a64       0x2c ../lib-network/lib_gd32/libnetwork.a(igmp.o)
                0x0000000008003a64                igmp_set_ip
 .text.igmp_timer
                0x0000000008003a90       0x3c ../lib-network/lib_gd32/libnetwork.a(igmp.o)
                0x0000000008003a90                igmp_timer
 .text.igmp_leave
                0x0000000008003acc       0x6c ../lib-network/lib_gd32/libnetwork.a(igmp.o)
                0x0000000008003acc                igmp_leave
 .text.ip_set_ip
                0x0000000008003b38       0x12 ../lib-network/lib_gd32/libnetwork.a(ip.o)
                0x0000000008003b38                ip_set_ip
 .text.net_chksum
                0x0000000008003b4a       0x34 ../lib-network/lib_gd32/libnetwork.a(net_chksum.o)
                0x0000000008003b4a                net_chksum
 .text.memcpy.isra.0
                0x0000000008003b7e       0x14 ../lib-network/lib_gd32/libnetwork.a(icmp.o)
 .text.console_putc
                0x0000000008003b92        0x4 ../lib-hal/lib_gd32/libhal.a(console_uart0.o)
                0x0000000008003b92                console_putc
 .text.console_puts
                0x0000000008003b96        0x4 ../lib-hal/lib_gd32/libhal.a(console_uart0.o)
                0x0000000008003b96                console_puts
 *fill*         0x0000000008003b9a        0x2 
 .text.console_set_fg_color
                0x0000000008003b9c       0x44 ../lib-hal/lib_gd32/libhal.a(console_uart0.o)
                0x0000000008003b9c                console_set_fg_color
 .text.console_error
                0x0000000008003be0       0x24 ../lib-hal/lib_gd32/libhal.a(console_uart0.o)
                0x0000000008003be0                console_error
 .text.console_status
                0x0000000008003c04       0x30 ../lib-hal/lib_gd32/libhal.a(console_uart0.o)
                0x0000000008003c04                console_status
 .text._ZN15FirmwareVersionC2EPKcS1_S1_
                0x0000000008003c34       0x70 ../lib-hal/lib_gd32/libhal.a(firmwareversion.o)
                0x0000000008003c34                FirmwareVersion::FirmwareVersion(char const*, char const*, char const*)
                0x0000000008003c34                FirmwareVersion::FirmwareVersion(char const*, char const*, char const*)
 .text._ZN15FirmwareVersion5PrintEPKc
                0x0000000008003ca4       0x1c ../lib-hal/lib_gd32/libhal.a(firmwareversion.o)
                0x0000000008003ca4                FirmwareVersion::Print(char const*)
 .text._ZN8LedBlinkC2Ev
                0x0000000008003cc0       0x54 ../lib-hal/lib_gd32/libhal.a(ledblink.o)
                0x0000000008003cc0                LedBlink::LedBlink()
                0x0000000008003cc0                LedBlink::LedBlink()
 .text._ZN8LedBlink7SetModeEN8ledblink4ModeE
                0x0000000008003d14       0x64 ../lib-hal/lib_gd32/libhal.a(ledblink.o)
                0x0000000008003d14                LedBlink::SetMode(ledblink::Mode)
 .text._ZN8HardwareC2Ev
                0x0000000008003d78       0xe0 ../lib-hal/lib_gd32/libhal.a(hardware.o)
                0x0000000008003d78                Hardware::Hardware()
                0x0000000008003d78                Hardware::Hardware()
 .text._ZN8Hardware6RebootEv
                0x0000000008003e58       0x7c ../lib-hal/lib_gd32/libhal.a(hardware.o)
                0x0000000008003e58                Hardware::Reboot()
 .text._ZdlPv   0x0000000008003ed4        0x4 ../lib-c++/lib_gd32/libc++.a(delete.o)
                0x0000000008003ed4                operator delete(void*)
 .text._ZdaPv   0x0000000008003ed8        0x4 ../lib-c++/lib_gd32/libc++.a(delete.o)
                0x0000000008003ed8                operator delete[](void*)
 .text._Znwj    0x0000000008003edc        0x4 ../lib-c++/lib_gd32/libc++.a(new.o)
                0x0000000008003edc                operator new(unsigned int)
 .text._Znaj    0x0000000008003ee0        0x4 ../lib-c++/lib_gd32/libc++.a(new.o)
                0x0000000008003ee0                operator new[](unsigned int)
 .text.malloc   0x0000000008003ee4       0x5c ../lib-c/lib_gd32/libc.a(malloc.o)
                0x0000000008003ee4                malloc
 .text.free     0x0000000008003f40       0x34 ../lib-c/lib_gd32/libc.a(malloc.o)
                0x0000000008003f40                free
 .text.memmove  0x0000000008003f74       0x2e ../lib-c/lib_gd32/libc.a(memmove.o)
                0x0000000008003f74                memmove
 .text.memset   0x0000000008003fa2       0x42 ../lib-c/lib_gd32/libc.a(memset.o)
                0x0000000008003fa2                memset
 .text.puts     0x0000000008003fe4       0x10 ../lib-c/lib_gd32/libc.a(puts.o)
                0x0000000008003fe4                puts
 .text.isleapyear
                0x0000000008003ff4       0x2c ../lib-c/lib_gd32/libc.a(time.o)
 .text.getdaysofmonth
                0x0000000008004020       0x20 ../lib-c/lib_gd32/libc.a(time.o)
 .text.mktime   0x0000000008004040       0x98 ../lib-c/lib_gd32/libc.a(time.o)
                0x0000000008004040                mktime
 .text.gettimeofday
                0x00000000080040d8       0x54 ../lib-c/lib_gd32/libc.a(time.o)
                0x00000000080040d8                gettimeofday
 .text.settimeofday
                0x000000000800412c       0x30 ../lib-c/lib_gd32/libc.a(time.o)
                0x000000000800412c                settimeofday
 .text.time     0x000000000800415c       0x16 ../lib-c/lib_gd32/libc.a(time.o)
                0x000000000800415c                time
 *fill*         0x0000000008004172        0x2 
 .text.uart0_init
                0x0000000008004174       0x20 ../lib-gd32/lib_gd32/libgd32.a(gd32_uart0.o)
                0x0000000008004174                uart0_init
 .text.uart0_putc
                0x0000000008004194       0x34 ../lib-gd32/lib_gd32/libgd32.a(gd32_uart0.o)
                0x0000000008004194                uart0_putc
 .text.uart0_puts
                0x00000000080041c8       0x1e ../lib-gd32/lib_gd32/libgd32.a(gd32_uart0.o)
                0x00000000080041c8                uart0_puts
 *fill*         0x00000000080041e6        0x2 
 .text.systick_config
                0x00000000080041e8       0x3c ../lib-gd32/lib_gd32/libgd32.a(systick.o)
                0x00000000080041e8                systick_config
 .text.SysTick_Handler
                0x0000000008004224       0x10 ../lib-gd32/lib_gd32/libgd32.a(systick.o)
                0x0000000008004224                SysTick_Handler
 .text.SystemInit
                0x0000000008004234      0x170 ../lib-gd32/lib_gd32/libgd32.a(system_gd32f4xx.o)
                0x0000000008004234                SystemInit
 .text.fmc_unlock
                0x00000000080043a4       0x24 ../lib-gd32/lib_gd32/libgd32.a(gd32f4xx_fmc.o)
                0x00000000080043a4                fmc_unlock
 .text.fmc_lock
                0x00000000080043c8       0x14 ../lib-gd32/lib_gd32/libgd32.a(gd32f4xx_fmc.o)
                0x00000000080043c8                fmc_lock
 .text.fmc_flag_clear
                0x00000000080043dc        0xc ../lib-gd32/lib_gd32/libgd32.a(gd32f4xx_fmc.o)
                0x00000000080043dc                fmc_flag_clear
 .text.fmc_state_get
                0x00000000080043e8       0x48 ../lib-gd32/lib_gd32/libgd32.a(gd32f4xx_fmc.o)
                0x00000000080043e8                fmc_state_get
 .text.fmc_ready_wait
                0x0000000008004430       0x18 ../lib-gd32/lib_gd32/libgd32.a(gd32f4xx_fmc.o)
                0x0000000008004430                fmc_ready_wait
 .text.fmc_sector_erase
                0x0000000008004448       0x5c ../lib-gd32/lib_gd32/libgd32.a(gd32f4xx_fmc.o)
                0x0000000008004448                fmc_sector_erase
 .text.fmc_word_program
                0x00000000080044a4       0x54 ../lib-gd32/lib_gd32/libgd32.a(gd32f4xx_fmc.o)
                0x00000000080044a4                fmc_word_program
 .text.fwdgt_enable
                0x00000000080044f8       0x10 ../lib-gd32/lib_gd32/libgd32.a(gd32f4xx_fwdgt.o)
                0x00000000080044f8                fwdgt_enable
 .text.fwdgt_counter_reload
                0x0000000008004508       0x10 ../lib-gd32/lib_gd32/libgd32.a(gd32f4xx_fwdgt.o)
                0x0000000008004508                fwdgt_counter_reload
 .text.fwdgt_config
                0x0000000008004518       0x54 ../lib-gd32/lib_gd32/libgd32.a(gd32f4xx_fwdgt.o)
                0x0000000008004518                fwdgt_config
 .text.gpio_mode_set
                0x000000000800456c       0x40 ../lib-gd32/lib_gd32/libgd32.a(gd32f4xx_gpio.o)
                0x000000000800456c                gpio_mode_set
 .text.gpio_output_options_set
                0x00000000080045ac       0x36 ../lib-gd32/lib_gd32/libgd32.a(gd32f4xx_gpio.o)
                0x00000000080045ac                gpio_output_options_set
 .text.gpio_input_bit_get
                0x00000000080045e2        0xc ../lib-gd32/lib_gd32/libgd32.a(gd32f4xx_gpio.o)
                0x00000000080045e2                gpio_input_bit_get
 .text.gpio_af_set
                0x00000000080045ee       0x58 ../lib-gd32/lib_gd32/libgd32.a(gd32f4xx_gpio.o)
                0x00000000080045ee                gpio_af_set
 *fill*         0x0000000008004646        0x2 
 .text.pmu_backup_ldo_config
                0x0000000008004648       0x18 ../lib-gd32/lib_gd32/libgd32.a(gd32f4xx_pmu.o)
                0x0000000008004648                pmu_backup_ldo_config
 .text.pmu_backup_write_enable
                0x0000000008004660       0x10 ../lib-gd32/lib_gd32/libgd32.a(gd32f4xx_pmu.o)
                0x0000000008004660                pmu_backup_write_enable
 .text.rcu_periph_clock_enable
                0x0000000008004670       0x1a ../lib-gd32/lib_gd32/libgd32.a(gd32f4xx_rcu.o)
                0x0000000008004670                rcu_periph_clock_enable
 .text.rcu_periph_clock_disable
                0x000000000800468a       0x1c ../lib-gd32/lib_gd32/libgd32.a(gd32f4xx_rcu.o)
                0x000000000800468a                rcu_periph_clock_disable
 .text.rcu_periph_reset_enable
                0x00000000080046a6        0x4 ../lib-gd32/lib_gd32/libgd32.a(gd32f4xx_rcu.o)
                0x00000000080046a6                rcu_periph_reset_enable
 .text.rcu_periph_reset_disable
                0x00000000080046aa        0x4 ../lib-gd32/lib_gd32/libgd32.a(gd32f4xx_rcu.o)
                0x00000000080046aa                rcu_periph_reset_disable
 *fill*         0x00000000080046ae        0x2 
 .text.rcu_ckout0_config
                0x00000000080046b0       0x18 ../lib-gd32/lib_gd32/libgd32.a(gd32f4xx_rcu.o)
                0x00000000080046b0                rcu_ckout0_config
 .text.rcu_timer_clock_prescaler_config
                0x00000000080046c8       0x20 ../lib-gd32/lib_gd32/libgd32.a(gd32f4xx_rcu.o)
                0x00000000080046c8                rcu_timer_clock_prescaler_config
 .text.rcu_clock_freq_get
                0x00000000080046e8       0xe8 ../lib-gd32/lib_gd32/libgd32.a(gd32f4xx_rcu.o)
                0x00000000080046e8                rcu_clock_freq_get
 .text.timer_deinit
                0x00000000080047d0      0x14c ../lib-gd32/lib_gd32/libgd32.a(gd32f4xx_timer.o)
                0x00000000080047d0                timer_deinit
 .text.timer_init
                0x000000000800491c       0x7c ../lib-gd32/lib_gd32/libgd32.a(gd32f4xx_timer.o)
                0x000000000800491c                timer_init
 .text.timer_enable
                0x0000000008004998        0xa ../lib-gd32/lib_gd32/libgd32.a(gd32f4xx_timer.o)
                0x0000000008004998                timer_enable
 *fill*         0x00000000080049a2        0x2 
 .text.usart_deinit
                0x00000000080049a4       0xc4 ../lib-gd32/lib_gd32/libgd32.a(gd32f4xx_usart.o)
                0x00000000080049a4                usart_deinit
 .text.usart_baudrate_set
                0x0000000008004a68       0x88 ../lib-gd32/lib_gd32/libgd32.a(gd32f4xx_usart.o)
                0x0000000008004a68                usart_baudrate_set
 .text.usart_parity_config
                0x0000000008004af0       0x10 ../lib-gd32/lib_gd32/libgd32.a(gd32f4xx_usart.o)
                0x0000000008004af0                usart_parity_config
 .text.usart_word_length_set
                0x0000000008004b00       0x10 ../lib-gd32/lib_gd32/libgd32.a(gd32f4xx_usart.o)
                0x0000000008004b00                usart_word_length_set
 .text.usart_stop_bit_set
                0x0000000008004b10       0x10 ../lib-gd32/lib_gd32/libgd32.a(gd32f4xx_usart.o)
                0x0000000008004b10                usart_stop_bit_set
 .text.usart_transmit_config
                0x0000000008004b20        0xc ../lib-gd32/lib_gd32/libgd32.a(gd32f4xx_usart.o)
                0x0000000008004b20                usart_transmit_config
 .text.usart_receive_config
                0x0000000008004b2c        0xc ../lib-gd32/lib_gd32/libgd32.a(gd32f4xx_usart.o)
                0x0000000008004b2c                usart_receive_config
 .text.usart_hardware_flow_rts_config
                0x0000000008004b38        0xc ../lib-gd32/lib_gd32/libgd32.a(gd32f4xx_usart.o)
                0x0000000008004b38                usart_hardware_flow_rts_config
 .text.usart_hardware_flow_cts_config
                0x0000000008004b44        0xc ../lib-gd32/lib_gd32/libgd32.a(gd32f4xx_usart.o)
                0x0000000008004b44                usart_hardware_flow_cts_config
 .text.usart_flag_get
                0x0000000008004b50       0x16 ../lib-gd32/lib_gd32/libgd32.a(gd32f4xx_usart.o)
                0x0000000008004b50                usart_flag_get
 *fill*         0x0000000008004b66        0x2 
 .text.emac_eth_recv
                0x0000000008004b68       0x28 ../lib-gd32/lib_gd32/libgd32.a(net.o)
                0x0000000008004b68                emac_eth_recv
 .text.emac_free_pkt
                0x0000000008004b90        0x8 ../lib-gd32/lib_gd32/libgd32.a(net.o)
                0x0000000008004b90                emac_free_pkt
 .text.emac_eth_send
                0x0000000008004b98        0x4 ../lib-gd32/lib_gd32/libgd32.a(net.o)
                0x0000000008004b98                emac_eth_send
 .text._Z14bkp_data_write22bkp_data_register_enumt
                0x0000000008004b9c       0x10 ../lib-gd32/lib_gd32/libgd32.a(bkp.o)
                0x0000000008004b9c                bkp_data_write(bkp_data_register_enum, unsigned short)
 .text._Z13bkp_data_read22bkp_data_register_enum
                0x0000000008004bac       0x14 ../lib-gd32/lib_gd32/libgd32.a(bkp.o)
                0x0000000008004bac                bkp_data_read(bkp_data_register_enum)
 .text._Z13gd32_adc_initv
                0x0000000008004bc0       0x9c ../lib-gd32/lib_gd32/libgd32.a(gd32_adc.o)
                0x0000000008004bc0                gd32_adc_init()
 .text._ZL5_stopv.isra.0
                0x0000000008004c5c       0x24 ../lib-gd32/lib_gd32/libgd32.a(gd32_i2c.o)
 .text.gd32_i2c_begin
                0x0000000008004c80       0x94 ../lib-gd32/lib_gd32/libgd32.a(gd32_i2c.o)
                0x0000000008004c80                gd32_i2c_begin
 .text.gd32_i2c_set_baudrate
                0x0000000008004d14       0x10 ../lib-gd32/lib_gd32/libgd32.a(gd32_i2c.o)
                0x0000000008004d14                gd32_i2c_set_baudrate
 .text.gd32_i2c_set_address
                0x0000000008004d24        0xc ../lib-gd32/lib_gd32/libgd32.a(gd32_i2c.o)
                0x0000000008004d24                gd32_i2c_set_address
 .text.gd32_i2c_write
                0x0000000008004d30       0xcc ../lib-gd32/lib_gd32/libgd32.a(gd32_i2c.o)
                0x0000000008004d30                gd32_i2c_write
 .text.gd32_i2c_read
                0x0000000008004dfc      0x148 ../lib-gd32/lib_gd32/libgd32.a(gd32_i2c.o)
                0x0000000008004dfc                gd32_i2c_read
 .text._Z10_gpio_initj
                0x0000000008004f44      0x260 ../lib-gd32/lib_gd32/libgd32.a(gd32_uart.o)
                0x0000000008004f44                _gpio_init(unsigned int)
 .text.gd32_uart_begin
                0x00000000080051a4      0x120 ../lib-gd32/lib_gd32/libgd32.a(gd32_uart.o)
                0x00000000080051a4                gd32_uart_begin
 .text._Z11micros_initv
                0x00000000080052c4       0x40 ../lib-gd32/lib_gd32/libgd32.a(micros.o)
                0x00000000080052c4                micros_init()
 .text._Z11udelay_initv
                0x0000000008005304       0x28 ../lib-gd32/lib_gd32/libgd32.a(udelay.o)
                0x0000000008005304                udelay_init()
 .text._Z6udelayjj
                0x000000000800532c       0x30 ../lib-gd32/lib_gd32/libgd32.a(udelay.o)
                0x000000000800532c                udelay(unsigned int, unsigned int)
 .text._Z10emac_startPh
                0x000000000800535c      0x220 ../lib-gd32/lib_gd32/libgd32.a(emac.o)
                0x000000000800535c                emac_start(unsigned char*)
 .text._ZN3net18link_register_readEv
                0x000000000800557c       0x22 ../lib-gd32/lib_gd32/libgd32.a(net_link_check.o)
                0x000000000800557c                net::link_register_read()
 *fill*         0x000000000800559e        0x2 
 .text.adc_clock_config
                0x00000000080055a0       0x20 ../lib-gd32/lib_gd32/libgd32.a(gd32f4xx_adc.o)
                0x00000000080055a0                adc_clock_config
 .text.adc_special_function_config
                0x00000000080055c0       0x50 ../lib-gd32/lib_gd32/libgd32.a(gd32f4xx_adc.o)
                0x00000000080055c0                adc_special_function_config
 .text.adc_data_alignment_config
                0x0000000008005610       0x12 ../lib-gd32/lib_gd32/libgd32.a(gd32f4xx_adc.o)
                0x0000000008005610                adc_data_alignment_config
 .text.adc_enable
                0x0000000008005622       0x10 ../lib-gd32/lib_gd32/libgd32.a(gd32f4xx_adc.o)
                0x0000000008005622                adc_enable
 .text.adc_calibration_enable
                0x0000000008005632       0x22 ../lib-gd32/lib_gd32/libgd32.a(gd32f4xx_adc.o)
                0x0000000008005632                adc_calibration_enable
 .text.adc_channel_16_to_18
                0x0000000008005654       0x50 ../lib-gd32/lib_gd32/libgd32.a(gd32f4xx_adc.o)
                0x0000000008005654                adc_channel_16_to_18
 .text.adc_channel_length_config
                0x00000000080056a4       0x3a ../lib-gd32/lib_gd32/libgd32.a(gd32f4xx_adc.o)
                0x00000000080056a4                adc_channel_length_config
 .text.adc_inserted_channel_config
                0x00000000080056de       0x5e ../lib-gd32/lib_gd32/libgd32.a(gd32f4xx_adc.o)
                0x00000000080056de                adc_inserted_channel_config
 .text.adc_external_trigger_config
                0x000000000800573c       0x2c ../lib-gd32/lib_gd32/libgd32.a(gd32f4xx_adc.o)
                0x000000000800573c                adc_external_trigger_config
 .text.adc_software_trigger_enable
                0x0000000008005768       0x1c ../lib-gd32/lib_gd32/libgd32.a(gd32f4xx_adc.o)
                0x0000000008005768                adc_software_trigger_enable
 .text.enet_delay
                0x0000000008005784       0x18 ../lib-gd32/lib_gd32/libgd32.a(gd32f4xx_enet.o)
 .text.enet_software_reset
                0x000000000800579c       0x28 ../lib-gd32/lib_gd32/libgd32.a(gd32f4xx_enet.o)
                0x000000000800579c                enet_software_reset
 .text.enet_descriptors_chain_init
                0x00000000080057c4       0x88 ../lib-gd32/lib_gd32/libgd32.a(gd32f4xx_enet.o)
                0x00000000080057c4                enet_descriptors_chain_init
 .text.enet_frame_receive
                0x000000000800584c       0x98 ../lib-gd32/lib_gd32/libgd32.a(gd32f4xx_enet.o)
                0x000000000800584c                enet_frame_receive
 .text.enet_frame_transmit
                0x00000000080058e4       0x84 ../lib-gd32/lib_gd32/libgd32.a(gd32f4xx_enet.o)
                0x00000000080058e4                enet_frame_transmit
 .text.enet_transmit_checksum_config
                0x0000000008005968        0xc ../lib-gd32/lib_gd32/libgd32.a(gd32f4xx_enet.o)
                0x0000000008005968                enet_transmit_checksum_config
 .text.enet_mac_address_set
                0x0000000008005974       0x14 ../lib-gd32/lib_gd32/libgd32.a(gd32f4xx_enet.o)
                0x0000000008005974                enet_mac_address_set
 .text.enet_rx_enable
                0x0000000008005988       0x1c ../lib-gd32/lib_gd32/libgd32.a(gd32f4xx_enet.o)
                0x0000000008005988                enet_rx_enable
 .text.enet_phy_write_read
                0x00000000080059a4       0x54 ../lib-gd32/lib_gd32/libgd32.a(gd32f4xx_enet.o)
                0x00000000080059a4                enet_phy_write_read
 .text.enet_phy_config
                0x00000000080059f8       0xcc ../lib-gd32/lib_gd32/libgd32.a(gd32f4xx_enet.o)
                0x00000000080059f8                enet_phy_config
 .text.enet_init
                0x0000000008005ac4      0x2f8 ../lib-gd32/lib_gd32/libgd32.a(gd32f4xx_enet.o)
                0x0000000008005ac4                enet_init
 .text.enet_txfifo_flush
                0x0000000008005dbc       0x24 ../lib-gd32/lib_gd32/libgd32.a(gd32f4xx_enet.o)
                0x0000000008005dbc                enet_txfifo_flush
 .text.enet_tx_enable
                0x0000000008005de0       0x24 ../lib-gd32/lib_gd32/libgd32.a(gd32f4xx_enet.o)
                0x0000000008005de0                enet_tx_enable
 .text.enet_enable
                0x0000000008005e04        0xe ../lib-gd32/lib_gd32/libgd32.a(gd32f4xx_enet.o)
                0x0000000008005e04                enet_enable
 *fill*         0x0000000008005e12        0x2 
 .text.enet_desc_information_get
                0x0000000008005e14       0x54 ../lib-gd32/lib_gd32/libgd32.a(gd32f4xx_enet.o)
                0x0000000008005e14                enet_desc_information_get
 .text.enet_rxframe_drop
                0x0000000008005e68       0x64 ../lib-gd32/lib_gd32/libgd32.a(gd32f4xx_enet.o)
                0x0000000008005e68                enet_rxframe_drop
 .text.enet_rxframe_size_get
                0x0000000008005ecc       0x4c ../lib-gd32/lib_gd32/libgd32.a(gd32f4xx_enet.o)
                0x0000000008005ecc                enet_rxframe_size_get
 .text.enet_initpara_reset
                0x0000000008005f18       0x28 ../lib-gd32/lib_gd32/libgd32.a(gd32f4xx_enet.o)
                0x0000000008005f18                enet_initpara_reset
 .text.enet_deinit
                0x0000000008005f40       0x1a ../lib-gd32/lib_gd32/libgd32.a(gd32f4xx_enet.o)
                0x0000000008005f40                enet_deinit
 *fill*         0x0000000008005f5a        0x2 
 .text.i2c_clock_config
                0x0000000008005f5c       0xb8 ../lib-gd32/lib_gd32/libgd32.a(gd32f4xx_i2c.o)
                0x0000000008005f5c                i2c_clock_config
 .text.i2c_ack_config
                0x0000000008006014       0x12 ../lib-gd32/lib_gd32/libgd32.a(gd32f4xx_i2c.o)
                0x0000000008006014                i2c_ack_config
 .text.i2c_ackpos_config
                0x0000000008006026       0x12 ../lib-gd32/lib_gd32/libgd32.a(gd32f4xx_i2c.o)
                0x0000000008006026                i2c_ackpos_config
 .text.i2c_master_addressing
                0x0000000008006038       0x10 ../lib-gd32/lib_gd32/libgd32.a(gd32f4xx_i2c.o)
                0x0000000008006038                i2c_master_addressing
 .text.i2c_enable
                0x0000000008006048        0xa ../lib-gd32/lib_gd32/libgd32.a(gd32f4xx_i2c.o)
                0x0000000008006048                i2c_enable
 .text.i2c_start_on_bus
                0x0000000008006052        0xa ../lib-gd32/lib_gd32/libgd32.a(gd32f4xx_i2c.o)
                0x0000000008006052                i2c_start_on_bus
 .text.i2c_stop_on_bus
                0x000000000800605c        0xa ../lib-gd32/lib_gd32/libgd32.a(gd32f4xx_i2c.o)
                0x000000000800605c                i2c_stop_on_bus
 .text.i2c_data_transmit
                0x0000000008006066        0x4 ../lib-gd32/lib_gd32/libgd32.a(gd32f4xx_i2c.o)
                0x0000000008006066                i2c_data_transmit
 .text.i2c_data_receive
                0x000000000800606a        0x6 ../lib-gd32/lib_gd32/libgd32.a(gd32f4xx_i2c.o)
                0x000000000800606a                i2c_data_receive
 .text.i2c_flag_get
                0x0000000008006070       0x16 ../lib-gd32/lib_gd32/libgd32.a(gd32f4xx_i2c.o)
                0x0000000008006070                i2c_flag_get
 .text.i2c_flag_clear
                0x0000000008006086       0x24 ../lib-gd32/lib_gd32/libgd32.a(gd32f4xx_i2c.o)
                0x0000000008006086                i2c_flag_clear
 *fill*         0x00000000080060aa        0x2 
 .text.syscfg_enet_phy_interface_config
                0x00000000080060ac       0x18 ../lib-gd32/lib_gd32/libgd32.a(gd32f4xx_syscfg.o)
                0x00000000080060ac                syscfg_enet_phy_interface_config
 .text._Z15mac_address_getPh
                0x00000000080060c4       0x24 ../lib-gd32/lib_gd32/libgd32.a(mac_address.o)
                0x00000000080060c4                mac_address_get(unsigned char*)
 *(.glue_7)
 .glue_7        0x00000000080060e8        0x0 linker stubs
 *(.glue_7t)
 .glue_7t       0x00000000080060e8        0x0 linker stubs
 *(.eh_frame)
 *(.init)
 *(.fini)
                0x00000000080060e8                . = ALIGN (0x4)
                0x00000000080060e8                _etext = .

.vfp11_veneer   0x00000000080060e8        0x0
 .vfp11_veneer  0x00000000080060e8        0x0 linker stubs

.v4_bx          0x00000000080060e8        0x0
 .v4_bx         0x00000000080060e8        0x0 linker stubs

.iplt           0x00000000080060e8        0x0
 .iplt          0x00000000080060e8        0x0 build_gd32/startup_gd32f407.o

.rodata         0x00000000080060e8      0xb08
                0x00000000080060e8                . = ALIGN (0x4)
 *(.rodata)
 .rodata        0x00000000080060e8       0x18 ../lib-gd32/lib_gd32/libgd32.a(gd32f4xx_rcu.o)
 *(.rodata*)
 .rodata.main.str1.1
                0x0000000008006100       0x41 build_gd32/firmware/main.o
 .rodata._ZL16SOFTWARE_VERSION
                0x0000000008006141        0x4 build_gd32/firmware/main.o
 .rodata._ZN14NetworkDisplay13ShowEmacStartEv.str1.1
                0x0000000008006145        0xf build_gd32/lib/networkdisplay.o
 .rodata._ZN14NetworkDisplay6ShowIpEv.str1.1
                0x0000000008006154       0x12 build_gd32/lib/networkdisplay.o
 .rodata._ZN14NetworkDisplay12ShowShutdownEv.str1.1
                0x0000000008006166       0x12 build_gd32/lib/networkdisplay.o
 .rodata._ZN14NetworkDisplay14ShowDhcpStatusEN7network4dhcp12ClientStatusE.str1.1
                0x0000000008006178       0x2e build_gd32/lib/networkdisplay.o
 .rodata._ZN7Display9PrintInfoEv.isra.0.str1.1
                0x00000000080061a6       0x11 ../lib-display/lib_gd32/libdisplay.a(display.o)
 .rodata._ZN7Display6DetectEj.str1.1
                0x00000000080061b7        0x8 ../lib-display/lib_gd32/libdisplay.a(display.o)
 .rodata._ZN7Ssd13069PrintInfoEv.str1.1
                0x00000000080061bf       0x13 ../lib-display/lib_gd32/libdisplay.a(ssd1306.o)
                                         0x1b (size before relaxing)
 .rodata._ZN7Ssd130611CheckSH1106Ev.str1.1
                0x00000000080061d2        0x6 ../lib-display/lib_gd32/libdisplay.a(ssd1306.o)
 .rodata._ZL12_OledFont8x6
                0x00000000080061d8      0x2a0 ../lib-display/lib_gd32/libdisplay.a(ssd1306.o)
 .rodata._ZL16oled_128x32_init
                0x0000000008006478       0x18 ../lib-display/lib_gd32/libdisplay.a(ssd1306.o)
 .rodata._ZL16oled_128x64_init
                0x0000000008006490       0x18 ../lib-display/lib_gd32/libdisplay.a(ssd1306.o)
 .rodata._ZTV7Ssd1306
                0x00000000080064a8       0x40 ../lib-display/lib_gd32/libdisplay.a(ssd1306.o)
                0x00000000080064a8                vtable for Ssd1306
 .rodata._ZN13SpiFlashStoreC2Ev.str1.1
                0x00000000080064e8       0x30 ../lib-spiflashstore/lib_gd32/libspiflashstore.a(spiflashstore.o)
 .rodata._ZN13SpiFlashStore5FlashEv.str1.1
                0x0000000008006518       0x1e ../lib-spiflashstore/lib_gd32/libspiflashstore.a(spiflashstore.o)
 *fill*         0x0000000008006536        0x2 
 .rodata._ZL11s_aStorSize
                0x0000000008006538       0x70 ../lib-spiflashstore/lib_gd32/libspiflashstore.a(spiflashstore.o)
 .rodata._ZTV12StoreNetwork
                0x00000000080065a8       0x50 ../lib-spiflashstore/lib_gd32/libspiflashstore.a(storenetwork.o)
                0x00000000080065a8                vtable for StoreNetwork
 .rodata._ZTV17StoreRemoteConfig
                0x00000000080065f8       0x18 ../lib-spiflashstore/lib_gd32/libspiflashstore.a(storeremoteconfig.o)
                0x00000000080065f8                vtable for StoreRemoteConfig
 .rodata._ZN12RemoteConfig10HandleListEv.str1.1
                0x0000000008006610       0x2f ../lib-remoteconfig/lib_gd32/libremoteconfig.a(remoteconfig.o)
 .rodata._ZN12RemoteConfig13HandleTftpGetEv.str1.1
                0x000000000800663f        0x9 ../lib-remoteconfig/lib_gd32/libremoteconfig.a(remoteconfig.o)
                                         0x10 (size before relaxing)
 .rodata._ZN12RemoteConfig13HandleVersionEv.str1.1
                0x0000000008006648        0xb ../lib-remoteconfig/lib_gd32/libremoteconfig.a(remoteconfig.o)
 .rodata._ZN12RemoteConfig12HandleUptimeEv.str1.1
                0x0000000008006653        0xd ../lib-remoteconfig/lib_gd32/libremoteconfig.a(remoteconfig.o)
 .rodata._ZN12RemoteConfig13HandleTftpSetEv.str1.1
                0x0000000008006660       0x43 ../lib-remoteconfig/lib_gd32/libremoteconfig.a(remoteconfig.o)
 .rodata._ZN12RemoteConfig3RunEv.str1.1
                0x00000000080066a3       0x18 ../lib-remoteconfig/lib_gd32/libremoteconfig.a(remoteconfig.o)
 .rodata.str1.1
                0x00000000080066bb       0x31 ../lib-remoteconfig/lib_gd32/libremoteconfig.a(remoteconfig.o)
 .rodata._ZL6s_Node
                0x00000000080066ec       0xb4 ../lib-remoteconfig/lib_gd32/libremoteconfig.a(remoteconfig.o)
 .rodata._ZL8s_Output
                0x00000000080067a0       0x90 ../lib-remoteconfig/lib_gd32/libremoteconfig.a(remoteconfig.o)
 .rodata._ZN12RemoteConfig5s_GETE
                0x0000000008006830       0x70 ../lib-remoteconfig/lib_gd32/libremoteconfig.a(remoteconfig.o)
                0x0000000008006830                RemoteConfig::s_GET
 .rodata._ZN12RemoteConfig12HandleRebootEv.str1.1
                0x00000000080068a0       0x1d ../lib-remoteconfig/lib_gd32/libremoteconfig.a(remoteconfigreboot.o)
 .rodata._ZN14TFTPFileServer9FileCloseEv.str1.1
                0x00000000080068bd       0x17 ../lib-remoteconfig/lib_gd32/libremoteconfig.a(tftpfileserver.o)
 .rodata._ZN14TFTPFileServer10FileCreateEPKc8TFTPMode.str1.1
                0x00000000080068d4       0x1b ../lib-remoteconfig/lib_gd32/libremoteconfig.a(tftpfileserver.o)
 .rodata._ZN14tftpfileserverL9FILE_NAMEE
                0x00000000080068ef        0xd ../lib-remoteconfig/lib_gd32/libremoteconfig.a(tftpfileserver.o)
 .rodata._ZTV14TFTPFileServer
                0x00000000080068fc       0x28 ../lib-remoteconfig/lib_gd32/libremoteconfig.a(tftpfileserver.o)
                0x00000000080068fc                vtable for TFTPFileServer
 .rodata._ZN15SpiFlashInstallC2Ev.str1.1
                0x0000000008006924       0x26 ../lib-spiflashinstall/lib_gd32/libspiflashinstall.a(spiflashinstall.o)
 .rodata._ZN15SpiFlashInstall13WriteFirmwareEPKhj.str1.1
                0x000000000800694a       0x63 ../lib-spiflashinstall/lib_gd32/libspiflashinstall.a(spiflashinstall.o)
 .rodata.spi_flash_get_name.str1.1
                0x00000000080069ad        0xb ../lib-spiflash/lib_gd32/libspiflash.a(spi_flash.o)
 .rodata.udp_bind.str1.1
                0x00000000080069b8        0x5 ../lib-network/lib_gd32/libnetwork.a(udp.o)
 .rodata.udp_unbind.str1.1
                0x00000000080069bd        0x8 ../lib-network/lib_gd32/libnetwork.a(udp.o)
 .rodata.udp_send.str1.1
                0x00000000080069c5       0x39 ../lib-network/lib_gd32/libnetwork.a(udp.o)
 .rodata._ZN10TFTPDaemon13HandleRequestEv.str1.1
                0x00000000080069fe       0x53 ../lib-network/lib_gd32/libnetwork.a(tftpdaemon.o)
 .rodata._ZN10TFTPDaemon14HandleRecvDataEv.str1.1
                0x0000000008006a51        0xd ../lib-network/lib_gd32/libnetwork.a(tftpdaemon.o)
 *fill*         0x0000000008006a5e        0x2 
 .rodata._ZTV10TFTPDaemon
                0x0000000008006a60       0x28 ../lib-network/lib_gd32/libnetwork.a(tftpdaemon.o)
                0x0000000008006a60                vtable for TFTPDaemon
 .rodata._ZN7NetworkC2Ev.str1.1
                0x0000000008006a88        0x5 ../lib-network/lib_gd32/libnetwork.a(network.o)
 .rodata._ZN7Network4InitEP18NetworkParamsStore.str1.1
                0x0000000008006a8d        0xc ../lib-network/lib_gd32/libnetwork.a(network.o)
 .rodata._ZN7Network5PrintEv.str1.1
                0x0000000008006a99       0xd7 ../lib-network/lib_gd32/libnetwork.a(network.o)
 .rodata.console_init.str1.1
                0x0000000008006b70        0xc ../lib-hal/lib_gd32/libhal.a(console_uart0.o)
 .rodata.console_set_fg_color.str1.1
                0x0000000008006b7c       0x1e ../lib-hal/lib_gd32/libhal.a(console_uart0.o)
 .rodata._ZN15FirmwareVersionC2EPKcS1_S1_.str1.1
                0x0000000008006b9a       0x24 ../lib-hal/lib_gd32/libhal.a(firmwareversion.o)
                                         0x2f (size before relaxing)
 *fill*         0x0000000008006bbe        0x2 
 .rodata.days_of_month
                0x0000000008006bc0       0x30 ../lib-c/lib_gd32/libc.a(time.o)
                0x0000000008006bf0                . = ALIGN (0x4)

.ARM.extab
 *(.ARM.extab* .gnu.linkonce.armextab.*)

.ARM            0x0000000008006bf0        0x8
                0x0000000008006bf0                __exidx_start = .
 *(.ARM.exidx*)
 .ARM.exidx.text.__udivmoddi4
                0x0000000008006bf0        0x8 /Applications/ArmGNUToolchain/11.3.rel1/arm-none-eabi/bin/../lib/gcc/arm-none-eabi/11.3.1/thumb/v7e-m+fp/softfp/libgcc.a(_udivmoddi4.o)
                0x0000000008006bf8                __exidx_end = .

.rel.dyn        0x0000000008006bf8        0x0
 .rel.iplt      0x0000000008006bf8        0x0 build_gd32/startup_gd32f407.o

.ARM.attributes
                0x0000000008006bf8       0x33
 *(.ARM.attributes)
 .ARM.attributes
                0x0000000008006bf8       0x21 build_gd32/startup_gd32f407.o
 .ARM.attributes
                0x0000000008006c19       0x32 build_gd32/firmware/main.o
 .ARM.attributes
                0x0000000008006c4b       0x32 build_gd32/lib/networkdisplay.o
 .ARM.attributes
                0x0000000008006c7d       0x32 /Applications/ArmGNUToolchain/11.3.rel1/arm-none-eabi/bin/../lib/gcc/arm-none-eabi/11.3.1/thumb/v7e-m+fp/softfp/libgcc.a(_popcountsi2.o)
 .ARM.attributes
                0x0000000008006caf       0x32 ../lib-c/lib_gd32/libc.a(printf.o)
 .ARM.attributes
                0x0000000008006ce1       0x1e /Applications/ArmGNUToolchain/11.3.rel1/arm-none-eabi/bin/../lib/gcc/arm-none-eabi/11.3.1/thumb/v7e-m+fp/softfp/libgcc.a(_aeabi_uldivmod.o)
 .ARM.attributes
                0x0000000008006cff       0x32 /Applications/ArmGNUToolchain/11.3.rel1/arm-none-eabi/bin/../lib/gcc/arm-none-eabi/11.3.1/thumb/v7e-m+fp/softfp/libgcc.a(_udivmoddi4.o)
 .ARM.attributes
                0x0000000008006d31       0x1e /Applications/ArmGNUToolchain/11.3.rel1/arm-none-eabi/bin/../lib/gcc/arm-none-eabi/11.3.1/thumb/v7e-m+fp/softfp/libgcc.a(_dvmd_tls.o)
 .ARM.attributes
                0x0000000008006d4f       0x32 ../lib-display/lib_gd32/libdisplay.a(display.o)
 .ARM.attributes
                0x0000000008006d81       0x32 ../lib-display/lib_gd32/libdisplay.a(ssd1306.o)
 .ARM.attributes
                0x0000000008006db3       0x32 ../lib-display/lib_gd32/libdisplay.a(display_timeout.o)
 .ARM.attributes
                0x0000000008006de5       0x32 ../lib-spiflashstore/lib_gd32/libspiflashstore.a(spiflashstore.o)
 .ARM.attributes
                0x0000000008006e17       0x32 ../lib-spiflashstore/lib_gd32/libspiflashstore.a(storenetwork.o)
 .ARM.attributes
                0x0000000008006e49       0x32 ../lib-spiflashstore/lib_gd32/libspiflashstore.a(storeremoteconfig.o)
 .ARM.attributes
                0x0000000008006e7b       0x32 ../lib-remoteconfig/lib_gd32/libremoteconfig.a(remoteconfig.o)
 .ARM.attributes
                0x0000000008006ead       0x32 ../lib-remoteconfig/lib_gd32/libremoteconfig.a(remoteconfigfactory.o)
 .ARM.attributes
                0x0000000008006edf       0x32 ../lib-remoteconfig/lib_gd32/libremoteconfig.a(remoteconfigparams.o)
 .ARM.attributes
                0x0000000008006f11       0x32 ../lib-remoteconfig/lib_gd32/libremoteconfig.a(remoteconfigreboot.o)
 .ARM.attributes
                0x0000000008006f43       0x32 ../lib-remoteconfig/lib_gd32/libremoteconfig.a(tftpfileserver.o)
 .ARM.attributes
                0x0000000008006f75       0x32 ../lib-remoteconfig/lib_gd32/libremoteconfig.a(tftpfileserver.o)
 .ARM.attributes
                0x0000000008006fa7       0x32 ../lib-spiflashinstall/lib_gd32/libspiflashinstall.a(spiflashinstall.o)
 .ARM.attributes
                0x0000000008006fd9       0x32 ../lib-spiflashinstall/lib_gd32/libspiflashinstall.a(spiflashinstall.o)
 .ARM.attributes
                0x000000000800700b       0x32 ../lib-spiflash/lib_gd32/libspiflash.a(spi_flash.o)
 .ARM.attributes
                0x000000000800703d       0x32 ../lib-spiflash/lib_gd32/libspiflash.a(fmc_operation.o)
 .ARM.attributes
                0x000000000800706f       0x32 ../lib-network/lib_gd32/libnetwork.a(net.o)
 .ARM.attributes
                0x00000000080070a1       0x32 ../lib-network/lib_gd32/libnetwork.a(net_timers.o)
 .ARM.attributes
                0x00000000080070d3       0x32 ../lib-network/lib_gd32/libnetwork.a(rfc3927.o)
 .ARM.attributes
                0x0000000008007105       0x32 ../lib-network/lib_gd32/libnetwork.a(tcp.o)
 .ARM.attributes
                0x0000000008007137       0x32 ../lib-network/lib_gd32/libnetwork.a(udp.o)
 .ARM.attributes
                0x0000000008007169       0x32 ../lib-network/lib_gd32/libnetwork.a(tftpdaemon.o)
 .ARM.attributes
                0x000000000800719b       0x32 ../lib-network/lib_gd32/libnetwork.a(network.o)
 .ARM.attributes
                0x00000000080071cd       0x32 ../lib-network/lib_gd32/libnetwork.a(networkparams.o)
 .ARM.attributes
                0x00000000080071ff       0x32 ../lib-network/lib_gd32/libnetwork.a(networkparamsdump.o)
 .ARM.attributes
                0x0000000008007231       0x32 ../lib-network/lib_gd32/libnetwork.a(arp.o)
 .ARM.attributes
                0x0000000008007263       0x32 ../lib-network/lib_gd32/libnetwork.a(arp_cache.o)
 .ARM.attributes
                0x0000000008007295       0x32 ../lib-network/lib_gd32/libnetwork.a(dhcp.o)
 .ARM.attributes
                0x00000000080072c7       0x32 ../lib-network/lib_gd32/libnetwork.a(igmp.o)
 .ARM.attributes
                0x00000000080072f9       0x32 ../lib-network/lib_gd32/libnetwork.a(ip.o)
 .ARM.attributes
                0x000000000800732b       0x32 ../lib-network/lib_gd32/libnetwork.a(net_chksum.o)
 .ARM.attributes
                0x000000000800735d       0x32 ../lib-network/lib_gd32/libnetwork.a(icmp.o)
 .ARM.attributes
                0x000000000800738f       0x32 ../lib-hal/lib_gd32/libhal.a(console_uart0.o)
 .ARM.attributes
                0x00000000080073c1       0x32 ../lib-hal/lib_gd32/libhal.a(firmwareversion.o)
 .ARM.attributes
                0x00000000080073f3       0x32 ../lib-hal/lib_gd32/libhal.a(ledblink.o)
 .ARM.attributes
                0x0000000008007425       0x32 ../lib-hal/lib_gd32/libhal.a(hardware.o)
 .ARM.attributes
                0x0000000008007457       0x32 ../lib-c++/lib_gd32/libc++.a(delete.o)
 .ARM.attributes
                0x0000000008007489       0x32 ../lib-c++/lib_gd32/libc++.a(new.o)
 .ARM.attributes
                0x00000000080074bb       0x32 ../lib-c/lib_gd32/libc.a(malloc.o)
 .ARM.attributes
                0x00000000080074ed       0x32 ../lib-c/lib_gd32/libc.a(memmove.o)
 .ARM.attributes
                0x000000000800751f       0x32 ../lib-c/lib_gd32/libc.a(memset.o)
 .ARM.attributes
                0x0000000008007551       0x32 ../lib-c/lib_gd32/libc.a(puts.o)
 .ARM.attributes
                0x0000000008007583       0x32 ../lib-c/lib_gd32/libc.a(time.o)
 .ARM.attributes
                0x00000000080075b5       0x32 ../lib-c/lib_gd32/libc.a(time.o)
 .ARM.attributes
                0x00000000080075e7       0x32 ../lib-gd32/lib_gd32/libgd32.a(gd32_uart0.o)
 .ARM.attributes
                0x0000000008007619       0x32 ../lib-gd32/lib_gd32/libgd32.a(systick.o)
 .ARM.attributes
                0x000000000800764b       0x32 ../lib-gd32/lib_gd32/libgd32.a(system_gd32f4xx.o)
 .ARM.attributes
                0x000000000800767d       0x32 ../lib-gd32/lib_gd32/libgd32.a(gd32f4xx_fmc.o)
 .ARM.attributes
                0x00000000080076af       0x32 ../lib-gd32/lib_gd32/libgd32.a(gd32f4xx_fwdgt.o)
 .ARM.attributes
                0x00000000080076e1       0x32 ../lib-gd32/lib_gd32/libgd32.a(gd32f4xx_gpio.o)
 .ARM.attributes
                0x0000000008007713       0x32 ../lib-gd32/lib_gd32/libgd32.a(gd32f4xx_pmu.o)
 .ARM.attributes
                0x0000000008007745       0x32 ../lib-gd32/lib_gd32/libgd32.a(gd32f4xx_rcu.o)
 .ARM.attributes
                0x0000000008007777       0x32 ../lib-gd32/lib_gd32/libgd32.a(gd32f4xx_timer.o)
 .ARM.attributes
                0x00000000080077a9       0x32 ../lib-gd32/lib_gd32/libgd32.a(gd32f4xx_usart.o)
 .ARM.attributes
                0x00000000080077db       0x32 ../lib-gd32/lib_gd32/libgd32.a(net.o)
 .ARM.attributes
                0x000000000800780d       0x32 ../lib-gd32/lib_gd32/libgd32.a(bkp.o)
 .ARM.attributes
                0x000000000800783f       0x32 ../lib-gd32/lib_gd32/libgd32.a(gd32_adc.o)
 .ARM.attributes
                0x0000000008007871       0x32 ../lib-gd32/lib_gd32/libgd32.a(gd32_i2c.o)
 .ARM.attributes
                0x00000000080078a3       0x32 ../lib-gd32/lib_gd32/libgd32.a(gd32_uart.o)
 .ARM.attributes
                0x00000000080078d5       0x32 ../lib-gd32/lib_gd32/libgd32.a(micros.o)
 .ARM.attributes
                0x0000000008007907       0x32 ../lib-gd32/lib_gd32/libgd32.a(udelay.o)
 .ARM.attributes
                0x0000000008007939       0x32 ../lib-gd32/lib_gd32/libgd32.a(emac.o)
 .ARM.attributes
                0x000000000800796b       0x32 ../lib-gd32/lib_gd32/libgd32.a(net_link_check.o)
 .ARM.attributes
                0x000000000800799d       0x32 ../lib-gd32/lib_gd32/libgd32.a(gd32f4xx_adc.o)
 .ARM.attributes
                0x00000000080079cf       0x32 ../lib-gd32/lib_gd32/libgd32.a(gd32f4xx_enet.o)
 .ARM.attributes
                0x0000000008007a01       0x32 ../lib-gd32/lib_gd32/libgd32.a(gd32f4xx_i2c.o)
 .ARM.attributes
                0x0000000008007a33       0x32 ../lib-gd32/lib_gd32/libgd32.a(gd32f4xx_syscfg.o)
 .ARM.attributes
                0x0000000008007a65       0x32 ../lib-gd32/lib_gd32/libgd32.a(mac_address.o)

.preinit_array  0x0000000008006bf8        0x0
                [!provide]                        PROVIDE (__preinit_array_start = .)
 *(.preinit_array*)
                [!provide]                        PROVIDE (__preinit_array_end = .)

.init_array     0x0000000008006bf8        0x0
                [!provide]                        PROVIDE (__init_array_start = .)
 *(SORT_BY_NAME(.init_array.*))
 *(.init_array*)
                [!provide]                        PROVIDE (__init_array_end = .)

.fini_array     0x0000000008006bf8        0x0
                [!provide]                        PROVIDE (__fini_array_start = .)
 *(.fini_array*)
 *(SORT_BY_NAME(.fini_array.*))
                [!provide]                        PROVIDE (__fini_array_end = .)
                0x0000000008006bf8                _sidata = LOADADDR (.data)

.data           0x0000000020000000       0x70 load address 0x0000000008006bf8
                0x0000000020000000                . = ALIGN (0x4)
                0x0000000020000000                _sdata = .
 *(.data)
 *(.data*)
 .data.s_multicast_mac
                0x0000000020000000        0x6 ../lib-network/lib_gd32/libnetwork.a(udp.o)
 *fill*         0x0000000020000006        0x2 
 .data.next_block
                0x0000000020000008        0x4 ../lib-c/lib_gd32/libc.a(malloc.o)
 .data.s_block_bucket
                0x000000002000000c       0x60 ../lib-c/lib_gd32/libc.a(malloc.o)
 .data.SystemCoreClock
                0x000000002000006c        0x4 ../lib-gd32/lib_gd32/libgd32.a(system_gd32f4xx.o)
                0x000000002000006c                SystemCoreClock
                0x0000000020000070                . = ALIGN (0x4)
                0x0000000020000070                _edata = .

.igot.plt       0x0000000020000070        0x0 load address 0x0000000008006c68
 .igot.plt      0x0000000020000070        0x0 build_gd32/startup_gd32f407.o
                0x0000000020000070                . = ALIGN (0x4)

.bss            0x0000000020000070     0x43cc load address 0x0000000008006c68
                0x0000000020000070                _sbss = .
                0x0000000020000070                __bss_start__ = _sbss
 *(.bss)
 *(.bss*)
 .bss.outptr    0x0000000020000070        0x4 ../lib-c/lib_gd32/libc.a(printf.o)
 .bss._ZN7Display7s_pThisE
                0x0000000020000074        0x4 ../lib-display/lib_gd32/libdisplay.a(display.o)
                0x0000000020000074                Display::s_pThis
 .bss._ZL12_ClearBuffer
                0x0000000020000078       0x86 ../lib-display/lib_gd32/libdisplay.a(ssd1306.o)
 *fill*         0x00000000200000fe        0x2 
 .bss._ZN7Ssd13067s_pThisE
                0x0000000020000100        0x4 ../lib-display/lib_gd32/libdisplay.a(ssd1306.o)
                0x0000000020000100                Ssd1306::s_pThis
 .bss._ZN13SpiFlashStore14s_SpiFlashDataE
                0x0000000020000104     0x1000 ../lib-spiflashstore/lib_gd32/libspiflashstore.a(spiflashstore.o)
                0x0000000020000104                SpiFlashStore::s_SpiFlashData
 .bss._ZN13SpiFlashStore15s_nStartAddressE
                0x0000000020001104        0x4 ../lib-spiflashstore/lib_gd32/libspiflashstore.a(spiflashstore.o)
                0x0000000020001104                SpiFlashStore::s_nStartAddress
 .bss._ZN13SpiFlashStore16s_bHaveFlashChipE
                0x0000000020001108        0x1 ../lib-spiflashstore/lib_gd32/libspiflashstore.a(spiflashstore.o)
                0x0000000020001108                SpiFlashStore::s_bHaveFlashChip
 *fill*         0x0000000020001109        0x3 
 .bss._ZN13SpiFlashStore20s_nSpiFlashStoreSizeE
                0x000000002000110c        0x4 ../lib-spiflashstore/lib_gd32/libspiflashstore.a(spiflashstore.o)
                0x000000002000110c                SpiFlashStore::s_nSpiFlashStoreSize
 .bss._ZN13SpiFlashStore7s_StateE
                0x0000000020001110        0x4 ../lib-spiflashstore/lib_gd32/libspiflashstore.a(spiflashstore.o)
                0x0000000020001110                SpiFlashStore::s_State
 .bss._ZN13SpiFlashStore7s_pThisE
                0x0000000020001114        0x4 ../lib-spiflashstore/lib_gd32/libspiflashstore.a(spiflashstore.o)
                0x0000000020001114                SpiFlashStore::s_pThis
 .bss._ZN13SpiFlashStore8s_bIsNewE
                0x0000000020001118        0x1 ../lib-spiflashstore/lib_gd32/libspiflashstore.a(spiflashstore.o)
                0x0000000020001118                SpiFlashStore::s_bIsNew
 *fill*         0x0000000020001119        0x3 
 .bss._ZN12StoreNetwork7s_pThisE
                0x000000002000111c        0x4 ../lib-spiflashstore/lib_gd32/libspiflashstore.a(storenetwork.o)
                0x000000002000111c                StoreNetwork::s_pThis
 .bss._ZN17StoreRemoteConfig7s_pThisE
                0x0000000020001120        0x4 ../lib-spiflashstore/lib_gd32/libspiflashstore.a(storeremoteconfig.o)
                0x0000000020001120                StoreRemoteConfig::s_pThis
 .bss._ZN12RemoteConfig12s_pUdpBufferE
                0x0000000020001124        0x4 ../lib-remoteconfig/lib_gd32/libremoteconfig.a(remoteconfig.o)
                0x0000000020001124                RemoteConfig::s_pUdpBuffer
 .bss._ZN12RemoteConfig21s_RemoteConfigListBinE
                0x0000000020001128       0x21 ../lib-remoteconfig/lib_gd32/libremoteconfig.a(remoteconfig.o)
                0x0000000020001128                RemoteConfig::s_RemoteConfigListBin
 *fill*         0x0000000020001149        0x3 
 .bss._ZN12RemoteConfig7s_pThisE
                0x000000002000114c        0x4 ../lib-remoteconfig/lib_gd32/libremoteconfig.a(remoteconfig.o)
                0x000000002000114c                RemoteConfig::s_pThis
 .bss._ZN15SpiFlashInstall7s_pThisE
                0x0000000020001150        0x4 ../lib-spiflashinstall/lib_gd32/libspiflashinstall.a(spiflashinstall.o)
                0x0000000020001150                SpiFlashInstall::s_pThis
 .bss.g_ip_info